Component: ARM Compiler 5.05 update 1 (build 106) Tool: armlink [4d0efa]

==============================================================================

Section Cross References

    main.o(i.main) refers to main.o(i.main_init) for main_init
    main.o(i.main) refers to gesture.o(i.gesture_handle) for gesture_handle
    main.o(i.main) refers to delay.o(i.delay_ms) for delay_ms
    main.o(i.main) refers to bus.o(i.upload_buf_gesture_frame) for upload_buf_gesture_frame
    main.o(i.main) refers to bus.o(i.upload_gesture_handle) for upload_gesture_handle
    main.o(i.main_init) refers to misc.o(i.NVIC_PriorityGroupConfig) for NVIC_PriorityGroupConfig
    main.o(i.main_init) refers to delay.o(i.delay_init) for delay_init
    main.o(i.main_init) refers to led.o(i.LED_Init) for LED_Init
    main.o(i.main_init) refers to key.o(i.KEY_init) for KEY_init
    main.o(i.main_init) refers to pressure_sensor.o(i.press_sensor_adc_init) for press_sensor_adc_init
    main.o(i.main_init) refers to usart.o(i.uart_init) for uart_init
    main.o(i.main_init) refers to usart.o(i.uart2_gesture_init) for uart2_gesture_init
    main.o(i.main_init) refers to usart.o(i.uart3_init) for uart3_init
    main.o(i.main_init) refers to timer.o(i.TIM3_Int_Init) for TIM3_Int_Init
    main.o(i.main_init) refers to timer.o(i.TIM4_Int_Init) for TIM4_Int_Init
    main.o(i.main_init) refers to bc95.o(i.CDP_Init) for CDP_Init
    main.o(i.main_init) refers to bc95.o(i.BC95_Init) for BC95_Init
    main.o(i.main_init) refers to bus.o(i.upload_init) for upload_init
    main.o(i.main_init) refers to usart.o(i.uart2_enable) for uart2_enable
    bc95.o(i.BC95_Init) refers to printf2.o(i.__0printf$2) for __2printf
    bc95.o(i.BC95_Init) refers to delay.o(i.Delay) for Delay
    bc95.o(i.BC95_Init) refers to strstr.o(.text) for strstr
    bc95.o(i.BC95_Init) refers to bc95.o(i.Clear_Buffer) for Clear_Buffer
    bc95.o(i.BC95_Init) refers to bc95.o(i.copy_buf) for copy_buf
    bc95.o(i.BC95_Init) refers to usart.o(i.Uart1_SendStr) for Uart1_SendStr
    bc95.o(i.BC95_Init) refers to usart.o(.bss) for RxBuffer
    bc95.o(i.BC95_Init) refers to bc95.o(.data) for strx
    bc95.o(i.BC95_Init) refers to bc95.o(.bss) for BC95_Status
    bc95.o(i.BC95_RECCOAPData) refers to strstr.o(.text) for strstr
    bc95.o(i.BC95_RECCOAPData) refers to usart.o(i.Uart1_SendStr) for Uart1_SendStr
    bc95.o(i.BC95_RECCOAPData) refers to bc95.o(i.Clear_Buffer) for Clear_Buffer
    bc95.o(i.BC95_RECCOAPData) refers to usart.o(.bss) for RxBuffer
    bc95.o(i.BC95_RECCOAPData) refers to bc95.o(.data) for strx
    bc95.o(i.BC95_SendCOAPdata) refers to printf2.o(i.__0printf$2) for __2printf
    bc95.o(i.BC95_SendCOAPdata) refers to delay.o(i.Delay) for Delay
    bc95.o(i.BC95_SendCOAPdata) refers to strstr.o(.text) for strstr
    bc95.o(i.BC95_SendCOAPdata) refers to usart.o(i.Uart1_SendStr) for Uart1_SendStr
    bc95.o(i.BC95_SendCOAPdata) refers to bc95.o(i.Clear_Buffer) for Clear_Buffer
    bc95.o(i.BC95_SendCOAPdata) refers to bc95.o(i.BC95_SendCOAPdata_try) for BC95_SendCOAPdata_try
    bc95.o(i.BC95_SendCOAPdata) refers to usart.o(.bss) for RxBuffer
    bc95.o(i.BC95_SendCOAPdata) refers to bc95.o(.data) for strx
    bc95.o(i.BC95_SendCOAPdata_try) refers to printf2.o(i.__0printf$2) for __2printf
    bc95.o(i.BC95_SendCOAPdata_try) refers to delay.o(i.Delay) for Delay
    bc95.o(i.BC95_SendCOAPdata_try) refers to strstr.o(.text) for strstr
    bc95.o(i.BC95_SendCOAPdata_try) refers to usart.o(i.Uart1_SendStr) for Uart1_SendStr
    bc95.o(i.BC95_SendCOAPdata_try) refers to bc95.o(i.Clear_Buffer) for Clear_Buffer
    bc95.o(i.BC95_SendCOAPdata_try) refers to usart.o(.bss) for RxBuffer
    bc95.o(i.BC95_SendCOAPdata_try) refers to bc95.o(.data) for strx
    bc95.o(i.CDP_Init) refers to printf2.o(i.__0printf$2) for __2printf
    bc95.o(i.CDP_Init) refers to delay.o(i.Delay) for Delay
    bc95.o(i.CDP_Init) refers to strstr.o(.text) for strstr
    bc95.o(i.CDP_Init) refers to bc95.o(i.Clear_Buffer) for Clear_Buffer
    bc95.o(i.CDP_Init) refers to usart.o(.bss) for RxBuffer
    bc95.o(i.CDP_Init) refers to bc95.o(.data) for strx
    bc95.o(i.CDP_Init) refers to bc95.o(.bss) for BC95_Status
    bc95.o(i.Clear_Buffer) refers to usart.o(i.Uart1_SendStr) for Uart1_SendStr
    bc95.o(i.Clear_Buffer) refers to usart.o(.bss) for RxBuffer
    bc95.o(i.Clear_Buffer) refers to usart.o(.data) for RxCounter
    bc95.o(i.copy_buf) refers to usart.o(i.Uart1_SendStr) for Uart1_SendStr
    stm32l1xx_adc.o(i.ADC_DeInit) refers to stm32l1xx_rcc.o(i.RCC_APB2PeriphResetCmd) for RCC_APB2PeriphResetCmd
    stm32l1xx_aes.o(i.AES_DeInit) refers to stm32l1xx_rcc.o(i.RCC_AHBPeriphResetCmd) for RCC_AHBPeriphResetCmd
    stm32l1xx_gpio.o(i.GPIO_DeInit) refers to stm32l1xx_rcc.o(i.RCC_AHBPeriphResetCmd) for RCC_AHBPeriphResetCmd
    stm32l1xx_lcd.o(i.LCD_DeInit) refers to stm32l1xx_rcc.o(i.RCC_APB1PeriphResetCmd) for RCC_APB1PeriphResetCmd
[...]
    mallocra.o(i.__aligned_malloc$realloc) refers to mvars.o(.data) for __microlib_freelist
    mallocra.o(i.__free$realloc$memalign) refers to mvars.o(.data) for __microlib_freelist
    mallocra.o(i.__malloc$realloc$memalign) refers to mallocra.o(i.__aligned_malloc$realloc) for __aligned_malloc$realloc
    mallocra.o(i.__realloc$memalign) refers to mallocra.o(i.__free$realloc$memalign) for __free$realloc$memalign
    mallocra.o(i.__realloc$memalign) refers to mallocra.o(i.internal_alloc) for internal_alloc
    mallocra.o(i.__realloc$memalign) refers to mallocra.o(i.__malloc$realloc$memalign) for __malloc$realloc$memalign
    mallocra.o(i.__realloc$memalign) refers to mvars.o(.data) for __microlib_freelist
    mallocra.o(i.internal_alloc) refers to memcpya.o(.text) for __aeabi_memcpy
    mallocra.o(i.internal_alloc) refers to mvars.o(.data) for __microlib_freelist
    entry2.o(.ARM.Collect$$$$00000001) refers to entry2.o(.ARM.Collect$$$$00002712) for __lit__00000000
    entry2.o(.ARM.Collect$$$$00002712) refers to startup_stm32l1xx_md.o(STACK) for __initial_sp
    entry2.o(__vectab_stack_and_reset_area) refers to startup_stm32l1xx_md.o(STACK) for __initial_sp
    entry2.o(__vectab_stack_and_reset_area) refers to entry.o(.ARM.Collect$$$$00000000) for __main
    entry5.o(.ARM.Collect$$$$00000004) refers to init.o(.text) for __scatterload
    entry9a.o(.ARM.Collect$$$$0000000B) refers to main.o(i.main) for main
    entry9b.o(.ARM.Collect$$$$0000000C) refers to main.o(i.main) for main
    uldiv.o(.text) refers to llushr.o(.text) for __aeabi_llsr
    uldiv.o(.text) refers to llshl.o(.text) for __aeabi_llsl
    dadd.o(.text) refers to llshl.o(.text) for __aeabi_llsl
    dadd.o(.text) refers to llsshr.o(.text) for __aeabi_lasr
    dadd.o(.text) refers to depilogue.o(.text) for _double_epilogue
    dmul.o(.text) refers to depilogue.o(.text) for _double_epilogue
    ddiv.o(.text) refers to depilogue.o(.text) for _double_round
    dfixul.o(.text) refers to llushr.o(.text) for __aeabi_llsr
    dfixul.o(.text) refers to llshl.o(.text) for __aeabi_llsl
    init.o(.text) refers to entry5.o(.ARM.Collect$$$$00000004) for __main_after_scatterload
    depilogue.o(.text) refers to llshl.o(.text) for __aeabi_llsl
    depilogue.o(.text) refers to llushr.o(.text) for __aeabi_llsr


==============================================================================

Removing Unused input sections from the image.

    Removing main.o(.rev16_text), (4 bytes).
    Removing main.o(.revsh_text), (4 bytes).
    Removing stm32l1xx_it.o(.rev16_text), (4 bytes).
    Removing stm32l1xx_it.o(.revsh_text), (4 bytes).
    Removing bc95.o(.rev16_text), (4 bytes).
    Removing bc95.o(.revsh_text), (4 bytes).
    Removing misc.o(.rev16_text), (4 bytes).
    Removing misc.o(.revsh_text), (4 bytes).
    Removing misc.o(i.NVIC_SetVectorTable), (20 bytes).
    Removing misc.o(i.NVIC_SystemLPConfig), (32 bytes).
    Removing stm32l1xx_adc.o(.rev16_text), (4 bytes).
    Removing stm32l1xx_adc.o(.revsh_text), (4 bytes).
    Removing stm32l1xx_adc.o(i.ADC_AnalogWatchdogCmd), (20 bytes).
    Removing stm32l1xx_adc.o(i.ADC_AnalogWatchdogSingleChannelConfig), (16 bytes).
    Removing stm32l1xx_adc.o(i.ADC_AnalogWatchdogThresholdsConfig), (6 bytes).
    Removing stm32l1xx_adc.o(i.ADC_AutoInjectedConvCmd), (22 bytes).
    Removing stm32l1xx_adc.o(i.ADC_BankSelection), (22 bytes).
    Removing stm32l1xx_adc.o(i.ADC_ClearFlag), (6 bytes).
    Removing stm32l1xx_adc.o(i.ADC_ClearITPendingBit), (10 bytes).
    Removing stm32l1xx_adc.o(i.ADC_CommonInit), (28 bytes).
    Removing stm32l1xx_adc.o(i.ADC_CommonStructInit), (6 bytes).
    Removing stm32l1xx_adc.o(i.ADC_ContinuousModeCmd), (22 bytes).
    Removing stm32l1xx_adc.o(i.ADC_DMACmd), (22 bytes).
    Removing stm32l1xx_adc.o(i.ADC_DMARequestAfterLastTransferCmd), (22 bytes).
    Removing stm32l1xx_adc.o(i.ADC_DelaySelectionConfig), (16 bytes).
    Removing stm32l1xx_adc.o(i.ADC_DiscModeChannelCountConfig), (24 bytes).
    Removing stm32l1xx_adc.o(i.ADC_DiscModeCmd), (22 bytes).
    Removing stm32l1xx_adc.o(i.ADC_EOCOnEachRegularChannelCmd), (22 bytes).
    Removing stm32l1xx_adc.o(i.ADC_ExternalTrigInjectedConvConfig), (16 bytes).
    Removing stm32l1xx_adc.o(i.ADC_ExternalTrigInjectedConvEdgeConfig), (16 bytes).
    Removing stm32l1xx_adc.o(i.ADC_GetConversionValue), (8 bytes).
    Removing stm32l1xx_adc.o(i.ADC_GetITStatus), (38 bytes).
    Removing stm32l1xx_adc.o(i.ADC_GetInjectedConversionValue), (28 bytes).
    Removing stm32l1xx_adc.o(i.ADC_GetSoftwareStartConvStatus), (20 bytes).
    Removing stm32l1xx_adc.o(i.ADC_GetSoftwareStartInjectedConvCmdStatus), (20 bytes).
    Removing stm32l1xx_adc.o(i.ADC_ITConfig), (32 bytes).
    Removing stm32l1xx_adc.o(i.ADC_InjectedChannelConfig), (210 bytes).
    Removing stm32l1xx_adc.o(i.ADC_InjectedDiscModeCmd), (22 bytes).
    Removing stm32l1xx_adc.o(i.ADC_InjectedSequencerLengthConfig), (24 bytes).
    Removing stm32l1xx_adc.o(i.ADC_PowerDownCmd), (18 bytes).
    Removing stm32l1xx_adc.o(i.ADC_RegularChannelConfig), (344 bytes).
    Removing stm32l1xx_adc.o(i.ADC_SetInjectedOffset), (20 bytes).
    Removing stm32l1xx_adc.o(i.ADC_SoftwareStartConv), (10 bytes).
    Removing stm32l1xx_adc.o(i.ADC_SoftwareStartInjectedConv), (10 bytes).
    Removing stm32l1xx_adc.o(i.ADC_StructInit), (26 bytes).
    Removing stm32l1xx_adc.o(i.ADC_TempSensorVrefintCmd), (36 bytes).
    Removing stm32l1xx_aes.o(.rev16_text), (4 bytes).
    Removing stm32l1xx_aes.o(.revsh_text), (4 bytes).
    Removing stm32l1xx_aes.o(i.AES_ClearFlag), (36 bytes).
    Removing stm32l1xx_aes.o(i.AES_ClearITPendingBit), (20 bytes).
    Removing stm32l1xx_aes.o(i.AES_Cmd), (36 bytes).
    Removing stm32l1xx_aes.o(i.AES_DMAConfig), (32 bytes).
    Removing stm32l1xx_aes.o(i.AES_DeInit), (22 bytes).
    Removing stm32l1xx_aes.o(i.AES_GetFlagStatus), (24 bytes).
    Removing stm32l1xx_aes.o(i.AES_GetITStatus), (80 bytes).
    Removing stm32l1xx_aes.o(i.AES_ITConfig), (32 bytes).
    Removing stm32l1xx_aes.o(i.AES_IVInit), (24 bytes).
    Removing stm32l1xx_aes.o(i.AES_IVStructInit), (12 bytes).
    Removing stm32l1xx_aes.o(i.AES_Init), (32 bytes).
    Removing stm32l1xx_aes.o(i.AES_KeyInit), (24 bytes).
    Removing stm32l1xx_aes.o(i.AES_KeyStructInit), (12 bytes).
    Removing stm32l1xx_aes.o(i.AES_ReadIV), (32 bytes).
    Removing stm32l1xx_aes.o(i.AES_ReadKey), (32 bytes).
    Removing stm32l1xx_aes.o(i.AES_ReadSubData), (12 bytes).
    Removing stm32l1xx_aes.o(i.AES_StructInit), (10 bytes).
    Removing stm32l1xx_aes.o(i.AES_WriteSubData), (12 bytes).
    Removing stm32l1xx_comp.o(.rev16_text), (4 bytes).
    Removing stm32l1xx_comp.o(.revsh_text), (4 bytes).
    Removing stm32l1xx_comp.o(i.COMP_Cmd), (36 bytes).
    Removing stm32l1xx_comp.o(i.COMP_DeInit), (12 bytes).
    Removing stm32l1xx_comp.o(i.COMP_GetOutputLevel), (48 bytes).
    Removing stm32l1xx_comp.o(i.COMP_Init), (36 bytes).
    Removing stm32l1xx_comp.o(i.COMP_SW1SwitchConfig), (36 bytes).
    Removing stm32l1xx_comp.o(i.COMP_VrefintOutputCmd), (36 bytes).
    Removing stm32l1xx_comp.o(i.COMP_WindowCmd), (36 bytes).
    Removing stm32l1xx_crc.o(.rev16_text), (4 bytes).
    Removing stm32l1xx_crc.o(.revsh_text), (4 bytes).
    Removing stm32l1xx_crc.o(i.CRC_CalcBlockCRC), (36 bytes).
    Removing stm32l1xx_crc.o(i.CRC_CalcCRC), (16 bytes).
    Removing stm32l1xx_crc.o(i.CRC_GetCRC), (12 bytes).
    Removing stm32l1xx_crc.o(i.CRC_GetIDRegister), (12 bytes).
    Removing stm32l1xx_crc.o(i.CRC_ResetDR), (12 bytes).
    Removing stm32l1xx_crc.o(i.CRC_SetIDRegister), (12 bytes).
    Removing stm32l1xx_dbgmcu.o(.rev16_text), (4 bytes).
    Removing stm32l1xx_dbgmcu.o(.revsh_text), (4 bytes).
    Removing stm32l1xx_dbgmcu.o(i.DBGMCU_APB1PeriphConfig), (32 bytes).
    Removing stm32l1xx_dbgmcu.o(i.DBGMCU_APB2PeriphConfig), (32 bytes).
    Removing stm32l1xx_dbgmcu.o(i.DBGMCU_Config), (32 bytes).
    Removing stm32l1xx_dbgmcu.o(i.DBGMCU_GetDEVID), (16 bytes).
    Removing stm32l1xx_dbgmcu.o(i.DBGMCU_GetREVID), (12 bytes).
    Removing stm32l1xx_exti.o(.rev16_text), (4 bytes).
    Removing stm32l1xx_exti.o(.revsh_text), (4 bytes).
    Removing stm32l1xx_exti.o(i.EXTI_ClearFlag), (12 bytes).
    Removing stm32l1xx_exti.o(i.EXTI_ClearITPendingBit), (12 bytes).
    Removing stm32l1xx_exti.o(i.EXTI_DeInit), (36 bytes).
    Removing stm32l1xx_exti.o(i.EXTI_GenerateSWInterrupt), (16 bytes).
    Removing stm32l1xx_exti.o(i.EXTI_GetFlagStatus), (24 bytes).
    Removing stm32l1xx_exti.o(i.EXTI_GetITStatus), (24 bytes).
    Removing stm32l1xx_exti.o(i.EXTI_Init), (148 bytes).
    Removing stm32l1xx_exti.o(i.EXTI_StructInit), (16 bytes).
    Removing stm32l1xx_gpio.o(.rev16_text), (4 bytes).
    Removing stm32l1xx_gpio.o(.revsh_text), (4 bytes).
    Removing stm32l1xx_gpio.o(i.GPIO_DeInit), (228 bytes).
    Removing stm32l1xx_gpio.o(i.GPIO_PinLockConfig), (34 bytes).
    Removing stm32l1xx_gpio.o(i.GPIO_ReadInputData), (6 bytes).
    Removing stm32l1xx_gpio.o(i.GPIO_ReadOutputData), (6 bytes).
    Removing stm32l1xx_gpio.o(i.GPIO_ReadOutputDataBit), (18 bytes).
    Removing stm32l1xx_gpio.o(i.GPIO_ResetBits), (4 bytes).
    Removing stm32l1xx_gpio.o(i.GPIO_StructInit), (18 bytes).
    Removing stm32l1xx_gpio.o(i.GPIO_Write), (4 bytes).
    Removing stm32l1xx_gpio.o(i.GPIO_WriteBit), (10 bytes).
    Removing stm32l1xx_iwdg.o(.rev16_text), (4 bytes).
    Removing stm32l1xx_iwdg.o(.revsh_text), (4 bytes).
    Removing stm32l1xx_iwdg.o(i.IWDG_Enable), (16 bytes).
    Removing stm32l1xx_iwdg.o(i.IWDG_GetFlagStatus), (24 bytes).
    Removing stm32l1xx_iwdg.o(i.IWDG_ReloadCounter), (16 bytes).
    Removing stm32l1xx_iwdg.o(i.IWDG_SetPrescaler), (12 bytes).
    Removing stm32l1xx_iwdg.o(i.IWDG_SetReload), (12 bytes).
    Removing stm32l1xx_iwdg.o(i.IWDG_WriteAccessCmd), (12 bytes).
    Removing stm32l1xx_lcd.o(.rev16_text), (4 bytes).
    Removing stm32l1xx_lcd.o(.revsh_text), (4 bytes).
    Removing stm32l1xx_lcd.o(i.LCD_BlinkConfig), (32 bytes).
    Removing stm32l1xx_lcd.o(i.LCD_ClearFlag), (12 bytes).
    Removing stm32l1xx_lcd.o(i.LCD_ClearITPendingBit), (12 bytes).
    Removing stm32l1xx_lcd.o(i.LCD_Cmd), (12 bytes).
    Removing stm32l1xx_lcd.o(i.LCD_ContrastConfig), (28 bytes).
    Removing stm32l1xx_lcd.o(i.LCD_DeInit), (22 bytes).
    Removing stm32l1xx_lcd.o(i.LCD_DeadTimeConfig), (28 bytes).
    Removing stm32l1xx_lcd.o(i.LCD_GetFlagStatus), (24 bytes).
    Removing stm32l1xx_lcd.o(i.LCD_GetITStatus), (44 bytes).
    Removing stm32l1xx_lcd.o(i.LCD_HighDriveCmd), (12 bytes).
    Removing stm32l1xx_lcd.o(i.LCD_ITConfig), (32 bytes).
    Removing stm32l1xx_lcd.o(i.LCD_Init), (84 bytes).
    Removing stm32l1xx_lcd.o(i.LCD_MuxSegmentCmd), (12 bytes).
    Removing stm32l1xx_lcd.o(i.LCD_PulseOnDurationConfig), (28 bytes).
    Removing stm32l1xx_lcd.o(i.LCD_StructInit), (14 bytes).
    Removing stm32l1xx_lcd.o(i.LCD_UpdateDisplayRequest), (12 bytes).
    Removing stm32l1xx_lcd.o(i.LCD_WaitForSynchro), (32 bytes).
    Removing stm32l1xx_lcd.o(i.LCD_Write), (12 bytes).
    Removing stm32l1xx_opamp.o(.rev16_text), (4 bytes).
    Removing stm32l1xx_opamp.o(.revsh_text), (4 bytes).
    Removing stm32l1xx_opamp.o(i.OPAMP_Cmd), (32 bytes).
    Removing stm32l1xx_opamp.o(i.OPAMP_DeInit), (40 bytes).
    Removing stm32l1xx_opamp.o(i.OPAMP_GetFlagStatus), (68 bytes).
    Removing stm32l1xx_opamp.o(i.OPAMP_LowPowerCmd), (36 bytes).
    Removing stm32l1xx_opamp.o(i.OPAMP_OffsetTrimConfig), (120 bytes).
    Removing stm32l1xx_opamp.o(i.OPAMP_OffsetTrimLowPowerConfig), (120 bytes).
    Removing stm32l1xx_opamp.o(i.OPAMP_OffsetTrimmingModeSelect), (28 bytes).
    Removing stm32l1xx_opamp.o(i.OPAMP_PowerRangeSelect), (28 bytes).
    Removing stm32l1xx_opamp.o(i.OPAMP_SwitchCmd), (32 bytes).
    Removing stm32l1xx_pwr.o(.rev16_text), (4 bytes).
    Removing stm32l1xx_pwr.o(.revsh_text), (4 bytes).
    Removing stm32l1xx_pwr.o(i.PWR_ClearFlag), (20 bytes).
    Removing stm32l1xx_pwr.o(i.PWR_DeInit), (22 bytes).
    Removing stm32l1xx_pwr.o(i.PWR_EnterLowPowerRunMode), (56 bytes).
    Removing stm32l1xx_pwr.o(i.PWR_EnterSTANDBYMode), (40 bytes).
    Removing stm32l1xx_pwr.o(i.PWR_EnterSTOPMode), (64 bytes).
    Removing stm32l1xx_pwr.o(i.PWR_EnterSleepMode), (56 bytes).
    Removing stm32l1xx_pwr.o(i.PWR_FastWakeUpCmd), (12 bytes).
    Removing stm32l1xx_pwr.o(i.PWR_GetFlagStatus), (24 bytes).
    Removing stm32l1xx_pwr.o(i.PWR_PVDCmd), (12 bytes).
    Removing stm32l1xx_pwr.o(i.PWR_PVDLevelConfig), (24 bytes).
    Removing stm32l1xx_pwr.o(i.PWR_RTCAccessCmd), (12 bytes).
    Removing stm32l1xx_pwr.o(i.PWR_UltraLowPowerCmd), (12 bytes).
    Removing stm32l1xx_pwr.o(i.PWR_VoltageScalingConfig), (28 bytes).
    Removing stm32l1xx_pwr.o(i.PWR_WakeUpPinCmd), (24 bytes).
    Removing stm32l1xx_rcc.o(.rev16_text), (4 bytes).
    Removing stm32l1xx_rcc.o(.revsh_text), (4 bytes).
    Removing stm32l1xx_rcc.o(i.RCC_AHBPeriphClockLPModeCmd), (32 bytes).
    Removing stm32l1xx_rcc.o(i.RCC_AHBPeriphResetCmd), (32 bytes).
    Removing stm32l1xx_rcc.o(i.RCC_APB1PeriphClockLPModeCmd), (32 bytes).
    Removing stm32l1xx_rcc.o(i.RCC_APB1PeriphResetCmd), (32 bytes).
    Removing stm32l1xx_rcc.o(i.RCC_APB2PeriphClockLPModeCmd), (32 bytes).
    Removing stm32l1xx_rcc.o(i.RCC_AdjustHSICalibrationValue), (24 bytes).
    Removing stm32l1xx_rcc.o(i.RCC_AdjustMSICalibrationValue), (12 bytes).
    Removing stm32l1xx_rcc.o(i.RCC_ClearFlag), (20 bytes).
    Removing stm32l1xx_rcc.o(i.RCC_ClearITPendingBit), (12 bytes).
    Removing stm32l1xx_rcc.o(i.RCC_ClockSecuritySystemCmd), (12 bytes).
    Removing stm32l1xx_rcc.o(i.RCC_DeInit), (88 bytes).
    Removing stm32l1xx_rcc.o(i.RCC_GetITStatus), (24 bytes).
    Removing stm32l1xx_rcc.o(i.RCC_GetSYSCLKSource), (16 bytes).
    Removing stm32l1xx_rcc.o(i.RCC_HCLKConfig), (24 bytes).
    Removing stm32l1xx_rcc.o(i.RCC_HSEConfig), (16 bytes).
    Removing stm32l1xx_rcc.o(i.RCC_ITConfig), (32 bytes).
    Removing stm32l1xx_rcc.o(i.RCC_LSEClockSecuritySystemCmd), (12 bytes).
    Removing stm32l1xx_rcc.o(i.RCC_LSEConfig), (16 bytes).
    Removing stm32l1xx_rcc.o(i.RCC_LSICmd), (12 bytes).
    Removing stm32l1xx_rcc.o(i.RCC_MCOConfig), (16 bytes).
    Removing stm32l1xx_rcc.o(i.RCC_MSICmd), (12 bytes).
    Removing stm32l1xx_rcc.o(i.RCC_MSIRangeConfig), (24 bytes).
    Removing stm32l1xx_rcc.o(i.RCC_PCLK1Config), (24 bytes).
    Removing stm32l1xx_rcc.o(i.RCC_PCLK2Config), (24 bytes).
    Removing stm32l1xx_rcc.o(i.RCC_PLLCmd), (12 bytes).
    Removing stm32l1xx_rcc.o(i.RCC_PLLConfig), (20 bytes).
    Removing stm32l1xx_rcc.o(i.RCC_RTCCLKCmd), (12 bytes).
    Removing stm32l1xx_rcc.o(i.RCC_RTCCLKConfig), (68 bytes).
    Removing stm32l1xx_rcc.o(i.RCC_RTCResetCmd), (12 bytes).
    Removing stm32l1xx_rcc.o(i.RCC_SYSCLKConfig), (24 bytes).
    Removing stm32l1xx_rcc.o(i.RCC_WaitForHSEStartUp), (56 bytes).
    Removing stm32l1xx_syscfg.o(.rev16_text), (4 bytes).
    Removing stm32l1xx_syscfg.o(.revsh_text), (4 bytes).
    Removing stm32l1xx_syscfg.o(i.SYSCFG_DeInit), (20 bytes).
    Removing stm32l1xx_syscfg.o(i.SYSCFG_EXTILineConfig), (64 bytes).
    Removing stm32l1xx_syscfg.o(i.SYSCFG_GetBootMode), (16 bytes).
    Removing stm32l1xx_syscfg.o(i.SYSCFG_MemoryRemapConfig), (12 bytes).
    Removing stm32l1xx_syscfg.o(i.SYSCFG_RIChannelSpeedConfig), (32 bytes).
    Removing stm32l1xx_syscfg.o(i.SYSCFG_RIDeInit), (36 bytes).
    Removing stm32l1xx_syscfg.o(i.SYSCFG_RIHysteresisConfig), (272 bytes).
    Removing stm32l1xx_syscfg.o(i.SYSCFG_RIIOSwitchConfig), (76 bytes).
    Removing stm32l1xx_syscfg.o(i.SYSCFG_RIResistorConfig), (32 bytes).
    Removing stm32l1xx_syscfg.o(i.SYSCFG_RISwitchControlModeCmd), (36 bytes).
    Removing stm32l1xx_syscfg.o(i.SYSCFG_RITIMInputCaptureConfig), (92 bytes).
    Removing stm32l1xx_syscfg.o(i.SYSCFG_RITIMSelect), (24 bytes).
    Removing stm32l1xx_syscfg.o(i.SYSCFG_USBPuCmd), (36 bytes).
    Removing stm32l1xx_tim.o(.rev16_text), (4 bytes).
    Removing stm32l1xx_tim.o(.revsh_text), (4 bytes).
    Removing stm32l1xx_tim.o(i.TI1_Config), (58 bytes).
    Removing stm32l1xx_tim.o(i.TI2_Config), (80 bytes).
    Removing stm32l1xx_tim.o(i.TI3_Config), (72 bytes).
    Removing stm32l1xx_tim.o(i.TI4_Config), (80 bytes).
    Removing stm32l1xx_tim.o(i.TIM_ARRPreloadConfig), (24 bytes).
    Removing stm32l1xx_tim.o(i.TIM_CCxCmd), (30 bytes).
    Removing stm32l1xx_tim.o(i.TIM_ClearFlag), (6 bytes).
    Removing stm32l1xx_tim.o(i.TIM_ClearOC1Ref), (18 bytes).
    Removing stm32l1xx_tim.o(i.TIM_ClearOC2Ref), (24 bytes).
    Removing stm32l1xx_tim.o(i.TIM_ClearOC3Ref), (18 bytes).
    Removing stm32l1xx_tim.o(i.TIM_ClearOC4Ref), (24 bytes).
    Removing stm32l1xx_tim.o(i.TIM_CounterModeConfig), (18 bytes).
    Removing stm32l1xx_tim.o(i.TIM_DMACmd), (18 bytes).
    Removing stm32l1xx_tim.o(i.TIM_DMAConfig), (10 bytes).
    Removing stm32l1xx_tim.o(i.TIM_DeInit), (252 bytes).
    Removing stm32l1xx_tim.o(i.TIM_ETRClockMode1Config), (54 bytes).
    Removing stm32l1xx_tim.o(i.TIM_ETRClockMode2Config), (32 bytes).
    Removing stm32l1xx_tim.o(i.TIM_ETRConfig), (28 bytes).
    Removing stm32l1xx_tim.o(i.TIM_EncoderInterfaceConfig), (66 bytes).
    Removing stm32l1xx_tim.o(i.TIM_ForcedOC1Config), (18 bytes).
    Removing stm32l1xx_tim.o(i.TIM_ForcedOC2Config), (26 bytes).
    Removing stm32l1xx_tim.o(i.TIM_ForcedOC3Config), (18 bytes).
    Removing stm32l1xx_tim.o(i.TIM_ForcedOC4Config), (26 bytes).
    Removing stm32l1xx_tim.o(i.TIM_GenerateEvent), (4 bytes).
    Removing stm32l1xx_tim.o(i.TIM_GetCapture1), (6 bytes).
    Removing stm32l1xx_tim.o(i.TIM_GetCapture2), (6 bytes).
    Removing stm32l1xx_tim.o(i.TIM_GetCapture3), (6 bytes).
    Removing stm32l1xx_tim.o(i.TIM_GetCapture4), (6 bytes).
    Removing stm32l1xx_tim.o(i.TIM_GetCounter), (6 bytes).
    Removing stm32l1xx_tim.o(i.TIM_GetFlagStatus), (18 bytes).
    Removing stm32l1xx_tim.o(i.TIM_GetPrescaler), (6 bytes).
    Removing stm32l1xx_tim.o(i.TIM_ICInit), (110 bytes).
    Removing stm32l1xx_tim.o(i.TIM_ICStructInit), (18 bytes).
    Removing stm32l1xx_tim.o(i.TIM_ITRxExternalClockConfig), (24 bytes).
    Removing stm32l1xx_tim.o(i.TIM_InternalClockConfig), (12 bytes).
    Removing stm32l1xx_tim.o(i.TIM_OC1FastConfig), (18 bytes).
    Removing stm32l1xx_tim.o(i.TIM_OC1Init), (56 bytes).
    Removing stm32l1xx_tim.o(i.TIM_OC1PolarityConfig), (18 bytes).
    Removing stm32l1xx_tim.o(i.TIM_OC1PreloadConfig), (18 bytes).
    Removing stm32l1xx_tim.o(i.TIM_OC2FastConfig), (26 bytes).
    Removing stm32l1xx_tim.o(i.TIM_OC2Init), (70 bytes).
    Removing stm32l1xx_tim.o(i.TIM_OC2PolarityConfig), (26 bytes).
    Removing stm32l1xx_tim.o(i.TIM_OC2PreloadConfig), (26 bytes).
    Removing stm32l1xx_tim.o(i.TIM_OC3FastConfig), (18 bytes).
    Removing stm32l1xx_tim.o(i.TIM_OC3Init), (66 bytes).
    Removing stm32l1xx_tim.o(i.TIM_OC3PolarityConfig), (26 bytes).
    Removing stm32l1xx_tim.o(i.TIM_OC3PreloadConfig), (18 bytes).
    Removing stm32l1xx_tim.o(i.TIM_OC4FastConfig), (26 bytes).
    Removing stm32l1xx_tim.o(i.TIM_OC4Init), (70 bytes).
    Removing stm32l1xx_tim.o(i.TIM_OC4PolarityConfig), (26 bytes).
    Removing stm32l1xx_tim.o(i.TIM_OC4PreloadConfig), (26 bytes).
    Removing stm32l1xx_tim.o(i.TIM_OCStructInit), (12 bytes).
    Removing stm32l1xx_tim.o(i.TIM_PWMIConfig), (124 bytes).
    Removing stm32l1xx_tim.o(i.TIM_PrescalerConfig), (6 bytes).
    Removing stm32l1xx_tim.o(i.TIM_RemapConfig), (22 bytes).
    Removing stm32l1xx_tim.o(i.TIM_SelectCCDMA), (24 bytes).
    Removing stm32l1xx_tim.o(i.TIM_SelectHallSensor), (24 bytes).
    Removing stm32l1xx_tim.o(i.TIM_SelectInputTrigger), (18 bytes).
    Removing stm32l1xx_tim.o(i.TIM_SelectMasterSlaveMode), (18 bytes).
    Removing stm32l1xx_tim.o(i.TIM_SelectOCREFClear), (18 bytes).
    Removing stm32l1xx_tim.o(i.TIM_SelectOCxM), (82 bytes).
    Removing stm32l1xx_tim.o(i.TIM_SelectOnePulseMode), (18 bytes).
    Removing stm32l1xx_tim.o(i.TIM_SelectOutputTrigger), (18 bytes).
    Removing stm32l1xx_tim.o(i.TIM_SelectSlaveMode), (18 bytes).
    Removing stm32l1xx_tim.o(i.TIM_SetAutoreload), (4 bytes).
    Removing stm32l1xx_tim.o(i.TIM_SetClockDivision), (18 bytes).
    Removing stm32l1xx_tim.o(i.TIM_SetCompare1), (4 bytes).
    Removing stm32l1xx_tim.o(i.TIM_SetCompare2), (4 bytes).
    Removing stm32l1xx_tim.o(i.TIM_SetCompare3), (4 bytes).
    Removing stm32l1xx_tim.o(i.TIM_SetCompare4), (4 bytes).
    Removing stm32l1xx_tim.o(i.TIM_SetCounter), (4 bytes).
    Removing stm32l1xx_tim.o(i.TIM_SetIC1Prescaler), (18 bytes).
    Removing stm32l1xx_tim.o(i.TIM_SetIC2Prescaler), (26 bytes).
    Removing stm32l1xx_tim.o(i.TIM_SetIC3Prescaler), (18 bytes).
    Removing stm32l1xx_tim.o(i.TIM_SetIC4Prescaler), (26 bytes).
    Removing stm32l1xx_tim.o(i.TIM_TIxExternalClockConfig), (62 bytes).
    Removing stm32l1xx_tim.o(i.TIM_TimeBaseStructInit), (16 bytes).
    Removing stm32l1xx_tim.o(i.TIM_UpdateDisableConfig), (24 bytes).
    Removing stm32l1xx_tim.o(i.TIM_UpdateRequestConfig), (24 bytes).
    Removing stm32l1xx_usart.o(.rev16_text), (4 bytes).
    Removing stm32l1xx_usart.o(.revsh_text), (4 bytes).
    Removing stm32l1xx_usart.o(i.USART_ClearFlag), (18 bytes).
    Removing stm32l1xx_usart.o(i.USART_ClockInit), (32 bytes).
    Removing stm32l1xx_usart.o(i.USART_ClockStructInit), (12 bytes).
    Removing stm32l1xx_usart.o(i.USART_DMACmd), (18 bytes).
    Removing stm32l1xx_usart.o(i.USART_DeInit), (156 bytes).
    Removing stm32l1xx_usart.o(i.USART_HalfDuplexCmd), (24 bytes).
    Removing stm32l1xx_usart.o(i.USART_IrDACmd), (24 bytes).
    Removing stm32l1xx_usart.o(i.USART_IrDAConfig), (18 bytes).
    Removing stm32l1xx_usart.o(i.USART_LINBreakDetectLengthConfig), (18 bytes).
    Removing stm32l1xx_usart.o(i.USART_LINCmd), (24 bytes).
    Removing stm32l1xx_usart.o(i.USART_OneBitMethodCmd), (24 bytes).
    Removing stm32l1xx_usart.o(i.USART_OverSampling8Cmd), (22 bytes).
    Removing stm32l1xx_usart.o(i.USART_ReceiverWakeUpCmd), (24 bytes).
    Removing stm32l1xx_usart.o(i.USART_SendBreak), (10 bytes).
    Removing stm32l1xx_usart.o(i.USART_SetAddress), (18 bytes).
    Removing stm32l1xx_usart.o(i.USART_SetGuardTime), (16 bytes).
    Removing stm32l1xx_usart.o(i.USART_SetPrescaler), (16 bytes).
    Removing stm32l1xx_usart.o(i.USART_SmartCardCmd), (24 bytes).
    Removing stm32l1xx_usart.o(i.USART_SmartCardNACKCmd), (24 bytes).
    Removing stm32l1xx_usart.o(i.USART_StructInit), (24 bytes).
    Removing stm32l1xx_usart.o(i.USART_WakeUpConfig), (18 bytes).
    Removing stm32l1xx_wwdg.o(.rev16_text), (4 bytes).
    Removing stm32l1xx_wwdg.o(.revsh_text), (4 bytes).
    Removing stm32l1xx_wwdg.o(i.WWDG_ClearFlag), (12 bytes).
    Removing stm32l1xx_wwdg.o(i.WWDG_DeInit), (22 bytes).
    Removing stm32l1xx_wwdg.o(i.WWDG_Enable), (16 bytes).
    Removing stm32l1xx_wwdg.o(i.WWDG_EnableIT), (12 bytes).
    Removing stm32l1xx_wwdg.o(i.WWDG_GetFlagStatus), (20 bytes).
    Removing stm32l1xx_wwdg.o(i.WWDG_SetCounter), (16 bytes).
    Removing stm32l1xx_wwdg.o(i.WWDG_SetPrescaler), (24 bytes).
    Removing stm32l1xx_wwdg.o(i.WWDG_SetWindowValue), (40 bytes).
    Removing stm32l1xx_aes_util.o(.rev16_text), (4 bytes).
    Removing stm32l1xx_aes_util.o(.revsh_text), (4 bytes).
    Removing stm32l1xx_aes_util.o(i.AES_CBC_Decrypt), (282 bytes).
    Removing stm32l1xx_aes_util.o(i.AES_CBC_Encrypt), (282 bytes).
    Removing stm32l1xx_aes_util.o(i.AES_CTR_Decrypt), (282 bytes).
    Removing stm32l1xx_aes_util.o(i.AES_CTR_Encrypt), (282 bytes).
    Removing stm32l1xx_aes_util.o(i.AES_ECB_Decrypt), (246 bytes).
    Removing stm32l1xx_aes_util.o(i.AES_ECB_Encrypt), (244 bytes).
    Removing system_stm32l1xx.o(.rev16_text), (4 bytes).
    Removing system_stm32l1xx.o(.revsh_text), (4 bytes).
    Removing system_stm32l1xx.o(i.SystemCoreClockUpdate), (220 bytes).
    Removing usart.o(.rev16_text), (4 bytes).
    Removing usart.o(.revsh_text), (4 bytes).
    Removing usart.o(i.UART3_send_byte), (32 bytes).
    Removing timer.o(.rev16_text), (4 bytes).
    Removing timer.o(.revsh_text), (4 bytes).
    Removing led.o(.rev16_text), (4 bytes).
    Removing led.o(.revsh_text), (4 bytes).
    Removing led.o(i.LED_handle), (20 bytes).
    Removing delay.o(.rev16_text), (4 bytes).
    Removing delay.o(.revsh_text), (4 bytes).
    Removing delay.o(i.delay_us), (64 bytes).
    Removing dht11.o(.rev16_text), (4 bytes).
    Removing dht11.o(.revsh_text), (4 bytes).
    Removing dht11.o(i.DHT11_Check), (88 bytes).
    Removing dht11.o(i.DHT11_IO_IN), (32 bytes).
    Removing dht11.o(i.DHT11_IO_OUT), (32 bytes).
    Removing dht11.o(i.DHT11_Init), (20 bytes).
    Removing dht11.o(i.DHT11_Read_Bit), (88 bytes).
    Removing dht11.o(i.DHT11_Read_Byte), (30 bytes).
    Removing dht11.o(i.DHT11_Read_Data), (88 bytes).
    Removing dht11.o(i.DHT11_Rst), (40 bytes).
    Removing key.o(.rev16_text), (4 bytes).
    Removing key.o(.revsh_text), (4 bytes).
    Removing key.o(i.KEY_scan_start), (16 bytes).
    Removing key.o(i.KEY_scan_stop), (16 bytes).
    Removing bus.o(.rev16_text), (4 bytes).
    Removing bus.o(.revsh_text), (4 bytes).
    Removing bus.o(i.upload_buf_check_read), (136 bytes).
    Removing bus.o(i.upload_buf_check_write), (136 bytes).
    Removing bus.o(i.upload_buf_press_frame), (248 bytes).
    Removing bus.o(i.upload_buf_read), (448 bytes).
    Removing bus.o(i.upload_buf_write), (448 bytes).
    Removing bus.o(i.upload_handle), (112 bytes).
    Removing bus.o(i.upload_press_handle), (44 bytes).
    Removing bus.o(.bss), (30 bytes).
    Removing pressure_sensor.o(.rev16_text), (4 bytes).
    Removing pressure_sensor.o(.revsh_text), (4 bytes).
    Removing pressure_sensor.o(i.get_press_adc), (48 bytes).
    Removing pressure_sensor.o(i.get_press_adc_average), (46 bytes).
    Removing pressure_sensor.o(i.press_ad_debug_print), (64 bytes).
    Removing pressure_sensor.o(i.press_ad_judge), (344 bytes).
    Removing pressure_sensor.o(i.press_ad_sample), (132 bytes).
    Removing pressure_sensor.o(i.press_handle), (36 bytes).
    Removing gesture.o(.rev16_text), (4 bytes).
    Removing gesture.o(.revsh_text), (4 bytes).
    Removing gesture.o(i.count_buf), (18 bytes).
    Removing dadd.o(.text), (334 bytes).
    Removing dmul.o(.text), (228 bytes).
    Removing ddiv.o(.text), (222 bytes).
    Removing dfixul.o(.text), (48 bytes).
    Removing cdrcmple.o(.text), (48 bytes).
    Removing depilogue.o(.text), (186 bytes).

391 unused section(s) (total 14934 bytes) removed from the image.

==============================================================================

Image Symbol Table

    Local Symbols

    Symbol Name                              Value     Ov Type        Size  Object(Section)

    ../clib/microlib/division.c              0x00000000   Number         0  uidiv.o ABSOLUTE
    ../clib/microlib/division.c              0x00000000   Number         0  uldiv.o ABSOLUTE
    ../clib/microlib/init/entry.s            0x00000000   Number         0  entry2.o ABSOLUTE
    ../clib/microlib/init/entry.s            0x00000000   Number         0  entry7b.o ABSOLUTE
    ../clib/microlib/init/entry.s            0x00000000   Number         0  entry10a.o ABSOLUTE
    ../clib/microlib/init/entry.s            0x00000000   Number         0  entry8a.o ABSOLUTE
    ../clib/microlib/init/entry.s            0x00000000   Number         0  entry8b.o ABSOLUTE
    ../clib/microlib/init/entry.s            0x00000000   Number         0  entry9a.o ABSOLUTE
    ../clib/microlib/init/entry.s            0x00000000   Number         0  entry9b.o ABSOLUTE
    ../clib/microlib/init/entry.s            0x00000000   Number         0  entry5.o ABSOLUTE
    ../clib/microlib/init/entry.s            0x00000000   Number         0  entry11b.o ABSOLUTE
    ../clib/microlib/init/entry.s            0x00000000   Number         0  entry11a.o ABSOLUTE
    ../clib/microlib/init/entry.s            0x00000000   Number         0  entry10b.o ABSOLUTE
    ../clib/microlib/init/entry.s            0x00000000   Number         0  entry7a.o ABSOLUTE
    ../clib/microlib/init/entry.s            0x00000000   Number         0  entry.o ABSOLUTE
    ../clib/microlib/longlong.c              0x00000000   Number         0  llshl.o ABSOLUTE
    ../clib/microlib/longlong.c              0x00000000   Number         0  llushr.o ABSOLUTE
    ../clib/microlib/longlong.c              0x00000000   Number         0  llsshr.o ABSOLUTE
    ../clib/microlib/malloc/malloc.c         0x00000000   Number         0  mallocr.o ABSOLUTE
    ../clib/microlib/malloc/malloc.c         0x00000000   Number         0  mallocra.o ABSOLUTE
    ../clib/microlib/malloc/malloc.c         0x00000000   Number         0  malloc.o ABSOLUTE
    ../clib/microlib/malloc/malloc.c         0x00000000   Number         0  malloca.o ABSOLUTE
    ../clib/microlib/malloc/mvars.c          0x00000000   Number         0  mvars.o ABSOLUTE
    ../clib/microlib/printf/printf.c         0x00000000   Number         0  printf6.o ABSOLUTE
    ../clib/microlib/printf/printf.c         0x00000000   Number         0  printf4.o ABSOLUTE
    ../clib/microlib/printf/printf.c         0x00000000   Number         0  printf5.o ABSOLUTE
    ../clib/microlib/printf/printf.c         0x00000000   Number         0  printfb.o ABSOLUTE
    ../clib/microlib/printf/printf.c         0x00000000   Number         0  printf0.o ABSOLUTE
    ../clib/microlib/printf/printf.c         0x00000000   Number         0  printf7.o ABSOLUTE
    ../clib/microlib/printf/printf.c         0x00000000   Number         0  printf2.o ABSOLUTE
    ../clib/microlib/printf/printf.c         0x00000000   Number         0  printf3.o ABSOLUTE
    ../clib/microlib/printf/printf.c         0x00000000   Number         0  printf1.o ABSOLUTE
    ../clib/microlib/printf/printf.c         0x00000000   Number         0  printfa.o ABSOLUTE
    ../clib/microlib/printf/printf.c         0x00000000   Number         0  printf8.o ABSOLUTE
    ../clib/microlib/printf/stubs.s          0x00000000   Number         0  stubs.o ABSOLUTE
    ../clib/microlib/stdio/streams.c         0x00000000   Number         0  stdout.o ABSOLUTE
    ../clib/microlib/string/memcpy.c         0x00000000   Number         0  memcpya.o ABSOLUTE
    ../clib/microlib/string/memcpy.c         0x00000000   Number         0  memcpyb.o ABSOLUTE
    ../clib/microlib/string/memset.c         0x00000000   Number         0  memseta.o ABSOLUTE
    ../clib/microlib/string/strncmp.c        0x00000000   Number         0  strncmp.o ABSOLUTE
    ../clib/microlib/string/strstr.c         0x00000000   Number         0  strstr.o ABSOLUTE
    ../clib/microlib/stubs.s                 0x00000000   Number         0  iusefp.o ABSOLUTE
    ../fplib/microlib/fpadd.c                0x00000000   Number         0  dadd.o ABSOLUTE
    ../fplib/microlib/fpdiv.c                0x00000000   Number         0  ddiv.o ABSOLUTE
    ../fplib/microlib/fpepilogue.c           0x00000000   Number         0  depilogue.o ABSOLUTE
    ../fplib/microlib/fpfix.c                0x00000000   Number         0  dfixul.o ABSOLUTE
    ../fplib/microlib/fpmul.c                0x00000000   Number         0  dmul.o ABSOLUTE
    ..\..\..\Libraries\CMSIS\Device\ST\STM32L1xx\Source\Templates\arm\startup_stm32l1xx_md.s 0x00000000   Number         0  startup_stm32l1xx_md.o ABSOLUTE
    ..\..\..\Libraries\STM32L1xx_StdPeriph_Driver\src\misc.c 0x00000000   Number         0  misc.o ABSOLUTE
    ..\..\..\Libraries\STM32L1xx_StdPeriph_Driver\src\stm32l1xx_adc.c 0x00000000   Number         0  stm32l1xx_adc.o ABSOLUTE
    ..\..\..\Libraries\STM32L1xx_StdPeriph_Driver\src\stm32l1xx_aes.c 0x00000000   Number         0  stm32l1xx_aes.o ABSOLUTE
    ..\..\..\Libraries\STM32L1xx_StdPeriph_Driver\src\stm32l1xx_aes_util.c 0x00000000   Number         0  stm32l1xx_aes_util.o ABSOLUTE
    ..\..\..\Libraries\STM32L1xx_StdPeriph_Driver\src\stm32l1xx_comp.c 0x00000000   Number         0  stm32l1xx_comp.o ABSOLUTE
    ..\..\..\Libraries\STM32L1xx_StdPeriph_Driver\src\stm32l1xx_crc.c 0x00000000   Number         0  stm32l1xx_crc.o ABSOLUTE
    ..\..\..\Libraries\STM32L1xx_StdPeriph_Driver\src\stm32l1xx_dbgmcu.c 0x00000000   Number         0  stm32l1xx_dbgmcu.o ABSOLUTE
    ..\..\..\Libraries\STM32L1xx_StdPeriph_Driver\src\stm32l1xx_exti.c 0x00000000   Number         0  stm32l1xx_exti.o ABSOLUTE
    ..\..\..\Libraries\STM32L1xx_StdPeriph_Driver\src\stm32l1xx_gpio.c 0x00000000   Number         0  stm32l1xx_gpio.o ABSOLUTE
    ..\..\..\Libraries\STM32L1xx_StdPeriph_Driver\src\stm32l1xx_iwdg.c 0x00000000   Number         0  stm32l1xx_iwdg.o ABSOLUTE
    ..\..\..\Libraries\STM32L1xx_StdPeriph_Driver\src\stm32l1xx_lcd.c 0x00000000   Number         0  stm32l1xx_lcd.o ABSOLUTE
    ..\..\..\Libraries\STM32L1xx_StdPeriph_Driver\src\stm32l1xx_opamp.c 0x00000000   Number         0  stm32l1xx_opamp.o ABSOLUTE
    ..\..\..\Libraries\STM32L1xx_StdPeriph_Driver\src\stm32l1xx_pwr.c 0x00000000   Number         0  stm32l1xx_pwr.o ABSOLUTE
    ..\..\..\Libraries\STM32L1xx_StdPeriph_Driver\src\stm32l1xx_rcc.c 0x00000000   Number         0  stm32l1xx_rcc.o ABSOLUTE
    ..\..\..\Libraries\STM32L1xx_StdPeriph_Driver\src\stm32l1xx_syscfg.c 0x00000000   Number         0  stm32l1xx_syscfg.o ABSOLUTE
    ..\..\..\Libraries\STM32L1xx_StdPeriph_Driver\src\stm32l1xx_tim.c 0x00000000   Number         0  stm32l1xx_tim.o ABSOLUTE
    ..\..\..\Libraries\STM32L1xx_StdPeriph_Driver\src\stm32l1xx_usart.c 0x00000000   Number         0  stm32l1xx_usart.o ABSOLUTE
    ..\..\..\Libraries\STM32L1xx_StdPeriph_Driver\src\stm32l1xx_wwdg.c 0x00000000   Number         0  stm32l1xx_wwdg.o ABSOLUTE
    ..\..\HARDWARE\BC95\BC95.c               0x00000000   Number         0  bc95.o ABSOLUTE
    ..\..\HARDWARE\DHT11\dht11.c             0x00000000   Number         0  dht11.o ABSOLUTE
    ..\..\HARDWARE\LED\LED.c                 0x00000000   Number         0  led.o ABSOLUTE
    ..\..\HARDWARE\TIMER\timer.c             0x00000000   Number         0  timer.o ABSOLUTE
    ..\..\HARDWARE\bus\bus.c                 0x00000000   Number         0  bus.o ABSOLUTE
    ..\..\HARDWARE\delay\delay.c             0x00000000   Number         0  delay.o ABSOLUTE
    ..\..\HARDWARE\gesture\gesture.c         0x00000000   Number         0  gesture.o ABSOLUTE
    ..\..\HARDWARE\key\key.c                 0x00000000   Number         0  key.o ABSOLUTE
    ..\..\HARDWARE\pressure\pressure_sensor.c 0x00000000   Number         0  pressure_sensor.o ABSOLUTE
    ..\..\HARDWARE\usart\usart.c             0x00000000   Number         0  usart.o ABSOLUTE
    ..\\..\\..\\Libraries\\STM32L1xx_StdPeriph_Driver\\src\\misc.c 0x00000000   Number         0  misc.o ABSOLUTE
    ..\\..\\..\\Libraries\\STM32L1xx_StdPeriph_Driver\\src\\stm32l1xx_adc.c 0x00000000   Number         0  stm32l1xx_adc.o ABSOLUTE
    ..\\..\\..\\Libraries\\STM32L1xx_StdPeriph_Driver\\src\\stm32l1xx_aes.c 0x00000000   Number         0  stm32l1xx_aes.o ABSOLUTE
    ..\\..\\..\\Libraries\\STM32L1xx_StdPeriph_Driver\\src\\stm32l1xx_aes_util.c 0x00000000   Number         0  stm32l1xx_aes_util.o ABSOLUTE
    ..\\..\\..\\Libraries\\STM32L1xx_StdPeriph_Driver\\src\\stm32l1xx_comp.c 0x00000000   Number         0  stm32l1xx_comp.o ABSOLUTE
    ..\\..\\..\\Libraries\\STM32L1xx_StdPeriph_Driver\\src\\stm32l1xx_crc.c 0x00000000   Number         0  stm32l1xx_crc.o ABSOLUTE
    ..\\..\\..\\Libraries\\STM32L1xx_StdPeriph_Driver\\src\\stm32l1xx_dbgmcu.c 0x00000000   Number         0  stm32l1xx_dbgmcu.o ABSOLUTE
    ..\\..\\..\\Libraries\\STM32L1xx_StdPeriph_Driver\\src\\stm32l1xx_exti.c 0x00000000   Number         0  stm32l1xx_exti.o ABSOLUTE
    ..\\..\\..\\Libraries\\STM32L1xx_StdPeriph_Driver\\src\\stm32l1xx_gpio.c 0x00000000   Number         0  stm32l1xx_gpio.o ABSOLUTE
    ..\\..\\..\\Libraries\\STM32L1xx_StdPeriph_Driver\\src\\stm32l1xx_iwdg.c 0x00000000   Number         0  stm32l1xx_iwdg.o ABSOLUTE
    ..\\..\\..\\Libraries\\STM32L1xx_StdPeriph_Driver\\src\\stm32l1xx_lcd.c 0x00000000   Number         0  stm32l1xx_lcd.o ABSOLUTE
    ..\\..\\..\\Libraries\\STM32L1xx_StdPeriph_Driver\\src\\stm32l1xx_opamp.c 0x00000000   Number         0  stm32l1xx_opamp.o ABSOLUTE
    ..\\..\\..\\Libraries\\STM32L1xx_StdPeriph_Driver\\src\\stm32l1xx_pwr.c 0x00000000   Number         0  stm32l1xx_pwr.o ABSOLUTE
    ..\\..\\..\\Libraries\\STM32L1xx_StdPeriph_Driver\\src\\stm32l1xx_rcc.c 0x00000000   Number         0  stm32l1xx_rcc.o ABSOLUTE
    ..\\..\\..\\Libraries\\STM32L1xx_StdPeriph_Driver\\src\\stm32l1xx_syscfg.c 0x00000000   Number         0  stm32l1xx_syscfg.o ABSOLUTE
    ..\\..\\..\\Libraries\\STM32L1xx_StdPeriph_Driver\\src\\stm32l1xx_tim.c 0x00000000   Number         0  stm32l1xx_tim.o ABSOLUTE
    ..\\..\\..\\Libraries\\STM32L1xx_StdPeriph_Driver\\src\\stm32l1xx_usart.c 0x00000000   Number         0  stm32l1xx_usart.o ABSOLUTE
    ..\\..\\..\\Libraries\\STM32L1xx_StdPeriph_Driver\\src\\stm32l1xx_wwdg.c 0x00000000   Number         0  stm32l1xx_wwdg.o ABSOLUTE
    ..\\..\\HARDWARE\\BC95\\BC95.c           0x00000000   Number         0  bc95.o ABSOLUTE
    ..\\..\\HARDWARE\\DHT11\\dht11.c         0x00000000   Number         0  dht11.o ABSOLUTE
    ..\\..\\HARDWARE\\LED\\LED.c             0x00000000   Number         0  led.o ABSOLUTE
    ..\\..\\HARDWARE\\TIMER\\timer.c         0x00000000   Number         0  timer.o ABSOLUTE
    ..\\..\\HARDWARE\\bus\\bus.c             0x00000000   Number         0  bus.o ABSOLUTE
    ..\\..\\HARDWARE\\delay\\delay.c         0x00000000   Number         0  delay.o ABSOLUTE
    ..\\..\\HARDWARE\\gesture\\gesture.c     0x00000000   Number         0  gesture.o ABSOLUTE
    ..\\..\\HARDWARE\\key\\key.c             0x00000000   Number         0  key.o ABSOLUTE
    ..\\..\\HARDWARE\\pressure\\pressure_sensor.c 0x00000000   Number         0  pressure_sensor.o ABSOLUTE
    ..\\..\\HARDWARE\\usart\\usart.c         0x00000000   Number         0  usart.o ABSOLUTE
    ..\\main.c                               0x00000000   Number         0  main.o ABSOLUTE
    ..\\stm32l1xx_it.c                       0x00000000   Number         0  stm32l1xx_it.o ABSOLUTE
    ..\\system_stm32l1xx.c                   0x00000000   Number         0  system_stm32l1xx.o ABSOLUTE
    ..\main.c                                0x00000000   Number         0  main.o ABSOLUTE
    ..\stm32l1xx_it.c                        0x00000000   Number         0  stm32l1xx_it.o ABSOLUTE
    ..\system_stm32l1xx.c                    0x00000000   Number         0  system_stm32l1xx.o ABSOLUTE
    cdrcmple.s                               0x00000000   Number         0  cdrcmple.o ABSOLUTE
    dc.s                                     0x00000000   Number         0  dc.o ABSOLUTE
    handlers.s                               0x00000000   Number         0  handlers.o ABSOLUTE
    init.s                                   0x00000000   Number         0  init.o ABSOLUTE
    RESET                                    0x08000000   Section      244  startup_stm32l1xx_md.o(RESET)
    .ARM.Collect$$$$00000000                 0x080000f4   Section        0  entry.o(.ARM.Collect$$$$00000000)
    .ARM.Collect$$$$00000001                 0x080000f4   Section        4  entry2.o(.ARM.Collect$$$$00000001)
    .ARM.Collect$$$$00000004                 0x080000f8   Section        4  entry5.o(.ARM.Collect$$$$00000004)
    .ARM.Collect$$$$00000008                 0x080000fc   Section        0  entry7b.o(.ARM.Collect$$$$00000008)
    .ARM.Collect$$$$0000000A                 0x080000fc   Section        0  entry8b.o(.ARM.Collect$$$$0000000A)
    .ARM.Collect$$$$0000000B                 0x080000fc   Section        8  entry9a.o(.ARM.Collect$$$$0000000B)
    .ARM.Collect$$$$0000000D                 0x08000104   Section        0  entry10a.o(.ARM.Collect$$$$0000000D)
    .ARM.Collect$$$$0000000F                 0x08000104   Section        0  entry11a.o(.ARM.Collect$$$$0000000F)
    .ARM.Collect$$$$00002712                 0x08000104   Section        4  entry2.o(.ARM.Collect$$$$00002712)
    __lit__00000000                          0x08000104   Data           4  entry2.o(.ARM.Collect$$$$00002712)
    .text                                    0x08000108   Section       36  startup_stm32l1xx_md.o(.text)
    .text                                    0x0800012c   Section        0  memseta.o(.text)
    .text                                    0x08000150   Section        0  strstr.o(.text)
    .text                                    0x08000174   Section        0  strncmp.o(.text)
    .text                                    0x08000194   Section       36  init.o(.text)
    i.ADC_Cmd                                0x080001b8   Section        0  stm32l1xx_adc.o(i.ADC_Cmd)
    i.ADC_DeInit                             0x080001d0   Section        0  stm32l1xx_adc.o(i.ADC_DeInit)
    i.ADC_GetFlagStatus                      0x080001f0   Section        0  stm32l1xx_adc.o(i.ADC_GetFlagStatus)
    i.ADC_Init                               0x08000204   Section        0  stm32l1xx_adc.o(i.ADC_Init)
    i.BC95_Init                              0x08000258   Section        0  bc95.o(i.BC95_Init)
    i.BC95_RECCOAPData                       0x08000708   Section        0  bc95.o(i.BC95_RECCOAPData)
    i.BC95_SendCOAPdata                      0x08000760   Section        0  bc95.o(i.BC95_SendCOAPdata)
    i.BC95_SendCOAPdata_try                  0x08000838   Section        0  bc95.o(i.BC95_SendCOAPdata_try)
    i.BusFault_Handler                       0x080008b0   Section        0  stm32l1xx_it.o(i.BusFault_Handler)
    i.CDP_Init                               0x080008b4   Section        0  bc95.o(i.CDP_Init)
    i.Clear_Buffer                           0x08000acc   Section        0  bc95.o(i.Clear_Buffer)
    i.DebugMon_Handler                       0x08000af8   Section        0  stm32l1xx_it.o(i.DebugMon_Handler)
    i.Delay                                  0x08000afc   Section        0  delay.o(i.Delay)
    i.GPIO_Init                              0x08000b3c   Section        0  stm32l1xx_gpio.o(i.GPIO_Init)
    i.GPIO_PinAFConfig                       0x08000bc0   Section        0  stm32l1xx_gpio.o(i.GPIO_PinAFConfig)
    i.GPIO_ReadInputDataBit                  0x08000c06   Section        0  stm32l1xx_gpio.o(i.GPIO_ReadInputDataBit)
    i.GPIO_SetBits                           0x08000c18   Section        0  stm32l1xx_gpio.o(i.GPIO_SetBits)
    i.GPIO_ToggleBits                        0x08000c1c   Section        0  stm32l1xx_gpio.o(i.GPIO_ToggleBits)
    i.HardFault_Handler                      0x08000c24   Section        0  stm32l1xx_it.o(i.HardFault_Handler)
    i.KEY_init                               0x08000c28   Section        0  key.o(i.KEY_init)
    i.KEY_scan                               0x08000c80   Section        0  key.o(i.KEY_scan)
    i.LED_Init                               0x08000df8   Section        0  led.o(i.LED_Init)
    i.MemManage_Handler                      0x08000e2c   Section        0  stm32l1xx_it.o(i.MemManage_Handler)
    i.NMI_Handler                            0x08000e30   Section        0  stm32l1xx_it.o(i.NMI_Handler)
    i.NVIC_Init                              0x08000e34   Section        0  misc.o(i.NVIC_Init)
    i.NVIC_PriorityGroupConfig               0x08000eac   Section        0  misc.o(i.NVIC_PriorityGroupConfig)
    i.PendSV_Handler                         0x08000ec0   Section        0  stm32l1xx_it.o(i.PendSV_Handler)
    i.RCC_AHBPeriphClockCmd                  0x08000ec4   Section        0  stm32l1xx_rcc.o(i.RCC_AHBPeriphClockCmd)
    i.RCC_APB1PeriphClockCmd                 0x08000ee4   Section        0  stm32l1xx_rcc.o(i.RCC_APB1PeriphClockCmd)
    i.RCC_APB2PeriphClockCmd                 0x08000f04   Section        0  stm32l1xx_rcc.o(i.RCC_APB2PeriphClockCmd)
    i.RCC_APB2PeriphResetCmd                 0x08000f24   Section        0  stm32l1xx_rcc.o(i.RCC_APB2PeriphResetCmd)
    i.RCC_GetClocksFreq                      0x08000f44   Section        0  stm32l1xx_rcc.o(i.RCC_GetClocksFreq)
    i.RCC_GetFlagStatus                      0x08001044   Section        0  stm32l1xx_rcc.o(i.RCC_GetFlagStatus)
    i.RCC_HSICmd                             0x08001078   Section        0  stm32l1xx_rcc.o(i.RCC_HSICmd)
    i.SVC_Handler                            0x08001084   Section        0  stm32l1xx_it.o(i.SVC_Handler)
    i.SetSysClock                            0x08001088   Section        0  system_stm32l1xx.o(i.SetSysClock)
    SetSysClock                              0x08001089   Thumb Code   258  system_stm32l1xx.o(i.SetSysClock)
    i.SysTick_CLKSourceConfig                0x08001198   Section        0  misc.o(i.SysTick_CLKSourceConfig)
    i.SysTick_Handler                        0x080011c0   Section        0  stm32l1xx_it.o(i.SysTick_Handler)
    i.SystemInit                             0x080011c4   Section        0  system_stm32l1xx.o(i.SystemInit)
    i.TIM3_IRQHandler                        0x0800122c   Section        0  timer.o(i.TIM3_IRQHandler)
    i.TIM3_Int_Init                          0x0800124c   Section        0  timer.o(i.TIM3_Int_Init)
    i.TIM4_IRQHandler                        0x080012a8   Section        0  timer.o(i.TIM4_IRQHandler)
    i.TIM4_Int_Init                          0x0800131c   Section        0  timer.o(i.TIM4_Int_Init)
    i.TIM_ClearITPendingBit                  0x08001378   Section        0  stm32l1xx_tim.o(i.TIM_ClearITPendingBit)
    i.TIM_Cmd                                0x0800137e   Section        0  stm32l1xx_tim.o(i.TIM_Cmd)
    i.TIM_GetITStatus                        0x08001396   Section        0  stm32l1xx_tim.o(i.TIM_GetITStatus)
    i.TIM_ITConfig                           0x080013b8   Section        0  stm32l1xx_tim.o(i.TIM_ITConfig)
    i.TIM_TimeBaseInit                       0x080013cc   Section        0  stm32l1xx_tim.o(i.TIM_TimeBaseInit)
    i.UART1_send_byte                        0x0800142c   Section        0  usart.o(i.UART1_send_byte)
    i.USART1_IRQHandler                      0x0800144c   Section        0  usart.o(i.USART1_IRQHandler)
    i.USART2_IRQHandler                      0x0800148c   Section        0  usart.o(i.USART2_IRQHandler)
    i.USART3_IRQHandler                      0x080014f4   Section        0  usart.o(i.USART3_IRQHandler)
    i.USART_ClearITPendingBit                0x08001534   Section        0  stm32l1xx_usart.o(i.USART_ClearITPendingBit)
    i.USART_Cmd                              0x08001552   Section        0  stm32l1xx_usart.o(i.USART_Cmd)
    i.USART_GetFlagStatus                    0x0800156a   Section        0  stm32l1xx_usart.o(i.USART_GetFlagStatus)
    i.USART_GetITStatus                      0x08001584   Section        0  stm32l1xx_usart.o(i.USART_GetITStatus)
    i.USART_ITConfig                         0x080015d8   Section        0  stm32l1xx_usart.o(i.USART_ITConfig)
    i.USART_Init                             0x08001624   Section        0  stm32l1xx_usart.o(i.USART_Init)
    i.USART_ReceiveData                      0x080016f0   Section        0  stm32l1xx_usart.o(i.USART_ReceiveData)
    i.USART_SendData                         0x080016fa   Section        0  stm32l1xx_usart.o(i.USART_SendData)
    i.Uart1_SendStr                          0x08001704   Section        0  usart.o(i.Uart1_SendStr)
    i.Uart1_SendStr_Len                      0x0800172c   Section        0  usart.o(i.Uart1_SendStr_Len)
    i.UsageFault_Handler                     0x08001758   Section        0  stm32l1xx_it.o(i.UsageFault_Handler)
    i.__0printf$2                            0x0800175c   Section        0  printf2.o(i.__0printf$2)
    i.__scatterload_copy                     0x0800177c   Section       14  handlers.o(i.__scatterload_copy)
    i.__scatterload_null                     0x0800178a   Section        2  handlers.o(i.__scatterload_null)
    i.__scatterload_zeroinit                 0x0800178c   Section       14  handlers.o(i.__scatterload_zeroinit)
    i._printf_core                           0x0800179a   Section        0  printf2.o(i._printf_core)
    _printf_core                             0x0800179b   Thumb Code   214  printf2.o(i._printf_core)
    i.check_buf_contain_str                  0x08001870   Section        0  gesture.o(i.check_buf_contain_str)
    i.check_buf_empty                        0x080018e0   Section        0  usart.o(i.check_buf_empty)
    i.check_buf_valid_data                   0x08001926   Section        0  usart.o(i.check_buf_valid_data)
    i.clear_buf                              0x0800196c   Section        0  gesture.o(i.clear_buf)
    i.copy_buf                               0x0800198c   Section        0  bc95.o(i.copy_buf)
    i.delay_init                             0x080019b4   Section        0  delay.o(i.delay_init)
    i.delay_ms                               0x080019f8   Section        0  delay.o(i.delay_ms)
    i.fputc                                  0x08001a38   Section        0  usart.o(i.fputc)
    i.free                                   0x08001a54   Section        0  malloc.o(i.free)
    i.gesture_handle                         0x08001aa4   Section        0  gesture.o(i.gesture_handle)
    i.hex_to_char                            0x08001c78   Section        0  bus.o(i.hex_to_char)
    i.main                                   0x08001cde   Section        0  main.o(i.main)
    i.main_init                              0x08001cfa   Section        0  main.o(i.main_init)
    i.malloc                                 0x08001d54   Section        0  malloc.o(i.malloc)
    i.press_ad_debug_print8                  0x08001dc0   Section        0  pressure_sensor.o(i.press_ad_debug_print8)
    i.press_sensor_adc_init                  0x08001de0   Section        0  pressure_sensor.o(i.press_sensor_adc_init)
    i.uart2_enable                           0x08001e84   Section        0  usart.o(i.uart2_enable)
    i.uart2_gesture_init                     0x08001e94   Section        0  usart.o(i.uart2_gesture_init)
    i.uart3_init                             0x08001f58   Section        0  usart.o(i.uart3_init)
    i.uart_init                              0x08002018   Section        0  usart.o(i.uart_init)
    i.upload_buf_gesture_frame               0x080020dc   Section        0  bus.o(i.upload_buf_gesture_frame)
    i.upload_change_sequence                 0x08002220   Section        0  bus.o(i.upload_change_sequence)
    i.upload_gesture_handle                  0x0800223c   Section        0  bus.o(i.upload_gesture_handle)
    i.upload_init                            0x08002268   Section        0  bus.o(i.upload_init)
    .constdata                               0x08002288   Section        6  gesture.o(.constdata)
    GESTURE_STA_LEN                          0x08002288   Data           6  gesture.o(.constdata)
    .conststring                             0x08002290   Section       38  gesture.o(.conststring)
    .data                                    0x20000000   Section        8  bc95.o(.data)
    .data                                    0x20000008   Section       25  stm32l1xx_rcc.o(.data)
    PLLMulTable                              0x20000008   Data           9  stm32l1xx_rcc.o(.data)
    APBAHBPrescTable                         0x20000011   Data          16  stm32l1xx_rcc.o(.data)
    .data                                    0x20000024   Section       29  system_stm32l1xx.o(.data)
    .data                                    0x20000041   Section        4  usart.o(.data)
    .data                                    0x20000045   Section        2  timer.o(.data)
    .data                                    0x20000048   Section        4  delay.o(.data)
    fac_us                                   0x20000048   Data           1  delay.o(.data)
    fac_ms                                   0x2000004a   Data           2  delay.o(.data)
    .data                                    0x2000004c   Section        2  key.o(.data)
    .data                                    0x2000004e   Section      101  bus.o(.data)
    .data                                    0x200000b4   Section       25  gesture.o(.data)
    GESTURE_STA                              0x200000b4   Data          24  gesture.o(.data)
    .data                                    0x200000d0   Section        4  stdout.o(.data)
    .data                                    0x200000d4   Section        4  mvars.o(.data)
    .data                                    0x200000d8   Section        4  mvars.o(.data)
    .bss                                     0x200000dc   Section      131  bc95.o(.bss)
    .bss                                     0x2000015f   Section      300  usart.o(.bss)
    .bss                                     0x2000028c   Section       42  pressure_sensor.o(.bss)
    HEAP                                     0x200002b8   Section      512  startup_stm32l1xx_md.o(HEAP)
    STACK                                    0x200004b8   Section     1024  startup_stm32l1xx_md.o(STACK)

    Global Symbols

    Symbol Name                              Value     Ov Type        Size  Object(Section)

    BuildAttributes$$THM_ISAv4$P$D$K$B$S$PE$A:L22UL41UL21$X:L11$S22US41US21$IEEE1$IW$USESV6$~STKCKD$USESV7$~SHL$OSPACE$ROPI$EBA8$MICROLIB$REQ8$PRES8$EABIv2 0x00000000   Number         0  anon$$obj.o ABSOLUTE
    __ARM_use_no_argv                        0x00000000   Number         0  main.o ABSOLUTE
    _printf_a                                0x00000000   Number         0  stubs.o ABSOLUTE
    _printf_c                                0x00000000   Number         0  stubs.o ABSOLUTE
    _printf_charcount                        0x00000000   Number         0  stubs.o ABSOLUTE
    _printf_d                                0x00000000   Number         0  stubs.o ABSOLUTE
    _printf_e                                0x00000000   Number         0  stubs.o ABSOLUTE
    _printf_f                                0x00000000   Number         0  stubs.o ABSOLUTE
    _printf_flags                            0x00000000   Number         0  stubs.o ABSOLUTE
    _printf_fp_dec                           0x00000000   Number         0  stubs.o ABSOLUTE
    _printf_fp_hex                           0x00000000   Number         0  stubs.o ABSOLUTE
    _printf_g                                0x00000000   Number         0  stubs.o ABSOLUTE
    _printf_i                                0x00000000   Number         0  stubs.o ABSOLUTE
    _printf_int_dec                          0x00000000   Number         0  stubs.o ABSOLUTE
    _printf_l                                0x00000000   Number         0  stubs.o ABSOLUTE
    _printf_lc                               0x00000000   Number         0  stubs.o ABSOLUTE
    _printf_ll                               0x00000000   Number         0  stubs.o ABSOLUTE
    _printf_lld                              0x00000000   Number         0  stubs.o ABSOLUTE
    _printf_lli                              0x00000000   Number         0  stubs.o ABSOLUTE
    _printf_llo                              0x00000000   Number         0  stubs.o ABSOLUTE
    _printf_llu                              0x00000000   Number         0  stubs.o ABSOLUTE
    _printf_llx                              0x00000000   Number         0  stubs.o ABSOLUTE
    _printf_longlong_dec                     0x00000000   Number         0  stubs.o ABSOLUTE
    _printf_longlong_hex                     0x00000000   Number         0  stubs.o ABSOLUTE
    _printf_longlong_oct                     0x00000000   Number         0  stubs.o ABSOLUTE
    _printf_ls                               0x00000000   Number         0  stubs.o ABSOLUTE
    _printf_mbtowc                           0x00000000   Number         0  stubs.o ABSOLUTE
    _printf_n                                0x00000000   Number         0  stubs.o ABSOLUTE
    _printf_o                                0x00000000   Number         0  stubs.o ABSOLUTE
    _printf_p                                0x00000000   Number         0  stubs.o ABSOLUTE
    _printf_percent                          0x00000000   Number         0  stubs.o ABSOLUTE
    _printf_pre_padding                      0x00000000   Number         0  stubs.o ABSOLUTE
    _printf_return_value                     0x00000000   Number         0  stubs.o ABSOLUTE
    _printf_s                                0x00000000   Number         0  stubs.o ABSOLUTE
    _printf_sizespec                         0x00000000   Number         0  stubs.o ABSOLUTE
    _printf_str                              0x00000000   Number         0  stubs.o ABSOLUTE
    _printf_truncate_signed                  0x00000000   Number         0  stubs.o ABSOLUTE
    _printf_truncate_unsigned                0x00000000   Number         0  stubs.o ABSOLUTE
    _printf_u                                0x00000000   Number         0  stubs.o ABSOLUTE
    _printf_wc                               0x00000000   Number         0  stubs.o ABSOLUTE
    _printf_wctomb                           0x00000000   Number         0  stubs.o ABSOLUTE
    _printf_widthprec                        0x00000000   Number         0  stubs.o ABSOLUTE
    _printf_x                                0x00000000   Number         0  stubs.o ABSOLUTE
    __cpp_initialize__aeabi_                  - Undefined Weak Reference
    __cxa_finalize                            - Undefined Weak Reference
    __decompress                              - Undefined Weak Reference
    _clock_init                               - Undefined Weak Reference
    _microlib_exit                            - Undefined Weak Reference
    __Vectors_Size                           0x000000f4   Number         0  startup_stm32l1xx_md.o ABSOLUTE
    __Vectors                                0x08000000   Data           4  startup_stm32l1xx_md.o(RESET)
    __Vectors_End                            0x080000f4   Data           0  startup_stm32l1xx_md.o(RESET)
    __main                                   0x080000f5   Thumb Code     0  entry.o(.ARM.Collect$$$$00000000)
    _main_stk                                0x080000f5   Thumb Code     0  entry2.o(.ARM.Collect$$$$00000001)
    _main_scatterload                        0x080000f9   Thumb Code     0  entry5.o(.ARM.Collect$$$$00000004)
    __main_after_scatterload                 0x080000fd   Thumb Code     0  entry5.o(.ARM.Collect$$$$00000004)
    _main_clock                              0x080000fd   Thumb Code     0  entry7b.o(.ARM.Collect$$$$00000008)
    _main_cpp_init                           0x080000fd   Thumb Code     0  entry8b.o(.ARM.Collect$$$$0000000A)
    _main_init                               0x080000fd   Thumb Code     0  entry9a.o(.ARM.Collect$$$$0000000B)
    __rt_final_cpp                           0x08000105   Thumb Code     0  entry10a.o(.ARM.Collect$$$$0000000D)
    __rt_final_exit                          0x08000105   Thumb Code     0  entry11a.o(.ARM.Collect$$$$0000000F)
    Reset_Handler                            0x08000109   Thumb Code     8  startup_stm32l1xx_md.o(.text)
    ADC1_IRQHandler                          0x08000123   Thumb Code     0  startup_stm32l1xx_md.o(.text)
    COMP_IRQHandler                          0x08000123   Thumb Code     0  startup_stm32l1xx_md.o(.text)
    DAC_IRQHandler                           0x08000123   Thumb Code     0  startup_stm32l1xx_md.o(.text)
    DMA1_Channel1_IRQHandler                 0x08000123   Thumb Code     0  startup_stm32l1xx_md.o(.text)
    DMA1_Channel2_IRQHandler                 0x08000123   Thumb Code     0  startup_stm32l1xx_md.o(.text)
    DMA1_Channel3_IRQHandler                 0x08000123   Thumb Code     0  startup_stm32l1xx_md.o(.text)
    DMA1_Channel4_IRQHandler                 0x08000123   Thumb Code     0  startup_stm32l1xx_md.o(.text)
    DMA1_Channel5_IRQHandler                 0x08000123   Thumb Code     0  startup_stm32l1xx_md.o(.text)
    DMA1_Channel6_IRQHandler                 0x08000123   Thumb Code     0  startup_stm32l1xx_md.o(.text)
    DMA1_Channel7_IRQHandler                 0x08000123   Thumb Code     0  startup_stm32l1xx_md.o(.text)
    EXTI0_IRQHandler                         0x08000123   Thumb Code     0  startup_stm32l1xx_md.o(.text)
    EXTI15_10_IRQHandler                     0x08000123   Thumb Code     0  startup_stm32l1xx_md.o(.text)
    EXTI1_IRQHandler                         0x08000123   Thumb Code     0  startup_stm32l1xx_md.o(.text)
    EXTI2_IRQHandler                         0x08000123   Thumb Code     0  startup_stm32l1xx_md.o(.text)
    EXTI3_IRQHandler                         0x08000123   Thumb Code     0  startup_stm32l1xx_md.o(.text)
    EXTI4_IRQHandler                         0x08000123   Thumb Code     0  startup_stm32l1xx_md.o(.text)
    EXTI9_5_IRQHandler                       0x08000123   Thumb Code     0  startup_stm32l1xx_md.o(.text)
    FLASH_IRQHandler                         0x08000123   Thumb Code     0  startup_stm32l1xx_md.o(.text)
    I2C1_ER_IRQHandler                       0x08000123   Thumb Code     0  startup_stm32l1xx_md.o(.text)
    I2C1_EV_IRQHandler                       0x08000123   Thumb Code     0  startup_stm32l1xx_md.o(.text)
    I2C2_ER_IRQHandler                       0x08000123   Thumb Code     0  startup_stm32l1xx_md.o(.text)
    I2C2_EV_IRQHandler                       0x08000123   Thumb Code     0  startup_stm32l1xx_md.o(.text)
    LCD_IRQHandler                           0x08000123   Thumb Code     0  startup_stm32l1xx_md.o(.text)
    PVD_IRQHandler                           0x08000123   Thumb Code     0  startup_stm32l1xx_md.o(.text)
    RCC_IRQHandler                           0x08000123   Thumb Code     0  startup_stm32l1xx_md.o(.text)
    RTC_Alarm_IRQHandler                     0x08000123   Thumb Code     0  startup_stm32l1xx_md.o(.text)
    RTC_WKUP_IRQHandler                      0x08000123   Thumb Code     0  startup_stm32l1xx_md.o(.text)
    SPI1_IRQHandler                          0x08000123   Thumb Code     0  startup_stm32l1xx_md.o(.text)
    SPI2_IRQHandler                          0x08000123   Thumb Code     0  startup_stm32l1xx_md.o(.text)
    TAMPER_STAMP_IRQHandler                  0x08000123   Thumb Code     0  startup_stm32l1xx_md.o(.text)
    TIM10_IRQHandler                         0x08000123   Thumb Code     0  startup_stm32l1xx_md.o(.text)
    TIM11_IRQHandler                         0x08000123   Thumb Code     0  startup_stm32l1xx_md.o(.text)
    TIM2_IRQHandler                          0x08000123   Thumb Code     0  startup_stm32l1xx_md.o(.text)
    TIM6_IRQHandler                          0x08000123   Thumb Code     0  startup_stm32l1xx_md.o(.text)
    TIM7_IRQHandler                          0x08000123   Thumb Code     0  startup_stm32l1xx_md.o(.text)
    TIM9_IRQHandler                          0x08000123   Thumb Code     0  startup_stm32l1xx_md.o(.text)
    USB_FS_WKUP_IRQHandler                   0x08000123   Thumb Code     0  startup_stm32l1xx_md.o(.text)
    USB_HP_IRQHandler                        0x08000123   Thumb Code     0  startup_stm32l1xx_md.o(.text)
    USB_LP_IRQHandler                        0x08000123   Thumb Code     0  startup_stm32l1xx_md.o(.text)
    WWDG_IRQHandler                          0x08000123   Thumb Code     0  startup_stm32l1xx_md.o(.text)
    __aeabi_memset                           0x0800012d   Thumb Code    14  memseta.o(.text)
    __aeabi_memset4                          0x0800012d   Thumb Code     0  memseta.o(.text)
    __aeabi_memset8                          0x0800012d   Thumb Code     0  memseta.o(.text)
    __aeabi_memclr                           0x0800013b   Thumb Code     4  memseta.o(.text)
    __aeabi_memclr4                          0x0800013b   Thumb Code     0  memseta.o(.text)
    __aeabi_memclr8                          0x0800013b   Thumb Code     0  memseta.o(.text)
    _memset$wrapper                          0x0800013f   Thumb Code    18  memseta.o(.text)
    strstr                                   0x08000151   Thumb Code    36  strstr.o(.text)
    strncmp                                  0x08000175   Thumb Code    30  strncmp.o(.text)
    __scatterload                            0x08000195   Thumb Code    28  init.o(.text)
    __scatterload_rt2                        0x08000195   Thumb Code     0  init.o(.text)
    ADC_Cmd                                  0x080001b9   Thumb Code    22  stm32l1xx_adc.o(i.ADC_Cmd)
    ADC_DeInit                               0x080001d1   Thumb Code    28  stm32l1xx_adc.o(i.ADC_DeInit)
    ADC_GetFlagStatus                        0x080001f1   Thumb Code    18  stm32l1xx_adc.o(i.ADC_GetFlagStatus)
    ADC_Init                                 0x08000205   Thumb Code    74  stm32l1xx_adc.o(i.ADC_Init)
    BC95_Init                                0x08000259   Thumb Code   910  bc95.o(i.BC95_Init)
    BC95_RECCOAPData                         0x08000709   Thumb Code    50  bc95.o(i.BC95_RECCOAPData)
    BC95_SendCOAPdata                        0x08000761   Thumb Code   110  bc95.o(i.BC95_SendCOAPdata)
    BC95_SendCOAPdata_try                    0x08000839   Thumb Code    74  bc95.o(i.BC95_SendCOAPdata_try)
    BusFault_Handler                         0x080008b1   Thumb Code     4  stm32l1xx_it.o(i.BusFault_Handler)
    CDP_Init                                 0x080008b5   Thumb Code   410  bc95.o(i.CDP_Init)
    Clear_Buffer                             0x08000acd   Thumb Code    34  bc95.o(i.Clear_Buffer)
    DebugMon_Handler                         0x08000af9   Thumb Code     2  stm32l1xx_it.o(i.DebugMon_Handler)
    Delay                                    0x08000afd   Thumb Code    58  delay.o(i.Delay)
    GPIO_Init                                0x08000b3d   Thumb Code   132  stm32l1xx_gpio.o(i.GPIO_Init)
    GPIO_PinAFConfig                         0x08000bc1   Thumb Code    70  stm32l1xx_gpio.o(i.GPIO_PinAFConfig)
    GPIO_ReadInputDataBit                    0x08000c07   Thumb Code    18  stm32l1xx_gpio.o(i.GPIO_ReadInputDataBit)
    GPIO_SetBits                             0x08000c19   Thumb Code     4  stm32l1xx_gpio.o(i.GPIO_SetBits)
    GPIO_ToggleBits                          0x08000c1d   Thumb Code     8  stm32l1xx_gpio.o(i.GPIO_ToggleBits)
    HardFault_Handler                        0x08000c25   Thumb Code     4  stm32l1xx_it.o(i.HardFault_Handler)
    KEY_init                                 0x08000c29   Thumb Code    74  key.o(i.KEY_init)
    KEY_scan                                 0x08000c81   Thumb Code   358  key.o(i.KEY_scan)
    LED_Init                                 0x08000df9   Thumb Code    48  led.o(i.LED_Init)
    MemManage_Handler                        0x08000e2d   Thumb Code     4  stm32l1xx_it.o(i.MemManage_Handler)
    NMI_Handler                              0x08000e31   Thumb Code     2  stm32l1xx_it.o(i.NMI_Handler)
    NVIC_Init                                0x08000e35   Thumb Code   106  misc.o(i.NVIC_Init)
    NVIC_PriorityGroupConfig                 0x08000ead   Thumb Code    10  misc.o(i.NVIC_PriorityGroupConfig)
    PendSV_Handler                           0x08000ec1   Thumb Code     2  stm32l1xx_it.o(i.PendSV_Handler)
    RCC_AHBPeriphClockCmd                    0x08000ec5   Thumb Code    26  stm32l1xx_rcc.o(i.RCC_AHBPeriphClockCmd)
    RCC_APB1PeriphClockCmd                   0x08000ee5   Thumb Code    26  stm32l1xx_rcc.o(i.RCC_APB1PeriphClockCmd)
    RCC_APB2PeriphClockCmd                   0x08000f05   Thumb Code    26  stm32l1xx_rcc.o(i.RCC_APB2PeriphClockCmd)
    RCC_APB2PeriphResetCmd                   0x08000f25   Thumb Code    26  stm32l1xx_rcc.o(i.RCC_APB2PeriphResetCmd)
    RCC_GetClocksFreq                        0x08000f45   Thumb Code   234  stm32l1xx_rcc.o(i.RCC_GetClocksFreq)
    RCC_GetFlagStatus                        0x08001045   Thumb Code    48  stm32l1xx_rcc.o(i.RCC_GetFlagStatus)
    RCC_HSICmd                               0x08001079   Thumb Code     6  stm32l1xx_rcc.o(i.RCC_HSICmd)
    SVC_Handler                              0x08001085   Thumb Code     2  stm32l1xx_it.o(i.SVC_Handler)
    SysTick_CLKSourceConfig                  0x08001199   Thumb Code    40  misc.o(i.SysTick_CLKSourceConfig)
    SysTick_Handler                          0x080011c1   Thumb Code     2  stm32l1xx_it.o(i.SysTick_Handler)
    SystemInit                               0x080011c5   Thumb Code    88  system_stm32l1xx.o(i.SystemInit)
    TIM3_IRQHandler                          0x0800122d   Thumb Code    26  timer.o(i.TIM3_IRQHandler)
    TIM3_Int_Init                            0x0800124d   Thumb Code    88  timer.o(i.TIM3_Int_Init)
    TIM4_IRQHandler                          0x080012a9   Thumb Code    94  timer.o(i.TIM4_IRQHandler)
    TIM4_Int_Init                            0x0800131d   Thumb Code    86  timer.o(i.TIM4_Int_Init)
    TIM_ClearITPendingBit                    0x08001379   Thumb Code     6  stm32l1xx_tim.o(i.TIM_ClearITPendingBit)
    TIM_Cmd                                  0x0800137f   Thumb Code    24  stm32l1xx_tim.o(i.TIM_Cmd)
    TIM_GetITStatus                          0x08001397   Thumb Code    34  stm32l1xx_tim.o(i.TIM_GetITStatus)
    TIM_ITConfig                             0x080013b9   Thumb Code    18  stm32l1xx_tim.o(i.TIM_ITConfig)
    TIM_TimeBaseInit                         0x080013cd   Thumb Code    76  stm32l1xx_tim.o(i.TIM_TimeBaseInit)
    UART1_send_byte                          0x0800142d   Thumb Code    28  usart.o(i.UART1_send_byte)
    USART1_IRQHandler                        0x0800144d   Thumb Code    50  usart.o(i.USART1_IRQHandler)
    USART2_IRQHandler                        0x0800148d   Thumb Code    92  usart.o(i.USART2_IRQHandler)
    USART3_IRQHandler                        0x080014f5   Thumb Code    50  usart.o(i.USART3_IRQHandler)
    USART_ClearITPendingBit                  0x08001535   Thumb Code    30  stm32l1xx_usart.o(i.USART_ClearITPendingBit)
    USART_Cmd                                0x08001553   Thumb Code    24  stm32l1xx_usart.o(i.USART_Cmd)
    USART_GetFlagStatus                      0x0800156b   Thumb Code    26  stm32l1xx_usart.o(i.USART_GetFlagStatus)
    USART_GetITStatus                        0x08001585   Thumb Code    84  stm32l1xx_usart.o(i.USART_GetITStatus)
    USART_ITConfig                           0x080015d9   Thumb Code    74  stm32l1xx_usart.o(i.USART_ITConfig)
    USART_Init                               0x08001625   Thumb Code   198  stm32l1xx_usart.o(i.USART_Init)
    USART_ReceiveData                        0x080016f1   Thumb Code    10  stm32l1xx_usart.o(i.USART_ReceiveData)
    USART_SendData                           0x080016fb   Thumb Code     8  stm32l1xx_usart.o(i.USART_SendData)
    Uart1_SendStr                            0x08001705   Thumb Code    34  usart.o(i.Uart1_SendStr)
    Uart1_SendStr_Len                        0x0800172d   Thumb Code    38  usart.o(i.Uart1_SendStr_Len)
    UsageFault_Handler                       0x08001759   Thumb Code     4  stm32l1xx_it.o(i.UsageFault_Handler)
    __0printf$2                              0x0800175d   Thumb Code    22  printf2.o(i.__0printf$2)
    __1printf$2                              0x0800175d   Thumb Code     0  printf2.o(i.__0printf$2)
    __2printf                                0x0800175d   Thumb Code     0  printf2.o(i.__0printf$2)
    __scatterload_copy                       0x0800177d   Thumb Code    14  handlers.o(i.__scatterload_copy)
    __scatterload_null                       0x0800178b   Thumb Code     2  handlers.o(i.__scatterload_null)
    __scatterload_zeroinit                   0x0800178d   Thumb Code    14  handlers.o(i.__scatterload_zeroinit)
    check_buf_contain_str                    0x08001871   Thumb Code   106  gesture.o(i.check_buf_contain_str)
    check_buf_empty                          0x080018e1   Thumb Code    70  usart.o(i.check_buf_empty)
    check_buf_valid_data                     0x08001927   Thumb Code    70  usart.o(i.check_buf_valid_data)
    clear_buf                                0x0800196d   Thumb Code    28  gesture.o(i.clear_buf)
    copy_buf                                 0x0800198d   Thumb Code    40  bc95.o(i.copy_buf)
    delay_init                               0x080019b5   Thumb Code    50  delay.o(i.delay_init)
    delay_ms                                 0x080019f9   Thumb Code    58  delay.o(i.delay_ms)
    fputc                                    0x08001a39   Thumb Code    24  usart.o(i.fputc)
    free                                     0x08001a55   Thumb Code    76  malloc.o(i.free)
    gesture_handle                           0x08001aa5   Thumb Code   444  gesture.o(i.gesture_handle)
    hex_to_char                              0x08001c79   Thumb Code   102  bus.o(i.hex_to_char)
    main                                     0x08001cdf   Thumb Code    28  main.o(i.main)
    main_init                                0x08001cfb   Thumb Code    90  main.o(i.main_init)
    malloc                                   0x08001d55   Thumb Code    92  malloc.o(i.malloc)
    press_ad_debug_print8                    0x08001dc1   Thumb Code    32  pressure_sensor.o(i.press_ad_debug_print8)
    press_sensor_adc_init                    0x08001de1   Thumb Code   146  pressure_sensor.o(i.press_sensor_adc_init)
    uart2_enable                             0x08001e85   Thumb Code    12  usart.o(i.uart2_enable)
    uart2_gesture_init                       0x08001e95   Thumb Code   182  usart.o(i.uart2_gesture_init)
    uart3_init                               0x08001f59   Thumb Code   182  usart.o(i.uart3_init)
    uart_init                                0x08002019   Thumb Code   186  usart.o(i.uart_init)
    upload_buf_gesture_frame                 0x080020dd   Thumb Code   312  bus.o(i.upload_buf_gesture_frame)
    upload_change_sequence                   0x08002221   Thumb Code    24  bus.o(i.upload_change_sequence)
    upload_gesture_handle                    0x0800223d   Thumb Code    30  bus.o(i.upload_gesture_handle)
    upload_init                              0x08002269   Thumb Code    24  bus.o(i.upload_init)
    Region$$Table$$Base                      0x080022b8   Number         0  anon$$obj.o(Region$$Table)
    Region$$Table$$Limit                     0x080022d8   Number         0  anon$$obj.o(Region$$Table)
    strx                                     0x20000000   Data           4  bc95.o(.data)
    extstrx                                  0x20000004   Data           4  bc95.o(.data)
    SystemCoreClock                          0x20000024   Data           4  system_stm32l1xx.o(.data)
    PLLMulTable                              0x20000028   Data           9  system_stm32l1xx.o(.data)
    AHBPrescTable                            0x20000031   Data          16  system_stm32l1xx.o(.data)
    RxCounter                                0x20000041   Data           1  usart.o(.data)
    RxCounter1                               0x20000042   Data           1  usart.o(.data)
    usart2_read_loc                          0x20000043   Data           1  usart.o(.data)
    usart2_write_loc                         0x20000044   Data           1  usart.o(.data)
    g_time                                   0x20000045   Data           1  timer.o(.data)
    netstatus                                0x20000046   Data           1  timer.o(.data)
    g_key                                    0x2000004c   Data           2  key.o(.data)
    debug_char                               0x2000004e   Data           1  bus.o(.data)
    sendata_press                            0x2000004f   Data          17  bus.o(.data)
    sendata                                  0x20000060   Data          11  bus.o(.data)
    send_buf                                 0x2000006b   Data          66  bus.o(.data)
    upload_buf_sequence                      0x200000ad   Data           1  bus.o(.data)
    write_location                           0x200000ae   Data           1  bus.o(.data)
    read_location                            0x200000af   Data           1  bus.o(.data)
    read_data_success_flag                   0x200000b0   Data           1  bus.o(.data)
    write_data_success_flag                  0x200000b1   Data           1  bus.o(.data)
    upload_main_loop_count                   0x200000b2   Data           1  bus.o(.data)
    g_gesture                                0x200000cc   Data           1  gesture.o(.data)
    __stdout                                 0x200000d0   Data           4  stdout.o(.data)
    __microlib_freelist                      0x200000d4   Data           4  mvars.o(.data)
    __microlib_freelist_initialised          0x200000d8   Data           4  mvars.o(.data)
    str_imei                                 0x200000dc   Data          16  bc95.o(.bss)
    BC95_Status                              0x200000ec   Data         115  bc95.o(.bss)
    RxBuffer                                 0x2000015f   Data         100  usart.o(.bss)
    RxBuffer1                                0x200001c3   Data         100  usart.o(.bss)
    RxBuffer2                                0x20000227   Data         100  usart.o(.bss)
    press_ad                                 0x2000028c   Data          42  pressure_sensor.o(.bss)
    __heap_base                              0x200002b8   Data           0  startup_stm32l1xx_md.o(HEAP)
    __heap_limit                             0x200004b8   Data           0  startup_stm32l1xx_md.o(HEAP)
    __initial_sp                             0x200008b8   Data           0  startup_stm32l1xx_md.o(STACK)



==============================================================================

Memory Map of the image

  Image Entry point : 0x080000f5

  Load Region LR_IROM1 (Base: 0x08000000, Size: 0x000023b4, Max: 0x00010000, ABSOLUTE)

    Execution Region ER_IROM1 (Base: 0x08000000, Size: 0x000022d8, Max: 0x00010000, ABSOLUTE)

    Base Addr    Size         Type   Attr      Idx    E Section Name        Object

    0x08000000   0x000000f4   Data   RO         2673    RESET               startup_stm32l1xx_md.o
    0x080000f4   0x00000000   Code   RO         3208  * .ARM.Collect$$$$00000000  mc_w.l(entry.o)
    0x080000f4   0x00000004   Code   RO         3506    .ARM.Collect$$$$00000001  mc_w.l(entry2.o)
    0x080000f8   0x00000004   Code   RO         3509    .ARM.Collect$$$$00000004  mc_w.l(entry5.o)
    0x080000fc   0x00000000   Code   RO         3511    .ARM.Collect$$$$00000008  mc_w.l(entry7b.o)
    0x080000fc   0x00000000   Code   RO         3513    .ARM.Collect$$$$0000000A  mc_w.l(entry8b.o)
    0x080000fc   0x00000008   Code   RO         3514    .ARM.Collect$$$$0000000B  mc_w.l(entry9a.o)
    0x08000104   0x00000000   Code   RO         3516    .ARM.Collect$$$$0000000D  mc_w.l(entry10a.o)
    0x08000104   0x00000000   Code   RO         3518    .ARM.Collect$$$$0000000F  mc_w.l(entry11a.o)
    0x08000104   0x00000004   Code   RO         3507    .ARM.Collect$$$$00002712  mc_w.l(entry2.o)
    0x08000108   0x00000024   Code   RO         2674    .text               startup_stm32l1xx_md.o
    0x0800012c   0x00000024   Code   RO         3211    .text               mc_w.l(memseta.o)
    0x08000150   0x00000024   Code   RO         3213    .text               mc_w.l(strstr.o)
    0x08000174   0x0000001e   Code   RO         3215    .text               mc_w.l(strncmp.o)
    0x08000192   0x00000002   PAD
    0x08000194   0x00000024   Code   RO         3542    .text               mc_w.l(init.o)
    0x080001b8   0x00000016   Code   RO          451    i.ADC_Cmd           stm32l1xx_adc.o
    0x080001ce   0x00000002   PAD
    0x080001d0   0x00000020   Code   RO          457    i.ADC_DeInit        stm32l1xx_adc.o
    0x080001f0   0x00000012   Code   RO          465    i.ADC_GetFlagStatus  stm32l1xx_adc.o
    0x08000202   0x00000002   PAD
    0x08000204   0x00000054   Code   RO          471    i.ADC_Init          stm32l1xx_adc.o
    0x08000258   0x000004b0   Code   RO          242    i.BC95_Init         bc95.o
    0x08000708   0x00000058   Code   RO          243    i.BC95_RECCOAPData  bc95.o
    0x08000760   0x000000d8   Code   RO          244    i.BC95_SendCOAPdata  bc95.o
    0x08000838   0x00000078   Code   RO          245    i.BC95_SendCOAPdata_try  bc95.o
    0x080008b0   0x00000004   Code   RO          171    i.BusFault_Handler  stm32l1xx_it.o
    0x080008b4   0x00000218   Code   RO          246    i.CDP_Init          bc95.o
    0x08000acc   0x0000002c   Code   RO          247    i.Clear_Buffer      bc95.o
    0x08000af8   0x00000002   Code   RO          172    i.DebugMon_Handler  stm32l1xx_it.o
    0x08000afa   0x00000002   PAD
    0x08000afc   0x00000040   Code   RO         2857    i.Delay             delay.o
    0x08000b3c   0x00000084   Code   RO         1036    i.GPIO_Init         stm32l1xx_gpio.o
    0x08000bc0   0x00000046   Code   RO         1037    i.GPIO_PinAFConfig  stm32l1xx_gpio.o
    0x08000c06   0x00000012   Code   RO         1040    i.GPIO_ReadInputDataBit  stm32l1xx_gpio.o
    0x08000c18   0x00000004   Code   RO         1044    i.GPIO_SetBits      stm32l1xx_gpio.o
    0x08000c1c   0x00000008   Code   RO         1046    i.GPIO_ToggleBits   stm32l1xx_gpio.o
    0x08000c24   0x00000004   Code   RO          173    i.HardFault_Handler  stm32l1xx_it.o
    0x08000c28   0x00000058   Code   RO         2962    i.KEY_init          key.o
    0x08000c80   0x00000178   Code   RO         2963    i.KEY_scan          key.o
    0x08000df8   0x00000034   Code   RO         2831    i.LED_Init          led.o
    0x08000e2c   0x00000004   Code   RO          174    i.MemManage_Handler  stm32l1xx_it.o
    0x08000e30   0x00000002   Code   RO          175    i.NMI_Handler       stm32l1xx_it.o
    0x08000e32   0x00000002   PAD
    0x08000e34   0x00000078   Code   RO          325    i.NVIC_Init         misc.o
    0x08000eac   0x00000014   Code   RO          326    i.NVIC_PriorityGroupConfig  misc.o
    0x08000ec0   0x00000002   Code   RO          176    i.PendSV_Handler    stm32l1xx_it.o
    0x08000ec2   0x00000002   PAD
    0x08000ec4   0x00000020   Code   RO         1477    i.RCC_AHBPeriphClockCmd  stm32l1xx_rcc.o
    0x08000ee4   0x00000020   Code   RO         1480    i.RCC_APB1PeriphClockCmd  stm32l1xx_rcc.o
    0x08000f04   0x00000020   Code   RO         1483    i.RCC_APB2PeriphClockCmd  stm32l1xx_rcc.o
    0x08000f24   0x00000020   Code   RO         1485    i.RCC_APB2PeriphResetCmd  stm32l1xx_rcc.o
    0x08000f44   0x00000100   Code   RO         1492    i.RCC_GetClocksFreq  stm32l1xx_rcc.o
    0x08001044   0x00000034   Code   RO         1493    i.RCC_GetFlagStatus  stm32l1xx_rcc.o
    0x08001078   0x0000000c   Code   RO         1498    i.RCC_HSICmd        stm32l1xx_rcc.o
    0x08001084   0x00000002   Code   RO          177    i.SVC_Handler       stm32l1xx_it.o
    0x08001086   0x00000002   PAD
    0x08001088   0x00000110   Code   RO         2636    i.SetSysClock       system_stm32l1xx.o
    0x08001198   0x00000028   Code   RO          329    i.SysTick_CLKSourceConfig  misc.o
    0x080011c0   0x00000002   Code   RO          178    i.SysTick_Handler   stm32l1xx_it.o
    0x080011c2   0x00000002   PAD
    0x080011c4   0x00000068   Code   RO         2638    i.SystemInit        system_stm32l1xx.o
    0x0800122c   0x00000020   Code   RO         2789    i.TIM3_IRQHandler   timer.o
    0x0800124c   0x0000005c   Code   RO         2790    i.TIM3_Int_Init     timer.o
    0x080012a8   0x00000074   Code   RO         2791    i.TIM4_IRQHandler   timer.o
    0x0800131c   0x0000005c   Code   RO         2792    i.TIM4_Int_Init     timer.o
    0x08001378   0x00000006   Code   RO         1823    i.TIM_ClearITPendingBit  stm32l1xx_tim.o
    0x0800137e   0x00000018   Code   RO         1828    i.TIM_Cmd           stm32l1xx_tim.o
    0x08001396   0x00000022   Code   RO         1848    i.TIM_GetITStatus   stm32l1xx_tim.o
    0x080013b8   0x00000012   Code   RO         1852    i.TIM_ITConfig      stm32l1xx_tim.o
    0x080013ca   0x00000002   PAD
    0x080013cc   0x00000060   Code   RO         1896    i.TIM_TimeBaseInit  stm32l1xx_tim.o
    0x0800142c   0x00000020   Code   RO         2680    i.UART1_send_byte   usart.o
    0x0800144c   0x00000040   Code   RO         2682    i.USART1_IRQHandler  usart.o
    0x0800148c   0x00000068   Code   RO         2683    i.USART2_IRQHandler  usart.o
    0x080014f4   0x00000040   Code   RO         2684    i.USART3_IRQHandler  usart.o
    0x08001534   0x0000001e   Code   RO         2334    i.USART_ClearITPendingBit  stm32l1xx_usart.o
    0x08001552   0x00000018   Code   RO         2337    i.USART_Cmd         stm32l1xx_usart.o
    0x0800156a   0x0000001a   Code   RO         2340    i.USART_GetFlagStatus  stm32l1xx_usart.o
    0x08001584   0x00000054   Code   RO         2341    i.USART_GetITStatus  stm32l1xx_usart.o
    0x080015d8   0x0000004a   Code   RO         2343    i.USART_ITConfig    stm32l1xx_usart.o
    0x08001622   0x00000002   PAD
    0x08001624   0x000000cc   Code   RO         2344    i.USART_Init        stm32l1xx_usart.o
    0x080016f0   0x0000000a   Code   RO         2351    i.USART_ReceiveData  stm32l1xx_usart.o
    0x080016fa   0x00000008   Code   RO         2354    i.USART_SendData    stm32l1xx_usart.o
    0x08001702   0x00000002   PAD
    0x08001704   0x00000028   Code   RO         2685    i.Uart1_SendStr     usart.o
    0x0800172c   0x0000002c   Code   RO         2686    i.Uart1_SendStr_Len  usart.o
    0x08001758   0x00000004   Code   RO          179    i.UsageFault_Handler  stm32l1xx_it.o
    0x0800175c   0x00000020   Code   RO         3284    i.__0printf$2       mc_w.l(printf2.o)
    0x0800177c   0x0000000e   Code   RO         3554    i.__scatterload_copy  mc_w.l(handlers.o)
    0x0800178a   0x00000002   Code   RO         3555    i.__scatterload_null  mc_w.l(handlers.o)
    0x0800178c   0x0000000e   Code   RO         3556    i.__scatterload_zeroinit  mc_w.l(handlers.o)
    0x0800179a   0x000000d6   Code   RO         3291    i._printf_core      mc_w.l(printf2.o)
    0x08001870   0x00000070   Code   RO         3166    i.check_buf_contain_str  gesture.o
    0x080018e0   0x00000046   Code   RO         2687    i.check_buf_empty   usart.o
    0x08001926   0x00000046   Code   RO         2688    i.check_buf_valid_data  usart.o
    0x0800196c   0x00000020   Code   RO         3167    i.clear_buf         gesture.o
    0x0800198c   0x00000028   Code   RO          248    i.copy_buf          bc95.o
    0x080019b4   0x00000044   Code   RO         2858    i.delay_init        delay.o
    0x080019f8   0x00000040   Code   RO         2859    i.delay_ms          delay.o
    0x08001a38   0x0000001c   Code   RO         2689    i.fputc             usart.o
    0x08001a54   0x00000050   Code   RO         3478    i.free              mc_w.l(malloc.o)
    0x08001aa4   0x000001d4   Code   RO         3169    i.gesture_handle    gesture.o
    0x08001c78   0x00000066   Code   RO         3007    i.hex_to_char       bus.o
    0x08001cde   0x0000001c   Code   RO            3    i.main              main.o
    0x08001cfa   0x0000005a   Code   RO            4    i.main_init         main.o
    0x08001d54   0x0000006c   Code   RO         3479    i.malloc            mc_w.l(malloc.o)
    0x08001dc0   0x00000020   Code   RO         3101    i.press_ad_debug_print8  pressure_sensor.o
    0x08001de0   0x000000a4   Code   RO         3105    i.press_sensor_adc_init  pressure_sensor.o
    0x08001e84   0x00000010   Code   RO         2690    i.uart2_enable      usart.o
    0x08001e94   0x000000c4   Code   RO         2691    i.uart2_gesture_init  usart.o
    0x08001f58   0x000000c0   Code   RO         2692    i.uart3_init        usart.o
    0x08002018   0x000000c4   Code   RO         2693    i.uart_init         usart.o
    0x080020dc   0x00000144   Code   RO         3010    i.upload_buf_gesture_frame  bus.o
    0x08002220   0x0000001c   Code   RO         3014    i.upload_change_sequence  bus.o
    0x0800223c   0x0000002c   Code   RO         3015    i.upload_gesture_handle  bus.o
    0x08002268   0x00000020   Code   RO         3017    i.upload_init       bus.o
    0x08002288   0x00000006   Data   RO         3170    .constdata          gesture.o
    0x0800228e   0x00000002   PAD
    0x08002290   0x00000026   Data   RO         3171    .conststring        gesture.o
    0x080022b6   0x00000002   PAD
    0x080022b8   0x00000020   Data   RO         3552    Region$$Table       anon$$obj.o


    Execution Region RW_IRAM1 (Base: 0x20000000, Size: 0x000008b8, Max: 0x00002800, ABSOLUTE)

    Base Addr    Size         Type   Attr      Idx    E Section Name        Object

    0x20000000   0x00000008   Data   RW          250    .data               bc95.o
    0x20000008   0x00000019   Data   RW         1515    .data               stm32l1xx_rcc.o
    0x20000021   0x00000003   PAD
    0x20000024   0x0000001d   Data   RW         2639    .data               system_stm32l1xx.o
    0x20000041   0x00000004   Data   RW         2695    .data               usart.o
    0x20000045   0x00000002   Data   RW         2793    .data               timer.o
    0x20000047   0x00000001   PAD
    0x20000048   0x00000004   Data   RW         2861    .data               delay.o
    0x2000004c   0x00000002   Data   RW         2966    .data               key.o
    0x2000004e   0x00000065   Data   RW         3020    .data               bus.o
    0x200000b3   0x00000001   PAD
    0x200000b4   0x00000019   Data   RW         3172    .data               gesture.o
    0x200000cd   0x00000003   PAD
    0x200000d0   0x00000004   Data   RW         3520    .data               mc_w.l(stdout.o)
    0x200000d4   0x00000004   Data   RW         3529    .data               mc_w.l(mvars.o)
    0x200000d8   0x00000004   Data   RW         3530    .data               mc_w.l(mvars.o)
    0x200000dc   0x00000083   Zero   RW          249    .bss                bc95.o
    0x2000015f   0x0000012c   Zero   RW         2694    .bss                usart.o
    0x2000028b   0x00000001   PAD
    0x2000028c   0x0000002a   Zero   RW         3106    .bss                pressure_sensor.o
    0x200002b6   0x00000002   PAD
    0x200002b8   0x00000200   Zero   RW         2672    HEAP                startup_stm32l1xx_md.o
    0x200004b8   0x00000400   Zero   RW         2671    STACK               startup_stm32l1xx_md.o


==============================================================================

Image component sizes


      Code (inc. data)   RO Data    RW Data    ZI Data      Debug   Object Name

      2244        616          0          8        131     205041   bc95.o
       530         46          0        101          0       3769   bus.o
       196         30          0          4          0       1748   delay.o
       612         34         44         25          0       2914   gesture.o
       464         32          0          2          0       2126   key.o
        52          4          0          0          0        483   led.o
       118          0          0          0          0     223423   main.o
       180         24          0          0          0      13301   misc.o
       196         18          0          0         42       2631   pressure_sensor.o
        36          8        244          0       1536        904   startup_stm32l1xx_md.o
       156         14          0          0          0      16046   stm32l1xx_adc.o
       232          0          0          0          0       9536   stm32l1xx_gpio.o
        26          0          0          0          0       3702   stm32l1xx_it.o
       448         56          0         25          0      15720   stm32l1xx_rcc.o
       178         20          0          0          0      21530   stm32l1xx_tim.o
       460          6          0          0          0      12415   stm32l1xx_usart.o
       376         30          0         29          0       1741   system_stm32l1xx.o
       332         38          0          2          0       2555   timer.o
      1116         98          0          4        300      10073   usart.o

    ----------------------------------------------------------------------
      7972       1074        324        208       2012     549658   Object Totals
         0          0         32          0          0          0   (incl. Generated)
        20          0          4          8          3          0   (incl. Padding)

    ----------------------------------------------------------------------

      Code (inc. data)   RO Data    RW Data    ZI Data      Debug   Library Member Name

         0          0          0          0          0          0   entry.o
         0          0          0          0          0          0   entry10a.o
         0          0          0          0          0          0   entry11a.o
         8          4          0          0          0          0   entry2.o
         4          0          0          0          0          0   entry5.o
         0          0          0          0          0          0   entry7b.o
         0          0          0          0          0          0   entry8b.o
         8          4          0          0          0          0   entry9a.o
        30          0          0          0          0          0   handlers.o
        36          8          0          0          0         68   init.o
       188         20          0          0          0        160   malloc.o
        36          0          0          0          0        108   memseta.o
         0          0          0          8          0          0   mvars.o
       246         10          0          0          0        176   printf2.o
         0          0          0          4          0          0   stdout.o
        30          0          0          0          0         80   strncmp.o
        36          0          0          0          0         80   strstr.o

    ----------------------------------------------------------------------
       624         46          0         12          0        672   Library Totals
         2          0          0          0          0          0   (incl. Padding)

    ----------------------------------------------------------------------

      Code (inc. data)   RO Data    RW Data    ZI Data      Debug   Library Name

       622         46          0         12          0        672   mc_w.l

    ----------------------------------------------------------------------
       624         46          0         12          0        672   Library Totals

    ----------------------------------------------------------------------

==============================================================================


      Code (inc. data)   RO Data    RW Data    ZI Data      Debug   

      8596       1120        324        220       2012     545958   Grand Totals
      8596       1120        324        220       2012     545958   ELF Image Totals
      8596       1120        324        220          0          0   ROM Totals

==============================================================================

    Total RO  Size (Code + RO Data)                 8920 (   8.71kB)
    Total RW  Size (RW Data + ZI Data)              2232 (   2.18kB)
    Total ROM Size (Code + RO Data + RW Data)       9140 (   8.93kB)

==============================================================================

