<html>
<body>
<pre>
<h1>µVision Build Log</h1>
<h2>Tool Versions:</h2>
IDE-Version: ¦ÌVision V5.14.0.0
Copyright (C) 2015 ARM Ltd and ARM Germany GmbH. All rights reserved.
License Information: Z JW, Microsoft, LIC=YA39U-S0Q0D-RA5DM-XACV9-QA6N8-PNDFL
 
Tool Versions:
Toolchain:       MDK-ARM Standard  Version: 5.14.0.0
Toolchain Path:  D:\ProgramFiles\MDK5\ARM\ARMCC\Bin
C Compiler:      Armcc.exe V5.05 update 1 (build 106)
Assembler:       Armasm.exe V5.05 update 1 (build 106)
Linker/Locator:  ArmLink.exe V5.05 update 1 (build 106)
Library Manager: ArmAr.exe V5.05 update 1 (build 106)
Hex Converter:   FromElf.exe V5.05 update 1 (build 106)
CPU DLL:         SARMCM3.DLL V5.14.0.0
Dialog DLL:      DCM.DLL V1.13.1.0
Target DLL:      STLink\ST-LINKIII-KEIL_SWO.dll V2.0.14.0_KEIL
Dialog DLL:      TCM.DLL V1.14.4.0
 
<h2>Project:</h2>
F:\MyGitHub\Item2_NB\NB_IOT_Gesture\Project\Test\MDK-ARM\Project.uvprojx
Project File Date:  02/26/2019

<h2>Output:</h2>
Build target 'STM32L1XX_MD(STM32L1xxxBxx)'
compiling usart.c...
..\..\HARDWARE\usart\usart.c(137): warning:  #167-D: argument of type "volatile char *" is incompatible with parameter of type "void *"
        memset(RxBuffer2,0,USART2_BUF_LEN-1);
..\..\HARDWARE\usart\usart.c(247): warning:  #167-D: argument of type "volatile char *" is incompatible with parameter of type "char *"
                if(check_buf_empty(RxBuffer2,USART2_BUF_LEN - 10,usart2_write_loc))
..\..\HARDWARE\usart\usart.c(266): warning:  #177-D: variable "result" was declared but never referenced
        u8 location,result;
..\..\HARDWARE\usart\usart.c(289): warning:  #177-D: variable "result" was declared but never referenced
        u8 location,result;
..\..\HARDWARE\usart\usart.c: 4 warnings, 0 errors
compiling gesture.c...
..\..\HARDWARE\gesture\gesture.c(17): warning:  #167-D: argument of type "volatile char *" is incompatible with parameter of type "char *"
        if (check_buf_valid_data(RxBuffer2,USART2_BUF_LEN,usart2_read_loc))
..\..\HARDWARE\gesture\gesture.c(21): warning:  #167-D: argument of type "volatile char *" is incompatible with parameter of type "char *"
                        Uart1_SendStr_Len(RxBuffer2,USART2_BUF_LEN);
..\..\HARDWARE\gesture\gesture.c(31): warning:  #167-D: argument of type "volatile char *" is incompatible with parameter of type "char *"
                if(check_buf_contain_str(RxBuffer2,GESTURE_STA[0],2))  
..\..\HARDWARE\gesture\gesture.c(45): warning:  #167-D: argument of type "volatile char *" is incompatible with parameter of type "char *"
                        clear_buf(RxBuffer2,4);
..\..\HARDWARE\gesture\gesture.c(48): warning:  #167-D: argument of type "volatile char *" is incompatible with parameter of type "char *"
                else if(check_buf_contain_str(RxBuffer2,GESTURE_STA[1],4))
..\..\HARDWARE\gesture\gesture.c(52): warning:  #167-D: argument of type "volatile char *" is incompatible with parameter of type "char *"
                        clear_buf(RxBuffer2,6);
..\..\HARDWARE\gesture\gesture.c(55): warning:  #167-D: argument of type "volatile char *" is incompatible with parameter of type "char *"
                else if(check_buf_contain_str(RxBuffer2,GESTURE_STA[2],4))
..\..\HARDWARE\gesture\gesture.c(59): warning:  #167-D: argument of type "volatile char *" is incompatible with parameter of type "char *"
                        clear_buf(RxBuffer2,6);
..\..\HARDWARE\gesture\gesture.c(62): warning:  #167-D: argument of type "volatile char *" is incompatible with parameter of type "char *"
                else if(check_buf_contain_str(RxBuffer2,GESTURE_STA[3],5))
..\..\HARDWARE\gesture\gesture.c(66): warning:  #167-D: argument of type "volatile char *" is incompatible with parameter of type "char *"
                        clear_buf(RxBuffer2,7);
..\..\HARDWARE\gesture\gesture.c(69): warning:  #167-D: argument of type "volatile char *" is incompatible with parameter of type "char *"
                else if(check_buf_contain_str(RxBuffer2,GESTURE_STA[4],3))
..\..\HARDWARE\gesture\gesture.c(73): warning:  #167-D: argument of type "volatile char *" is incompatible with parameter of type "char *"
                        clear_buf(RxBuffer2,5);
..\..\HARDWARE\gesture\gesture.c(76): warning:  #167-D: argument of type "volatile char *" is incompatible with parameter of type "char *"
                else if(check_buf_contain_str(RxBuffer2,GESTURE_STA[5],4))
..\..\HARDWARE\gesture\gesture.c(80): warning:  #167-D: argument of type "volatile char *" is incompatible with parameter of type "char *"
                        clear_buf(RxBuffer2,6);
..\..\HARDWARE\gesture\gesture.c(83): warning:  #167-D: argument of type "volatile char *" is incompatible with parameter of type "char *"
                else if(check_buf_contain_str(RxBuffer2,GESTURE_INIT,7))
..\..\HARDWARE\gesture\gesture.c(87): warning:  #167-D: argument of type "volatile char *" is incompatible with parameter of type "char *"
                        clear_buf(RxBuffer2,62);
..\..\HARDWARE\gesture\gesture.c(94): warning:  #167-D: argument of type "volatile char *" is incompatible with parameter of type "char *"
                        clear_buf(RxBuffer2,1);
..\..\HARDWARE\gesture\gesture.c(16): warning:  #177-D: variable "num" was declared but never referenced
        u8 num;
..\..\HARDWARE\gesture\gesture.c(109): warning:  #177-D: variable "i" was declared but never referenced
        u8 i;
..\..\HARDWARE\gesture\gesture.c: 19 warnings, 0 errors
linking...
Program Size: Code=5468 RO-data=324 RW-data=212 ZI-data=2004  
".\STM32L152-EVAL\STM32L152-EVAL.axf" - 0 Error(s), 23 Warning(s).

<h2>Collection of Component include folders:</h2>
  F:\MyGitHub\Item2_NB\NB_IOT_Gesture\Project\Test\MDK-ARM\RTE
  D:\ProgramFiles\MDK5\ARM\PACK\Keil\STM32L1xx_DFP\1.0.2\Device\Include

<h2>Collection of Component Files used:</h2>
</pre>
</body>
</html>
