<html>
<body>
<pre>
<h1>µVision Build Log</h1>
<h2>Tool Versions:</h2>
IDE-Version: ¦ÌVision V5.14.0.0
Copyright (C) 2015 ARM Ltd and ARM Germany GmbH. All rights reserved.
License Information: Z JW, Microsoft, LIC=YA39U-S0Q0D-RA5DM-XACV9-QA6N8-PNDFL
 
Tool Versions:
Toolchain:       MDK-ARM Standard  Version: 5.14.0.0
Toolchain Path:  D:\ProgramFiles\MDK5\ARM\ARMCC\Bin
C Compiler:      Armcc.exe V5.05 update 1 (build 106)
Assembler:       Armasm.exe V5.05 update 1 (build 106)
Linker/Locator:  ArmLink.exe V5.05 update 1 (build 106)
Library Manager: ArmAr.exe V5.05 update 1 (build 106)
Hex Converter:   FromElf.exe V5.05 update 1 (build 106)
CPU DLL:         SARMCM3.DLL V5.14.0.0
Dialog DLL:      DCM.DLL V1.13.1.0
Target DLL:      STLink\ST-LINKIII-KEIL_SWO.dll V2.0.14.0_KEIL
Dialog DLL:      TCM.DLL V1.14.4.0
 
<h2>Project:</h2>
F:\MyGitHub\Item2_NB\NB_IOT_Gesture_PAJ7620_IIC\Project\Test\MDK-ARM\Project.uvprojx
Project File Date:  04/23/2019

<h2>Output:</h2>
Build target 'STM32L1XX_MD(STM32L1xxxBxx)'
compiling main.c...
compiling timer.c...
compiling key.c...
compiling bus.c...
..\..\HARDWARE\bus\bus.c(172): warning:  #167-D: argument of type "unsigned char *" is incompatible with parameter of type "char *"
                Uart1_SendStr(send_buf);
..\..\HARDWARE\bus\bus.c(240): warning:  #167-D: argument of type "unsigned char *" is incompatible with parameter of type "char *"
                Uart1_SendStr(sendata);
..\..\HARDWARE\bus\bus.c(363): warning:  #167-D: argument of type "unsigned char *" is incompatible with parameter of type "char *"
                 Uart1_SendStr(sendata_press);
..\..\HARDWARE\bus\bus.c(394): warning:  #167-D: argument of type "unsigned char *" is incompatible with parameter of type "char *restrict"
                strncat(sendata_gesture,BUS1_MESSAGE_ID_GESTURE,2);
..\..\HARDWARE\bus\bus.c(398): warning:  #167-D: argument of type "unsigned char *" is incompatible with parameter of type "char *restrict"
                strncat(sendata_gesture,BUS2_HEAD,2);
..\..\HARDWARE\bus\bus.c(402): warning:  #167-D: argument of type "char *" is incompatible with parameter of type "unsigned char *"
                hex_to_str(imei_str,imei_hex_str,15);
..\..\HARDWARE\bus\bus.c(403): warning:  #167-D: argument of type "unsigned char *" is incompatible with parameter of type "char *restrict"
                strncat(sendata_gesture,imei_hex_str,30);
..\..\HARDWARE\bus\bus.c(403): warning:  #167-D: argument of type "unsigned char *" is incompatible with parameter of type "const char *restrict"
                strncat(sendata_gesture,imei_hex_str,30);
..\..\HARDWARE\bus\bus.c(407): warning:  #167-D: argument of type "unsigned char *" is incompatible with parameter of type "char *restrict"
                strncat(sendata_gesture,BUS4_COMMAND_TYPE_GESTURE,2);
..\..\HARDWARE\bus\bus.c(412): warning:  #167-D: argument of type "unsigned char *" is incompatible with parameter of type "char *restrict"
                strncat(sendata_gesture,temp_str,2);
..\..\HARDWARE\bus\bus.c(412): warning:  #167-D: argument of type "unsigned char *" is incompatible with parameter of type "const char *restrict"
                strncat(sendata_gesture,temp_str,2);
..\..\HARDWARE\bus\bus.c(417): warning:  #167-D: argument of type "unsigned char *" is incompatible with parameter of type "char *restrict"
                strncat(sendata_gesture,temp_str,2);
..\..\HARDWARE\bus\bus.c(417): warning:  #167-D: argument of type "unsigned char *" is incompatible with parameter of type "const char *restrict"
                strncat(sendata_gesture,temp_str,2);
..\..\HARDWARE\bus\bus.c(424): warning:  #167-D: argument of type "unsigned char *" is incompatible with parameter of type "char *"
                 Uart1_SendStr(sendata_gesture);
..\..\HARDWARE\bus\bus.c: 14 warnings, 0 errors
compiling gesture.c...
compiling paj7620u2.c...
compiling paj7620u2_iic.c...
..\..\HARDWARE\PAJ7620U2\paj7620u2_iic.c(57): warning:  #223-D: function "delay_us" declared implicitly
        delay_us(4);
..\..\HARDWARE\PAJ7620U2\paj7620u2_iic.c(69): warning:  #223-D: function "delay_us" declared implicitly
        delay_us(4);
..\..\HARDWARE\PAJ7620U2\paj7620u2_iic.c(83): warning:  #223-D: function "delay_us" declared implicitly
        GS_IIC_SDA=1;delay_us(3);          
..\..\HARDWARE\PAJ7620U2\paj7620u2_iic.c(104): warning:  #223-D: function "delay_us" declared implicitly
        delay_us(3);
..\..\HARDWARE\PAJ7620U2\paj7620u2_iic.c(116): warning:  #223-D: function "delay_us" declared implicitly
        delay_us(2);
..\..\HARDWARE\PAJ7620U2\paj7620u2_iic.c(138): warning:  #223-D: function "delay_us" declared implicitly
                delay_us(5);  
..\..\HARDWARE\PAJ7620U2\paj7620u2_iic.c(155): warning:  #223-D: function "delay_us" declared implicitly
                delay_us(4);
..\..\HARDWARE\PAJ7620U2\paj7620u2_iic.c: 7 warnings, 0 errors
linking...
Program Size: Code=8608 RO-data=508 RW-data=184 ZI-data=1552  
".\STM32L152-EVAL\STM32L152-EVAL.axf" - 0 Error(s), 21 Warning(s).

<h2>Collection of Component include folders:</h2>
  F:\MyGitHub\Item2_NB\NB_IOT_Gesture_PAJ7620_IIC\Project\Test\MDK-ARM\RTE
  D:\ProgramFiles\MDK5\ARM\PACK\Keil\STM32L1xx_DFP\1.0.2\Device\Include

<h2>Collection of Component Files used:</h2>
</pre>
</body>
</html>
