Component: ARM Compiler 5.05 update 1 (build 106) Tool: armlink [4d0efa]

==============================================================================

Section Cross References

    main.o(i.main) refers to main.o(i.main_init) for main_init
    main.o(i.main) refers to pressure_sensor.o(i.press_handle) for press_handle
    main.o(i.main) refers to bus.o(i.upload_buf_press_frame) for upload_buf_press_frame
    main.o(i.main) refers to bus.o(i.upload_press_handle) for upload_press_handle
    main.o(i.main_init) refers to misc.o(i.NVIC_PriorityGroupConfig) for NVIC_PriorityGroupConfig
    main.o(i.main_init) refers to delay.o(i.delay_init) for delay_init
    main.o(i.main_init) refers to led.o(i.LED_Init) for LED_Init
    main.o(i.main_init) refers to key.o(i.KEY_init) for KEY_init
    main.o(i.main_init) refers to pressure_sensor.o(i.press_sensor_adc_init) for press_sensor_adc_init
    main.o(i.main_init) refers to usart.o(i.uart_init) for uart_init
    main.o(i.main_init) refers to usart.o(i.uart3_init) for uart3_init
    main.o(i.main_init) refers to timer.o(i.TIM3_Int_Init) for TIM3_Int_Init
    main.o(i.main_init) refers to timer.o(i.TIM4_Int_Init) for TIM4_Int_Init
    main.o(i.main_init) refers to bc95.o(i.CDP_Init) for CDP_Init
    main.o(i.main_init) refers to bc95.o(i.BC95_Init) for BC95_Init
    main.o(i.main_init) refers to bus.o(i.upload_init) for upload_init
    bc95.o(i.BC95_Init) refers to printf2.o(i.__0printf$2) for __2printf
    bc95.o(i.BC95_Init) refers to delay.o(i.Delay) for Delay
    bc95.o(i.BC95_Init) refers to strstr.o(.text) for strstr
    bc95.o(i.BC95_Init) refers to bc95.o(i.Clear_Buffer) for Clear_Buffer
    bc95.o(i.BC95_Init) refers to usart.o(i.Uart1_SendStr) for Uart1_SendStr
    bc95.o(i.BC95_Init) refers to stm32l1xx_gpio.o(i.GPIO_ResetBits) for GPIO_ResetBits
    bc95.o(i.BC95_Init) refers to usart.o(.bss) for RxBuffer
    bc95.o(i.BC95_Init) refers to bc95.o(.data) for strx
    bc95.o(i.BC95_Init) refers to bc95.o(.bss) for BC95_Status
    bc95.o(i.BC95_RECCOAPData) refers to strstr.o(.text) for strstr
    bc95.o(i.BC95_RECCOAPData) refers to usart.o(i.Uart1_SendStr) for Uart1_SendStr
    bc95.o(i.BC95_RECCOAPData) refers to bc95.o(i.Clear_Buffer) for Clear_Buffer
    bc95.o(i.BC95_RECCOAPData) refers to usart.o(.bss) for RxBuffer
    bc95.o(i.BC95_RECCOAPData) refers to bc95.o(.data) for strx
    bc95.o(i.BC95_SendCOAPdata) refers to printf2.o(i.__0printf$2) for __2printf
    bc95.o(i.BC95_SendCOAPdata) refers to delay.o(i.Delay) for Delay
    bc95.o(i.BC95_SendCOAPdata) refers to strstr.o(.text) for strstr
    bc95.o(i.BC95_SendCOAPdata) refers to usart.o(i.Uart1_SendStr) for Uart1_SendStr
    bc95.o(i.BC95_SendCOAPdata) refers to bc95.o(i.Clear_Buffer) for Clear_Buffer
    bc95.o(i.BC95_SendCOAPdata) refers to bc95.o(i.BC95_SendCOAPdata_try) for BC95_SendCOAPdata_try
    bc95.o(i.BC95_SendCOAPdata) refers to usart.o(.bss) for RxBuffer
    bc95.o(i.BC95_SendCOAPdata) refers to bc95.o(.data) for strx
    bc95.o(i.BC95_SendCOAPdata_try) refers to printf2.o(i.__0printf$2) for __2printf
    bc95.o(i.BC95_SendCOAPdata_try) refers to delay.o(i.Delay) for Delay
    bc95.o(i.BC95_SendCOAPdata_try) refers to strstr.o(.text) for strstr
    bc95.o(i.BC95_SendCOAPdata_try) refers to usart.o(i.Uart1_SendStr) for Uart1_SendStr
    bc95.o(i.BC95_SendCOAPdata_try) refers to bc95.o(i.Clear_Buffer) for Clear_Buffer
    bc95.o(i.BC95_SendCOAPdata_try) refers to usart.o(.bss) for RxBuffer
    bc95.o(i.BC95_SendCOAPdata_try) refers to bc95.o(.data) for strx
    bc95.o(i.CDP_Init) refers to printf2.o(i.__0printf$2) for __2printf
    bc95.o(i.CDP_Init) refers to delay.o(i.Delay) for Delay
    bc95.o(i.CDP_Init) refers to strstr.o(.text) for strstr
    bc95.o(i.CDP_Init) refers to bc95.o(i.Clear_Buffer) for Clear_Buffer
    bc95.o(i.CDP_Init) refers to usart.o(.bss) for RxBuffer
    bc95.o(i.CDP_Init) refers to bc95.o(.data) for strx
    bc95.o(i.CDP_Init) refers to bc95.o(.bss) for BC95_Status
    bc95.o(i.Clear_Buffer) refers to usart.o(i.Uart1_SendStr) for Uart1_SendStr
    bc95.o(i.Clear_Buffer) refers to usart.o(.bss) for RxBuffer
    bc95.o(i.Clear_Buffer) refers to usart.o(.data) for RxCounter
    stm32l1xx_adc.o(i.ADC_DeInit) refers to stm32l1xx_rcc.o(i.RCC_APB2PeriphResetCmd) for RCC_APB2PeriphResetCmd
    stm32l1xx_aes.o(i.AES_DeInit) refers to stm32l1xx_rcc.o(i.RCC_AHBPeriphResetCmd) for RCC_AHBPeriphResetCmd
    stm32l1xx_gpio.o(i.GPIO_DeInit) refers to stm32l1xx_rcc.o(i.RCC_AHBPeriphResetCmd) for RCC_AHBPeriphResetCmd
    stm32l1xx_lcd.o(i.LCD_DeInit) refers to stm32l1xx_rcc.o(i.RCC_APB1PeriphResetCmd) for RCC_APB1PeriphResetCmd
    stm32l1xx_lcd.o(i.LCD_Init) refers to stm32l1xx_lcd.o(i.LCD_WaitForSynchro) for LCD_WaitForSynchro
    stm32l1xx_pwr.o(i.PWR_DeInit) refers to stm32l1xx_rcc.o(i.RCC_APB1PeriphResetCmd) for RCC_APB1PeriphResetCmd
    stm32l1xx_rcc.o(i.RCC_GetClocksFreq) refers to stm32l1xx_rcc.o(.data) for PLLMulTable
[...]
    printf6.o(i.__0vsprintf$6) refers to printf6.o(i._sputc) for _sputc
    printf6.o(i._printf_core) refers to printf6.o(i._printf_pre_padding) for _printf_pre_padding
    printf6.o(i._printf_core) refers to uidiv.o(.text) for __aeabi_uidivmod
    printf6.o(i._printf_core) refers to printf6.o(i._printf_post_padding) for _printf_post_padding
    printf7.o(i.__0fprintf$7) refers to printf7.o(i._printf_core) for _printf_core
    printf7.o(i.__0fprintf$7) refers to usart.o(i.fputc) for fputc
    printf7.o(i.__0printf$7) refers to printf7.o(i._printf_core) for _printf_core
    printf7.o(i.__0printf$7) refers to usart.o(i.fputc) for fputc
    printf7.o(i.__0printf$7) refers to stdout.o(.data) for __stdout
    printf7.o(i.__0snprintf$7) refers to printf7.o(i._printf_core) for _printf_core
    printf7.o(i.__0snprintf$7) refers to printf7.o(i._snputc) for _snputc
    printf7.o(i.__0sprintf$7) refers to printf7.o(i._printf_core) for _printf_core
    printf7.o(i.__0sprintf$7) refers to printf7.o(i._sputc) for _sputc
    printf7.o(i.__0vfprintf$7) refers to printf7.o(i._printf_core) for _printf_core
    printf7.o(i.__0vfprintf$7) refers to usart.o(i.fputc) for fputc
    printf7.o(i.__0vprintf$7) refers to printf7.o(i._printf_core) for _printf_core
    printf7.o(i.__0vprintf$7) refers to usart.o(i.fputc) for fputc
    printf7.o(i.__0vprintf$7) refers to stdout.o(.data) for __stdout
    printf7.o(i.__0vsnprintf$7) refers to printf7.o(i._printf_core) for _printf_core
    printf7.o(i.__0vsnprintf$7) refers to printf7.o(i._snputc) for _snputc
    printf7.o(i.__0vsprintf$7) refers to printf7.o(i._printf_core) for _printf_core
    printf7.o(i.__0vsprintf$7) refers to printf7.o(i._sputc) for _sputc
    printf7.o(i._printf_core) refers to printf7.o(i._printf_pre_padding) for _printf_pre_padding
    printf7.o(i._printf_core) refers to uldiv.o(.text) for __aeabi_uldivmod
    printf7.o(i._printf_core) refers to printf7.o(i._printf_post_padding) for _printf_post_padding
    printf8.o(i.__0fprintf$8) refers to printf8.o(i._printf_core) for _printf_core
    printf8.o(i.__0fprintf$8) refers to usart.o(i.fputc) for fputc
    printf8.o(i.__0printf$8) refers to printf8.o(i._printf_core) for _printf_core
    printf8.o(i.__0printf$8) refers to usart.o(i.fputc) for fputc
    printf8.o(i.__0printf$8) refers to stdout.o(.data) for __stdout
    printf8.o(i.__0snprintf$8) refers to printf8.o(i._printf_core) for _printf_core
    printf8.o(i.__0snprintf$8) refers to printf8.o(i._snputc) for _snputc
    printf8.o(i.__0sprintf$8) refers to printf8.o(i._printf_core) for _printf_core
    printf8.o(i.__0sprintf$8) refers to printf8.o(i._sputc) for _sputc
    printf8.o(i.__0vfprintf$8) refers to printf8.o(i._printf_core) for _printf_core
    printf8.o(i.__0vfprintf$8) refers to usart.o(i.fputc) for fputc
    printf8.o(i.__0vprintf$8) refers to printf8.o(i._printf_core) for _printf_core
    printf8.o(i.__0vprintf$8) refers to usart.o(i.fputc) for fputc
    printf8.o(i.__0vprintf$8) refers to stdout.o(.data) for __stdout
    printf8.o(i.__0vsnprintf$8) refers to printf8.o(i._printf_core) for _printf_core
    printf8.o(i.__0vsnprintf$8) refers to printf8.o(i._snputc) for _snputc
    printf8.o(i.__0vsprintf$8) refers to printf8.o(i._printf_core) for _printf_core
    printf8.o(i.__0vsprintf$8) refers to printf8.o(i._sputc) for _sputc
    printf8.o(i._printf_core) refers to printf8.o(i._printf_pre_padding) for _printf_pre_padding
    printf8.o(i._printf_core) refers to uldiv.o(.text) for __aeabi_uldivmod
    printf8.o(i._printf_core) refers to printf8.o(i._printf_post_padding) for _printf_post_padding
    printfa.o(i.__0fprintf) refers (Special) to iusefp.o(.text) for __I$use$fp
    printfa.o(i.__0fprintf) refers to printfa.o(i._printf_core) for _printf_core
    printfa.o(i.__0fprintf) refers to usart.o(i.fputc) for fputc
    printfa.o(i.__0printf) refers (Special) to iusefp.o(.text) for __I$use$fp
    printfa.o(i.__0printf) refers to printfa.o(i._printf_core) for _printf_core
    printfa.o(i.__0printf) refers to usart.o(i.fputc) for fputc
    printfa.o(i.__0printf) refers to stdout.o(.data) for __stdout
    printfa.o(i.__0snprintf) refers (Special) to iusefp.o(.text) for __I$use$fp
    printfa.o(i.__0snprintf) refers to printfa.o(i._printf_core) for _printf_core
    printfa.o(i.__0snprintf) refers to printfa.o(i._snputc) for _snputc
    printfa.o(i.__0sprintf) refers (Special) to iusefp.o(.text) for __I$use$fp
    printfa.o(i.__0sprintf) refers to printfa.o(i._printf_core) for _printf_core
    printfa.o(i.__0sprintf) refers to printfa.o(i._sputc) for _sputc
    printfa.o(i.__0vfprintf) refers (Special) to iusefp.o(.text) for __I$use$fp
    printfa.o(i.__0vfprintf) refers to printfa.o(i._printf_core) for _printf_core
    printfa.o(i.__0vfprintf) refers to usart.o(i.fputc) for fputc
    printfa.o(i.__0vprintf) refers (Special) to iusefp.o(.text) for __I$use$fp
    printfa.o(i.__0vprintf) refers to printfa.o(i._printf_core) for _printf_core
    printfa.o(i.__0vprintf) refers to usart.o(i.fputc) for fputc
    printfa.o(i.__0vprintf) refers to stdout.o(.data) for __stdout
    printfa.o(i.__0vsnprintf) refers (Special) to iusefp.o(.text) for __I$use$fp
    printfa.o(i.__0vsnprintf) refers to printfa.o(i._printf_core) for _printf_core
    printfa.o(i.__0vsnprintf) refers to printfa.o(i._snputc) for _snputc
    printfa.o(i.__0vsprintf) refers (Special) to iusefp.o(.text) for __I$use$fp
    printfa.o(i.__0vsprintf) refers to printfa.o(i._printf_core) for _printf_core
    printfa.o(i.__0vsprintf) refers to printfa.o(i._sputc) for _sputc
    printfa.o(i._fp_digits) refers (Special) to iusefp.o(.text) for __I$use$fp
    printfa.o(i._fp_digits) refers to dmul.o(.text) for __aeabi_dmul
    printfa.o(i._fp_digits) refers to ddiv.o(.text) for __aeabi_ddiv
    printfa.o(i._fp_digits) refers to cdrcmple.o(.text) for __aeabi_cdrcmple
    printfa.o(i._fp_digits) refers to dadd.o(.text) for __aeabi_dadd
    printfa.o(i._fp_digits) refers to dfixul.o(.text) for __aeabi_d2ulz
    printfa.o(i._fp_digits) refers to uldiv.o(.text) for __aeabi_uldivmod
    printfa.o(i._printf_core) refers (Special) to iusefp.o(.text) for __I$use$fp
    printfa.o(i._printf_core) refers to printfa.o(i._printf_pre_padding) for _printf_pre_padding
    printfa.o(i._printf_core) refers to uldiv.o(.text) for __aeabi_uldivmod
    printfa.o(i._printf_core) refers to printfa.o(i._printf_post_padding) for _printf_post_padding
    printfa.o(i._printf_core) refers to printfa.o(i._fp_digits) for _fp_digits
    printfa.o(i._printf_core) refers to uidiv.o(.text) for __aeabi_uidivmod
    printfa.o(i._printf_post_padding) refers (Special) to iusefp.o(.text) for __I$use$fp
    printfa.o(i._printf_pre_padding) refers (Special) to iusefp.o(.text) for __I$use$fp
    printfa.o(i._snputc) refers (Special) to iusefp.o(.text) for __I$use$fp
    printfa.o(i._sputc) refers (Special) to iusefp.o(.text) for __I$use$fp
    entry2.o(.ARM.Collect$$$$00000001) refers to entry2.o(.ARM.Collect$$$$00002712) for __lit__00000000
    entry2.o(.ARM.Collect$$$$00002712) refers to startup_stm32l1xx_md.o(STACK) for __initial_sp
    entry2.o(__vectab_stack_and_reset_area) refers to startup_stm32l1xx_md.o(STACK) for __initial_sp
    entry2.o(__vectab_stack_and_reset_area) refers to entry.o(.ARM.Collect$$$$00000000) for __main
    entry5.o(.ARM.Collect$$$$00000004) refers to init.o(.text) for __scatterload
    entry9a.o(.ARM.Collect$$$$0000000B) refers to main.o(i.main) for main
    entry9b.o(.ARM.Collect$$$$0000000C) refers to main.o(i.main) for main
    uldiv.o(.text) refers to llushr.o(.text) for __aeabi_llsr
    uldiv.o(.text) refers to llshl.o(.text) for __aeabi_llsl
    dadd.o(.text) refers to llshl.o(.text) for __aeabi_llsl
    dadd.o(.text) refers to llsshr.o(.text) for __aeabi_lasr
    dadd.o(.text) refers to depilogue.o(.text) for _double_epilogue
    dmul.o(.text) refers to depilogue.o(.text) for _double_epilogue
    ddiv.o(.text) refers to depilogue.o(.text) for _double_round
    dfixul.o(.text) refers to llushr.o(.text) for __aeabi_llsr
    dfixul.o(.text) refers to llshl.o(.text) for __aeabi_llsl
    init.o(.text) refers to entry5.o(.ARM.Collect$$$$00000004) for __main_after_scatterload
    depilogue.o(.text) refers to llshl.o(.text) for __aeabi_llsl
    depilogue.o(.text) refers to llushr.o(.text) for __aeabi_llsr


==============================================================================

Removing Unused input sections from the image.

    Removing main.o(.rev16_text), (4 bytes).
    Removing main.o(.revsh_text), (4 bytes).
    Removing stm32l1xx_it.o(.rev16_text), (4 bytes).
    Removing stm32l1xx_it.o(.revsh_text), (4 bytes).
    Removing bc95.o(.rev16_text), (4 bytes).
    Removing bc95.o(.revsh_text), (4 bytes).
    Removing misc.o(.rev16_text), (4 bytes).
    Removing misc.o(.revsh_text), (4 bytes).
    Removing misc.o(i.NVIC_SetVectorTable), (20 bytes).
    Removing misc.o(i.NVIC_SystemLPConfig), (32 bytes).
    Removing stm32l1xx_adc.o(.rev16_text), (4 bytes).
    Removing stm32l1xx_adc.o(.revsh_text), (4 bytes).
    Removing stm32l1xx_adc.o(i.ADC_AnalogWatchdogCmd), (20 bytes).
    Removing stm32l1xx_adc.o(i.ADC_AnalogWatchdogSingleChannelConfig), (16 bytes).
    Removing stm32l1xx_adc.o(i.ADC_AnalogWatchdogThresholdsConfig), (6 bytes).
    Removing stm32l1xx_adc.o(i.ADC_AutoInjectedConvCmd), (22 bytes).
    Removing stm32l1xx_adc.o(i.ADC_BankSelection), (22 bytes).
    Removing stm32l1xx_adc.o(i.ADC_ClearFlag), (6 bytes).
    Removing stm32l1xx_adc.o(i.ADC_ClearITPendingBit), (10 bytes).
    Removing stm32l1xx_adc.o(i.ADC_CommonInit), (28 bytes).
    Removing stm32l1xx_adc.o(i.ADC_CommonStructInit), (6 bytes).
    Removing stm32l1xx_adc.o(i.ADC_ContinuousModeCmd), (22 bytes).
    Removing stm32l1xx_adc.o(i.ADC_DMACmd), (22 bytes).
    Removing stm32l1xx_adc.o(i.ADC_DMARequestAfterLastTransferCmd), (22 bytes).
    Removing stm32l1xx_adc.o(i.ADC_DelaySelectionConfig), (16 bytes).
    Removing stm32l1xx_adc.o(i.ADC_DiscModeChannelCountConfig), (24 bytes).
    Removing stm32l1xx_adc.o(i.ADC_DiscModeCmd), (22 bytes).
    Removing stm32l1xx_adc.o(i.ADC_EOCOnEachRegularChannelCmd), (22 bytes).
    Removing stm32l1xx_adc.o(i.ADC_ExternalTrigInjectedConvConfig), (16 bytes).
    Removing stm32l1xx_adc.o(i.ADC_ExternalTrigInjectedConvEdgeConfig), (16 bytes).
    Removing stm32l1xx_adc.o(i.ADC_GetITStatus), (38 bytes).
    Removing stm32l1xx_adc.o(i.ADC_GetInjectedConversionValue), (28 bytes).
    Removing stm32l1xx_adc.o(i.ADC_GetSoftwareStartConvStatus), (20 bytes).
    Removing stm32l1xx_adc.o(i.ADC_GetSoftwareStartInjectedConvCmdStatus), (20 bytes).
    Removing stm32l1xx_adc.o(i.ADC_ITConfig), (32 bytes).
    Removing stm32l1xx_adc.o(i.ADC_InjectedChannelConfig), (210 bytes).
    Removing stm32l1xx_adc.o(i.ADC_InjectedDiscModeCmd), (22 bytes).
    Removing stm32l1xx_adc.o(i.ADC_InjectedSequencerLengthConfig), (24 bytes).
    Removing stm32l1xx_adc.o(i.ADC_PowerDownCmd), (18 bytes).
    Removing stm32l1xx_adc.o(i.ADC_SetInjectedOffset), (20 bytes).
    Removing stm32l1xx_adc.o(i.ADC_SoftwareStartInjectedConv), (10 bytes).
    Removing stm32l1xx_adc.o(i.ADC_StructInit), (26 bytes).
    Removing stm32l1xx_adc.o(i.ADC_TempSensorVrefintCmd), (36 bytes).
    Removing stm32l1xx_aes.o(.rev16_text), (4 bytes).
    Removing stm32l1xx_aes.o(.revsh_text), (4 bytes).
    Removing stm32l1xx_aes.o(i.AES_ClearFlag), (36 bytes).
    Removing stm32l1xx_aes.o(i.AES_ClearITPendingBit), (20 bytes).
    Removing stm32l1xx_aes.o(i.AES_Cmd), (36 bytes).
    Removing stm32l1xx_aes.o(i.AES_DMAConfig), (32 bytes).
    Removing stm32l1xx_aes.o(i.AES_DeInit), (22 bytes).
    Removing stm32l1xx_aes.o(i.AES_GetFlagStatus), (24 bytes).
    Removing stm32l1xx_aes.o(i.AES_GetITStatus), (80 bytes).
    Removing stm32l1xx_aes.o(i.AES_ITConfig), (32 bytes).
    Removing stm32l1xx_aes.o(i.AES_IVInit), (24 bytes).
    Removing stm32l1xx_aes.o(i.AES_IVStructInit), (12 bytes).
    Removing stm32l1xx_aes.o(i.AES_Init), (32 bytes).
    Removing stm32l1xx_aes.o(i.AES_KeyInit), (24 bytes).
    Removing stm32l1xx_aes.o(i.AES_KeyStructInit), (12 bytes).
    Removing stm32l1xx_aes.o(i.AES_ReadIV), (32 bytes).
    Removing stm32l1xx_aes.o(i.AES_ReadKey), (32 bytes).
    Removing stm32l1xx_aes.o(i.AES_ReadSubData), (12 bytes).
    Removing stm32l1xx_aes.o(i.AES_StructInit), (10 bytes).
    Removing stm32l1xx_aes.o(i.AES_WriteSubData), (12 bytes).
    Removing stm32l1xx_comp.o(.rev16_text), (4 bytes).
    Removing stm32l1xx_comp.o(.revsh_text), (4 bytes).
    Removing stm32l1xx_comp.o(i.COMP_Cmd), (36 bytes).
    Removing stm32l1xx_comp.o(i.COMP_DeInit), (12 bytes).
    Removing stm32l1xx_comp.o(i.COMP_GetOutputLevel), (48 bytes).
    Removing stm32l1xx_comp.o(i.COMP_Init), (36 bytes).
    Removing stm32l1xx_comp.o(i.COMP_SW1SwitchConfig), (36 bytes).
    Removing stm32l1xx_comp.o(i.COMP_VrefintOutputCmd), (36 bytes).
    Removing stm32l1xx_comp.o(i.COMP_WindowCmd), (36 bytes).
    Removing stm32l1xx_crc.o(.rev16_text), (4 bytes).
    Removing stm32l1xx_crc.o(.revsh_text), (4 bytes).
    Removing stm32l1xx_crc.o(i.CRC_CalcBlockCRC), (36 bytes).
    Removing stm32l1xx_crc.o(i.CRC_CalcCRC), (16 bytes).
    Removing stm32l1xx_crc.o(i.CRC_GetCRC), (12 bytes).
    Removing stm32l1xx_crc.o(i.CRC_GetIDRegister), (12 bytes).
    Removing stm32l1xx_crc.o(i.CRC_ResetDR), (12 bytes).
    Removing stm32l1xx_crc.o(i.CRC_SetIDRegister), (12 bytes).
    Removing stm32l1xx_dbgmcu.o(.rev16_text), (4 bytes).
    Removing stm32l1xx_dbgmcu.o(.revsh_text), (4 bytes).
    Removing stm32l1xx_dbgmcu.o(i.DBGMCU_APB1PeriphConfig), (32 bytes).
    Removing stm32l1xx_dbgmcu.o(i.DBGMCU_APB2PeriphConfig), (32 bytes).
    Removing stm32l1xx_dbgmcu.o(i.DBGMCU_Config), (32 bytes).
    Removing stm32l1xx_dbgmcu.o(i.DBGMCU_GetDEVID), (16 bytes).
    Removing stm32l1xx_dbgmcu.o(i.DBGMCU_GetREVID), (12 bytes).
    Removing stm32l1xx_exti.o(.rev16_text), (4 bytes).
    Removing stm32l1xx_exti.o(.revsh_text), (4 bytes).
    Removing stm32l1xx_exti.o(i.EXTI_ClearFlag), (12 bytes).
    Removing stm32l1xx_exti.o(i.EXTI_ClearITPendingBit), (12 bytes).
    Removing stm32l1xx_exti.o(i.EXTI_DeInit), (36 bytes).
    Removing stm32l1xx_exti.o(i.EXTI_GenerateSWInterrupt), (16 bytes).
    Removing stm32l1xx_exti.o(i.EXTI_GetFlagStatus), (24 bytes).
    Removing stm32l1xx_exti.o(i.EXTI_GetITStatus), (24 bytes).
    Removing stm32l1xx_exti.o(i.EXTI_Init), (148 bytes).
    Removing stm32l1xx_exti.o(i.EXTI_StructInit), (16 bytes).
    Removing stm32l1xx_gpio.o(.rev16_text), (4 bytes).
    Removing stm32l1xx_gpio.o(.revsh_text), (4 bytes).
    Removing stm32l1xx_gpio.o(i.GPIO_DeInit), (228 bytes).
    Removing stm32l1xx_gpio.o(i.GPIO_PinLockConfig), (34 bytes).
    Removing stm32l1xx_gpio.o(i.GPIO_ReadInputData), (6 bytes).
    Removing stm32l1xx_gpio.o(i.GPIO_ReadOutputData), (6 bytes).
    Removing stm32l1xx_gpio.o(i.GPIO_ReadOutputDataBit), (18 bytes).
    Removing stm32l1xx_gpio.o(i.GPIO_StructInit), (18 bytes).
    Removing stm32l1xx_gpio.o(i.GPIO_Write), (4 bytes).
    Removing stm32l1xx_gpio.o(i.GPIO_WriteBit), (10 bytes).
    Removing stm32l1xx_iwdg.o(.rev16_text), (4 bytes).
    Removing stm32l1xx_iwdg.o(.revsh_text), (4 bytes).
    Removing stm32l1xx_iwdg.o(i.IWDG_Enable), (16 bytes).
    Removing stm32l1xx_iwdg.o(i.IWDG_GetFlagStatus), (24 bytes).
    Removing stm32l1xx_iwdg.o(i.IWDG_ReloadCounter), (16 bytes).
    Removing stm32l1xx_iwdg.o(i.IWDG_SetPrescaler), (12 bytes).
    Removing stm32l1xx_iwdg.o(i.IWDG_SetReload), (12 bytes).
    Removing stm32l1xx_iwdg.o(i.IWDG_WriteAccessCmd), (12 bytes).
    Removing stm32l1xx_lcd.o(.rev16_text), (4 bytes).
    Removing stm32l1xx_lcd.o(.revsh_text), (4 bytes).
    Removing stm32l1xx_lcd.o(i.LCD_BlinkConfig), (32 bytes).
    Removing stm32l1xx_lcd.o(i.LCD_ClearFlag), (12 bytes).
    Removing stm32l1xx_lcd.o(i.LCD_ClearITPendingBit), (12 bytes).
    Removing stm32l1xx_lcd.o(i.LCD_Cmd), (12 bytes).
    Removing stm32l1xx_lcd.o(i.LCD_ContrastConfig), (28 bytes).
    Removing stm32l1xx_lcd.o(i.LCD_DeInit), (22 bytes).
    Removing stm32l1xx_lcd.o(i.LCD_DeadTimeConfig), (28 bytes).
    Removing stm32l1xx_lcd.o(i.LCD_GetFlagStatus), (24 bytes).
    Removing stm32l1xx_lcd.o(i.LCD_GetITStatus), (44 bytes).
    Removing stm32l1xx_lcd.o(i.LCD_HighDriveCmd), (12 bytes).
    Removing stm32l1xx_lcd.o(i.LCD_ITConfig), (32 bytes).
    Removing stm32l1xx_lcd.o(i.LCD_Init), (84 bytes).
    Removing stm32l1xx_lcd.o(i.LCD_MuxSegmentCmd), (12 bytes).
    Removing stm32l1xx_lcd.o(i.LCD_PulseOnDurationConfig), (28 bytes).
    Removing stm32l1xx_lcd.o(i.LCD_StructInit), (14 bytes).
    Removing stm32l1xx_lcd.o(i.LCD_UpdateDisplayRequest), (12 bytes).
    Removing stm32l1xx_lcd.o(i.LCD_WaitForSynchro), (32 bytes).
    Removing stm32l1xx_lcd.o(i.LCD_Write), (12 bytes).
    Removing stm32l1xx_opamp.o(.rev16_text), (4 bytes).
    Removing stm32l1xx_opamp.o(.revsh_text), (4 bytes).
    Removing stm32l1xx_opamp.o(i.OPAMP_Cmd), (32 bytes).
    Removing stm32l1xx_opamp.o(i.OPAMP_DeInit), (40 bytes).
    Removing stm32l1xx_opamp.o(i.OPAMP_GetFlagStatus), (68 bytes).
    Removing stm32l1xx_opamp.o(i.OPAMP_LowPowerCmd), (36 bytes).
    Removing stm32l1xx_opamp.o(i.OPAMP_OffsetTrimConfig), (120 bytes).
    Removing stm32l1xx_opamp.o(i.OPAMP_OffsetTrimLowPowerConfig), (120 bytes).
    Removing stm32l1xx_opamp.o(i.OPAMP_OffsetTrimmingModeSelect), (28 bytes).
    Removing stm32l1xx_opamp.o(i.OPAMP_PowerRangeSelect), (28 bytes).
    Removing stm32l1xx_opamp.o(i.OPAMP_SwitchCmd), (32 bytes).
    Removing stm32l1xx_pwr.o(.rev16_text), (4 bytes).
    Removing stm32l1xx_pwr.o(.revsh_text), (4 bytes).
    Removing stm32l1xx_pwr.o(i.PWR_ClearFlag), (20 bytes).
    Removing stm32l1xx_pwr.o(i.PWR_DeInit), (22 bytes).
    Removing stm32l1xx_pwr.o(i.PWR_EnterLowPowerRunMode), (56 bytes).
    Removing stm32l1xx_pwr.o(i.PWR_EnterSTANDBYMode), (40 bytes).
    Removing stm32l1xx_pwr.o(i.PWR_EnterSTOPMode), (64 bytes).
    Removing stm32l1xx_pwr.o(i.PWR_EnterSleepMode), (56 bytes).
    Removing stm32l1xx_pwr.o(i.PWR_FastWakeUpCmd), (12 bytes).
    Removing stm32l1xx_pwr.o(i.PWR_GetFlagStatus), (24 bytes).
    Removing stm32l1xx_pwr.o(i.PWR_PVDCmd), (12 bytes).
    Removing stm32l1xx_pwr.o(i.PWR_PVDLevelConfig), (24 bytes).
    Removing stm32l1xx_pwr.o(i.PWR_RTCAccessCmd), (12 bytes).
    Removing stm32l1xx_pwr.o(i.PWR_UltraLowPowerCmd), (12 bytes).
    Removing stm32l1xx_pwr.o(i.PWR_VoltageScalingConfig), (28 bytes).
    Removing stm32l1xx_pwr.o(i.PWR_WakeUpPinCmd), (24 bytes).
    Removing stm32l1xx_rcc.o(.rev16_text), (4 bytes).
    Removing stm32l1xx_rcc.o(.revsh_text), (4 bytes).
    Removing stm32l1xx_rcc.o(i.RCC_AHBPeriphClockLPModeCmd), (32 bytes).
    Removing stm32l1xx_rcc.o(i.RCC_AHBPeriphResetCmd), (32 bytes).
    Removing stm32l1xx_rcc.o(i.RCC_APB1PeriphClockLPModeCmd), (32 bytes).
    Removing stm32l1xx_rcc.o(i.RCC_APB1PeriphResetCmd), (32 bytes).
    Removing stm32l1xx_rcc.o(i.RCC_APB2PeriphClockLPModeCmd), (32 bytes).
    Removing stm32l1xx_rcc.o(i.RCC_AdjustHSICalibrationValue), (24 bytes).
    Removing stm32l1xx_rcc.o(i.RCC_AdjustMSICalibrationValue), (12 bytes).
    Removing stm32l1xx_rcc.o(i.RCC_ClearFlag), (20 bytes).
    Removing stm32l1xx_rcc.o(i.RCC_ClearITPendingBit), (12 bytes).
    Removing stm32l1xx_rcc.o(i.RCC_ClockSecuritySystemCmd), (12 bytes).
    Removing stm32l1xx_rcc.o(i.RCC_DeInit), (88 bytes).
    Removing stm32l1xx_rcc.o(i.RCC_GetITStatus), (24 bytes).
    Removing stm32l1xx_rcc.o(i.RCC_GetSYSCLKSource), (16 bytes).
    Removing stm32l1xx_rcc.o(i.RCC_HCLKConfig), (24 bytes).
    Removing stm32l1xx_rcc.o(i.RCC_HSEConfig), (16 bytes).
    Removing stm32l1xx_rcc.o(i.RCC_ITConfig), (32 bytes).
    Removing stm32l1xx_rcc.o(i.RCC_LSEClockSecuritySystemCmd), (12 bytes).
    Removing stm32l1xx_rcc.o(i.RCC_LSEConfig), (16 bytes).
    Removing stm32l1xx_rcc.o(i.RCC_LSICmd), (12 bytes).
    Removing stm32l1xx_rcc.o(i.RCC_MCOConfig), (16 bytes).
    Removing stm32l1xx_rcc.o(i.RCC_MSICmd), (12 bytes).
    Removing stm32l1xx_rcc.o(i.RCC_MSIRangeConfig), (24 bytes).
    Removing stm32l1xx_rcc.o(i.RCC_PCLK1Config), (24 bytes).
    Removing stm32l1xx_rcc.o(i.RCC_PCLK2Config), (24 bytes).
    Removing stm32l1xx_rcc.o(i.RCC_PLLCmd), (12 bytes).
    Removing stm32l1xx_rcc.o(i.RCC_PLLConfig), (20 bytes).
    Removing stm32l1xx_rcc.o(i.RCC_RTCCLKCmd), (12 bytes).
    Removing stm32l1xx_rcc.o(i.RCC_RTCCLKConfig), (68 bytes).
    Removing stm32l1xx_rcc.o(i.RCC_RTCResetCmd), (12 bytes).
    Removing stm32l1xx_rcc.o(i.RCC_SYSCLKConfig), (24 bytes).
    Removing stm32l1xx_rcc.o(i.RCC_WaitForHSEStartUp), (56 bytes).
    Removing stm32l1xx_syscfg.o(.rev16_text), (4 bytes).
    Removing stm32l1xx_syscfg.o(.revsh_text), (4 bytes).
    Removing stm32l1xx_syscfg.o(i.SYSCFG_DeInit), (20 bytes).
    Removing stm32l1xx_syscfg.o(i.SYSCFG_EXTILineConfig), (64 bytes).
    Removing stm32l1xx_syscfg.o(i.SYSCFG_GetBootMode), (16 bytes).
    Removing stm32l1xx_syscfg.o(i.SYSCFG_MemoryRemapConfig), (12 bytes).
    Removing stm32l1xx_syscfg.o(i.SYSCFG_RIChannelSpeedConfig), (32 bytes).
    Removing stm32l1xx_syscfg.o(i.SYSCFG_RIDeInit), (36 bytes).
    Removing stm32l1xx_syscfg.o(i.SYSCFG_RIHysteresisConfig), (272 bytes).
    Removing stm32l1xx_syscfg.o(i.SYSCFG_RIIOSwitchConfig), (76 bytes).
    Removing stm32l1xx_syscfg.o(i.SYSCFG_RIResistorConfig), (32 bytes).
    Removing stm32l1xx_syscfg.o(i.SYSCFG_RISwitchControlModeCmd), (36 bytes).
    Removing stm32l1xx_syscfg.o(i.SYSCFG_RITIMInputCaptureConfig), (92 bytes).
    Removing stm32l1xx_syscfg.o(i.SYSCFG_RITIMSelect), (24 bytes).
    Removing stm32l1xx_syscfg.o(i.SYSCFG_USBPuCmd), (36 bytes).
    Removing stm32l1xx_tim.o(.rev16_text), (4 bytes).
    Removing stm32l1xx_tim.o(.revsh_text), (4 bytes).
    Removing stm32l1xx_tim.o(i.TI1_Config), (58 bytes).
    Removing stm32l1xx_tim.o(i.TI2_Config), (80 bytes).
    Removing stm32l1xx_tim.o(i.TI3_Config), (72 bytes).
    Removing stm32l1xx_tim.o(i.TI4_Config), (80 bytes).
    Removing stm32l1xx_tim.o(i.TIM_ARRPreloadConfig), (24 bytes).
    Removing stm32l1xx_tim.o(i.TIM_CCxCmd), (30 bytes).
    Removing stm32l1xx_tim.o(i.TIM_ClearFlag), (6 bytes).
    Removing stm32l1xx_tim.o(i.TIM_ClearOC1Ref), (18 bytes).
    Removing stm32l1xx_tim.o(i.TIM_ClearOC2Ref), (24 bytes).
    Removing stm32l1xx_tim.o(i.TIM_ClearOC3Ref), (18 bytes).
    Removing stm32l1xx_tim.o(i.TIM_ClearOC4Ref), (24 bytes).
    Removing stm32l1xx_tim.o(i.TIM_CounterModeConfig), (18 bytes).
    Removing stm32l1xx_tim.o(i.TIM_DMACmd), (18 bytes).
    Removing stm32l1xx_tim.o(i.TIM_DMAConfig), (10 bytes).
    Removing stm32l1xx_tim.o(i.TIM_DeInit), (252 bytes).
    Removing stm32l1xx_tim.o(i.TIM_ETRClockMode1Config), (54 bytes).
    Removing stm32l1xx_tim.o(i.TIM_ETRClockMode2Config), (32 bytes).
    Removing stm32l1xx_tim.o(i.TIM_ETRConfig), (28 bytes).
    Removing stm32l1xx_tim.o(i.TIM_EncoderInterfaceConfig), (66 bytes).
    Removing stm32l1xx_tim.o(i.TIM_ForcedOC1Config), (18 bytes).
    Removing stm32l1xx_tim.o(i.TIM_ForcedOC2Config), (26 bytes).
    Removing stm32l1xx_tim.o(i.TIM_ForcedOC3Config), (18 bytes).
    Removing stm32l1xx_tim.o(i.TIM_ForcedOC4Config), (26 bytes).
    Removing stm32l1xx_tim.o(i.TIM_GenerateEvent), (4 bytes).
    Removing stm32l1xx_tim.o(i.TIM_GetCapture1), (6 bytes).
    Removing stm32l1xx_tim.o(i.TIM_GetCapture2), (6 bytes).
    Removing stm32l1xx_tim.o(i.TIM_GetCapture3), (6 bytes).
    Removing stm32l1xx_tim.o(i.TIM_GetCapture4), (6 bytes).
    Removing stm32l1xx_tim.o(i.TIM_GetCounter), (6 bytes).
    Removing stm32l1xx_tim.o(i.TIM_GetFlagStatus), (18 bytes).
    Removing stm32l1xx_tim.o(i.TIM_GetPrescaler), (6 bytes).
    Removing stm32l1xx_tim.o(i.TIM_ICInit), (110 bytes).
    Removing stm32l1xx_tim.o(i.TIM_ICStructInit), (18 bytes).
    Removing stm32l1xx_tim.o(i.TIM_ITRxExternalClockConfig), (24 bytes).
    Removing stm32l1xx_tim.o(i.TIM_InternalClockConfig), (12 bytes).
    Removing stm32l1xx_tim.o(i.TIM_OC1FastConfig), (18 bytes).
    Removing stm32l1xx_tim.o(i.TIM_OC1Init), (56 bytes).
    Removing stm32l1xx_tim.o(i.TIM_OC1PolarityConfig), (18 bytes).
    Removing stm32l1xx_tim.o(i.TIM_OC1PreloadConfig), (18 bytes).
    Removing stm32l1xx_tim.o(i.TIM_OC2FastConfig), (26 bytes).
    Removing stm32l1xx_tim.o(i.TIM_OC2Init), (70 bytes).
    Removing stm32l1xx_tim.o(i.TIM_OC2PolarityConfig), (26 bytes).
    Removing stm32l1xx_tim.o(i.TIM_OC2PreloadConfig), (26 bytes).
    Removing stm32l1xx_tim.o(i.TIM_OC3FastConfig), (18 bytes).
    Removing stm32l1xx_tim.o(i.TIM_OC3Init), (66 bytes).
    Removing stm32l1xx_tim.o(i.TIM_OC3PolarityConfig), (26 bytes).
    Removing stm32l1xx_tim.o(i.TIM_OC3PreloadConfig), (18 bytes).
    Removing stm32l1xx_tim.o(i.TIM_OC4FastConfig), (26 bytes).
    Removing stm32l1xx_tim.o(i.TIM_OC4Init), (70 bytes).
    Removing stm32l1xx_tim.o(i.TIM_OC4PolarityConfig), (26 bytes).
    Removing stm32l1xx_tim.o(i.TIM_OC4PreloadConfig), (26 bytes).
    Removing stm32l1xx_tim.o(i.TIM_OCStructInit), (12 bytes).
    Removing stm32l1xx_tim.o(i.TIM_PWMIConfig), (124 bytes).
    Removing stm32l1xx_tim.o(i.TIM_PrescalerConfig), (6 bytes).
    Removing stm32l1xx_tim.o(i.TIM_RemapConfig), (22 bytes).
    Removing stm32l1xx_tim.o(i.TIM_SelectCCDMA), (24 bytes).
    Removing stm32l1xx_tim.o(i.TIM_SelectHallSensor), (24 bytes).
    Removing stm32l1xx_tim.o(i.TIM_SelectInputTrigger), (18 bytes).
    Removing stm32l1xx_tim.o(i.TIM_SelectMasterSlaveMode), (18 bytes).
    Removing stm32l1xx_tim.o(i.TIM_SelectOCREFClear), (18 bytes).
    Removing stm32l1xx_tim.o(i.TIM_SelectOCxM), (82 bytes).
    Removing stm32l1xx_tim.o(i.TIM_SelectOnePulseMode), (18 bytes).
    Removing stm32l1xx_tim.o(i.TIM_SelectOutputTrigger), (18 bytes).
    Removing stm32l1xx_tim.o(i.TIM_SelectSlaveMode), (18 bytes).
    Removing stm32l1xx_tim.o(i.TIM_SetAutoreload), (4 bytes).
    Removing stm32l1xx_tim.o(i.TIM_SetClockDivision), (18 bytes).
    Removing stm32l1xx_tim.o(i.TIM_SetCompare1), (4 bytes).
    Removing stm32l1xx_tim.o(i.TIM_SetCompare2), (4 bytes).
    Removing stm32l1xx_tim.o(i.TIM_SetCompare3), (4 bytes).
    Removing stm32l1xx_tim.o(i.TIM_SetCompare4), (4 bytes).
    Removing stm32l1xx_tim.o(i.TIM_SetCounter), (4 bytes).
    Removing stm32l1xx_tim.o(i.TIM_SetIC1Prescaler), (18 bytes).
    Removing stm32l1xx_tim.o(i.TIM_SetIC2Prescaler), (26 bytes).
    Removing stm32l1xx_tim.o(i.TIM_SetIC3Prescaler), (18 bytes).
    Removing stm32l1xx_tim.o(i.TIM_SetIC4Prescaler), (26 bytes).
    Removing stm32l1xx_tim.o(i.TIM_TIxExternalClockConfig), (62 bytes).
    Removing stm32l1xx_tim.o(i.TIM_TimeBaseStructInit), (16 bytes).
    Removing stm32l1xx_tim.o(i.TIM_UpdateDisableConfig), (24 bytes).
    Removing stm32l1xx_tim.o(i.TIM_UpdateRequestConfig), (24 bytes).
    Removing stm32l1xx_usart.o(.rev16_text), (4 bytes).
    Removing stm32l1xx_usart.o(.revsh_text), (4 bytes).
    Removing stm32l1xx_usart.o(i.USART_ClearFlag), (18 bytes).
    Removing stm32l1xx_usart.o(i.USART_ClearITPendingBit), (30 bytes).
    Removing stm32l1xx_usart.o(i.USART_ClockInit), (32 bytes).
    Removing stm32l1xx_usart.o(i.USART_ClockStructInit), (12 bytes).
    Removing stm32l1xx_usart.o(i.USART_DMACmd), (18 bytes).
    Removing stm32l1xx_usart.o(i.USART_DeInit), (156 bytes).
    Removing stm32l1xx_usart.o(i.USART_HalfDuplexCmd), (24 bytes).
    Removing stm32l1xx_usart.o(i.USART_IrDACmd), (24 bytes).
    Removing stm32l1xx_usart.o(i.USART_IrDAConfig), (18 bytes).
    Removing stm32l1xx_usart.o(i.USART_LINBreakDetectLengthConfig), (18 bytes).
    Removing stm32l1xx_usart.o(i.USART_LINCmd), (24 bytes).
    Removing stm32l1xx_usart.o(i.USART_OneBitMethodCmd), (24 bytes).
    Removing stm32l1xx_usart.o(i.USART_OverSampling8Cmd), (22 bytes).
    Removing stm32l1xx_usart.o(i.USART_ReceiverWakeUpCmd), (24 bytes).
    Removing stm32l1xx_usart.o(i.USART_SendBreak), (10 bytes).
    Removing stm32l1xx_usart.o(i.USART_SetAddress), (18 bytes).
    Removing stm32l1xx_usart.o(i.USART_SetGuardTime), (16 bytes).
    Removing stm32l1xx_usart.o(i.USART_SetPrescaler), (16 bytes).
    Removing stm32l1xx_usart.o(i.USART_SmartCardCmd), (24 bytes).
    Removing stm32l1xx_usart.o(i.USART_SmartCardNACKCmd), (24 bytes).
    Removing stm32l1xx_usart.o(i.USART_StructInit), (24 bytes).
    Removing stm32l1xx_usart.o(i.USART_WakeUpConfig), (18 bytes).
    Removing stm32l1xx_wwdg.o(.rev16_text), (4 bytes).
    Removing stm32l1xx_wwdg.o(.revsh_text), (4 bytes).
    Removing stm32l1xx_wwdg.o(i.WWDG_ClearFlag), (12 bytes).
    Removing stm32l1xx_wwdg.o(i.WWDG_DeInit), (22 bytes).
    Removing stm32l1xx_wwdg.o(i.WWDG_Enable), (16 bytes).
    Removing stm32l1xx_wwdg.o(i.WWDG_EnableIT), (12 bytes).
    Removing stm32l1xx_wwdg.o(i.WWDG_GetFlagStatus), (20 bytes).
    Removing stm32l1xx_wwdg.o(i.WWDG_SetCounter), (16 bytes).
    Removing stm32l1xx_wwdg.o(i.WWDG_SetPrescaler), (24 bytes).
    Removing stm32l1xx_wwdg.o(i.WWDG_SetWindowValue), (40 bytes).
    Removing stm32l1xx_aes_util.o(.rev16_text), (4 bytes).
    Removing stm32l1xx_aes_util.o(.revsh_text), (4 bytes).
    Removing stm32l1xx_aes_util.o(i.AES_CBC_Decrypt), (282 bytes).
    Removing stm32l1xx_aes_util.o(i.AES_CBC_Encrypt), (282 bytes).
    Removing stm32l1xx_aes_util.o(i.AES_CTR_Decrypt), (282 bytes).
    Removing stm32l1xx_aes_util.o(i.AES_CTR_Encrypt), (282 bytes).
    Removing stm32l1xx_aes_util.o(i.AES_ECB_Decrypt), (246 bytes).
    Removing stm32l1xx_aes_util.o(i.AES_ECB_Encrypt), (244 bytes).
    Removing system_stm32l1xx.o(.rev16_text), (4 bytes).
    Removing system_stm32l1xx.o(.revsh_text), (4 bytes).
    Removing system_stm32l1xx.o(i.SystemCoreClockUpdate), (220 bytes).
    Removing startup_stm32l1xx_md.o(HEAP), (512 bytes).
    Removing usart.o(.rev16_text), (4 bytes).
    Removing usart.o(.revsh_text), (4 bytes).
    Removing usart.o(i.UART3_send_byte), (32 bytes).
    Removing timer.o(.rev16_text), (4 bytes).
    Removing timer.o(.revsh_text), (4 bytes).
    Removing led.o(.rev16_text), (4 bytes).
    Removing led.o(.revsh_text), (4 bytes).
    Removing led.o(i.LED_handle), (20 bytes).
    Removing delay.o(.rev16_text), (4 bytes).
    Removing delay.o(.revsh_text), (4 bytes).
    Removing delay.o(i.delay_us), (64 bytes).
    Removing dht11.o(.rev16_text), (4 bytes).
    Removing dht11.o(.revsh_text), (4 bytes).
    Removing dht11.o(i.DHT11_Check), (88 bytes).
    Removing dht11.o(i.DHT11_IO_IN), (32 bytes).
    Removing dht11.o(i.DHT11_IO_OUT), (32 bytes).
    Removing dht11.o(i.DHT11_Init), (20 bytes).
    Removing dht11.o(i.DHT11_Read_Bit), (88 bytes).
    Removing dht11.o(i.DHT11_Read_Byte), (30 bytes).
    Removing dht11.o(i.DHT11_Read_Data), (88 bytes).
    Removing dht11.o(i.DHT11_Rst), (40 bytes).
    Removing key.o(.rev16_text), (4 bytes).
    Removing key.o(.revsh_text), (4 bytes).
    Removing key.o(i.KEY_scan_start), (16 bytes).
    Removing key.o(i.KEY_scan_stop), (16 bytes).
    Removing bus.o(.rev16_text), (4 bytes).
    Removing bus.o(.revsh_text), (4 bytes).
    Removing bus.o(i.hex_to_char), (122 bytes).
    Removing bus.o(i.upload_buf_check_read), (136 bytes).
    Removing bus.o(i.upload_buf_check_write), (136 bytes).
    Removing bus.o(i.upload_buf_read), (448 bytes).
    Removing bus.o(i.upload_buf_write), (448 bytes).
    Removing bus.o(i.upload_handle), (112 bytes).
    Removing bus.o(.data), (1 bytes).
    Removing pressure_sensor.o(.rev16_text), (4 bytes).
    Removing pressure_sensor.o(.revsh_text), (4 bytes).
    Removing dadd.o(.text), (334 bytes).
    Removing dmul.o(.text), (228 bytes).
    Removing ddiv.o(.text), (222 bytes).
    Removing dfixul.o(.text), (48 bytes).
    Removing cdrcmple.o(.text), (48 bytes).
    Removing depilogue.o(.text), (186 bytes).

379 unused section(s) (total 14215 bytes) removed from the image.

==============================================================================

Image Symbol Table

    Local Symbols

    Symbol Name                              Value     Ov Type        Size  Object(Section)

    ../clib/microlib/division.c              0x00000000   Number         0  uldiv.o ABSOLUTE
    ../clib/microlib/division.c              0x00000000   Number         0  uidiv.o ABSOLUTE
    ../clib/microlib/init/entry.s            0x00000000   Number         0  entry9b.o ABSOLUTE
    ../clib/microlib/init/entry.s            0x00000000   Number         0  entry2.o ABSOLUTE
    ../clib/microlib/init/entry.s            0x00000000   Number         0  entry9a.o ABSOLUTE
    ../clib/microlib/init/entry.s            0x00000000   Number         0  entry7b.o ABSOLUTE
    ../clib/microlib/init/entry.s            0x00000000   Number         0  entry7a.o ABSOLUTE
    ../clib/microlib/init/entry.s            0x00000000   Number         0  entry8b.o ABSOLUTE
    ../clib/microlib/init/entry.s            0x00000000   Number         0  entry8a.o ABSOLUTE
    ../clib/microlib/init/entry.s            0x00000000   Number         0  entry11b.o ABSOLUTE
    ../clib/microlib/init/entry.s            0x00000000   Number         0  entry5.o ABSOLUTE
    ../clib/microlib/init/entry.s            0x00000000   Number         0  entry11a.o ABSOLUTE
    ../clib/microlib/init/entry.s            0x00000000   Number         0  entry10b.o ABSOLUTE
    ../clib/microlib/init/entry.s            0x00000000   Number         0  entry10a.o ABSOLUTE
    ../clib/microlib/init/entry.s            0x00000000   Number         0  entry.o ABSOLUTE
    ../clib/microlib/longlong.c              0x00000000   Number         0  llshl.o ABSOLUTE
    ../clib/microlib/longlong.c              0x00000000   Number         0  llsshr.o ABSOLUTE
    ../clib/microlib/longlong.c              0x00000000   Number         0  llushr.o ABSOLUTE
    ../clib/microlib/printf/printf.c         0x00000000   Number         0  printfb.o ABSOLUTE
    ../clib/microlib/printf/printf.c         0x00000000   Number         0  printf2.o ABSOLUTE
    ../clib/microlib/printf/printf.c         0x00000000   Number         0  printf4.o ABSOLUTE
    ../clib/microlib/printf/printf.c         0x00000000   Number         0  printfa.o ABSOLUTE
    ../clib/microlib/printf/printf.c         0x00000000   Number         0  printf8.o ABSOLUTE
    ../clib/microlib/printf/printf.c         0x00000000   Number         0  printf5.o ABSOLUTE
    ../clib/microlib/printf/printf.c         0x00000000   Number         0  printf0.o ABSOLUTE
    ../clib/microlib/printf/printf.c         0x00000000   Number         0  printf7.o ABSOLUTE
    ../clib/microlib/printf/printf.c         0x00000000   Number         0  printf6.o ABSOLUTE
    ../clib/microlib/printf/printf.c         0x00000000   Number         0  printf1.o ABSOLUTE
    ../clib/microlib/printf/printf.c         0x00000000   Number         0  printf3.o ABSOLUTE
    ../clib/microlib/printf/stubs.s          0x00000000   Number         0  stubs.o ABSOLUTE
    ../clib/microlib/stdio/streams.c         0x00000000   Number         0  stdout.o ABSOLUTE
    ../clib/microlib/string/memset.c         0x00000000   Number         0  memseta.o ABSOLUTE
    ../clib/microlib/string/strstr.c         0x00000000   Number         0  strstr.o ABSOLUTE
    ../clib/microlib/stubs.s                 0x00000000   Number         0  iusefp.o ABSOLUTE
    ../fplib/microlib/fpadd.c                0x00000000   Number         0  dadd.o ABSOLUTE
    ../fplib/microlib/fpdiv.c                0x00000000   Number         0  ddiv.o ABSOLUTE
    ../fplib/microlib/fpepilogue.c           0x00000000   Number         0  depilogue.o ABSOLUTE
    ../fplib/microlib/fpfix.c                0x00000000   Number         0  dfixul.o ABSOLUTE
    ../fplib/microlib/fpmul.c                0x00000000   Number         0  dmul.o ABSOLUTE
    ..\..\..\Libraries\CMSIS\Device\ST\STM32L1xx\Source\Templates\arm\startup_stm32l1xx_md.s 0x00000000   Number         0  startup_stm32l1xx_md.o ABSOLUTE
    ..\..\..\Libraries\STM32L1xx_StdPeriph_Driver\src\misc.c 0x00000000   Number         0  misc.o ABSOLUTE
    ..\..\..\Libraries\STM32L1xx_StdPeriph_Driver\src\stm32l1xx_adc.c 0x00000000   Number         0  stm32l1xx_adc.o ABSOLUTE
    ..\..\..\Libraries\STM32L1xx_StdPeriph_Driver\src\stm32l1xx_aes.c 0x00000000   Number         0  stm32l1xx_aes.o ABSOLUTE
    ..\..\..\Libraries\STM32L1xx_StdPeriph_Driver\src\stm32l1xx_aes_util.c 0x00000000   Number         0  stm32l1xx_aes_util.o ABSOLUTE
    ..\..\..\Libraries\STM32L1xx_StdPeriph_Driver\src\stm32l1xx_comp.c 0x00000000   Number         0  stm32l1xx_comp.o ABSOLUTE
    ..\..\..\Libraries\STM32L1xx_StdPeriph_Driver\src\stm32l1xx_crc.c 0x00000000   Number         0  stm32l1xx_crc.o ABSOLUTE
    ..\..\..\Libraries\STM32L1xx_StdPeriph_Driver\src\stm32l1xx_dbgmcu.c 0x00000000   Number         0  stm32l1xx_dbgmcu.o ABSOLUTE
    ..\..\..\Libraries\STM32L1xx_StdPeriph_Driver\src\stm32l1xx_exti.c 0x00000000   Number         0  stm32l1xx_exti.o ABSOLUTE
    ..\..\..\Libraries\STM32L1xx_StdPeriph_Driver\src\stm32l1xx_gpio.c 0x00000000   Number         0  stm32l1xx_gpio.o ABSOLUTE
    ..\..\..\Libraries\STM32L1xx_StdPeriph_Driver\src\stm32l1xx_iwdg.c 0x00000000   Number         0  stm32l1xx_iwdg.o ABSOLUTE
    ..\..\..\Libraries\STM32L1xx_StdPeriph_Driver\src\stm32l1xx_lcd.c 0x00000000   Number         0  stm32l1xx_lcd.o ABSOLUTE
    ..\..\..\Libraries\STM32L1xx_StdPeriph_Driver\src\stm32l1xx_opamp.c 0x00000000   Number         0  stm32l1xx_opamp.o ABSOLUTE
    ..\..\..\Libraries\STM32L1xx_StdPeriph_Driver\src\stm32l1xx_pwr.c 0x00000000   Number         0  stm32l1xx_pwr.o ABSOLUTE
    ..\..\..\Libraries\STM32L1xx_StdPeriph_Driver\src\stm32l1xx_rcc.c 0x00000000   Number         0  stm32l1xx_rcc.o ABSOLUTE
    ..\..\..\Libraries\STM32L1xx_StdPeriph_Driver\src\stm32l1xx_syscfg.c 0x00000000   Number         0  stm32l1xx_syscfg.o ABSOLUTE
    ..\..\..\Libraries\STM32L1xx_StdPeriph_Driver\src\stm32l1xx_tim.c 0x00000000   Number         0  stm32l1xx_tim.o ABSOLUTE
    ..\..\..\Libraries\STM32L1xx_StdPeriph_Driver\src\stm32l1xx_usart.c 0x00000000   Number         0  stm32l1xx_usart.o ABSOLUTE
    ..\..\..\Libraries\STM32L1xx_StdPeriph_Driver\src\stm32l1xx_wwdg.c 0x00000000   Number         0  stm32l1xx_wwdg.o ABSOLUTE
    ..\..\HARDWARE\BC95\BC95.c               0x00000000   Number         0  bc95.o ABSOLUTE
    ..\..\HARDWARE\DHT11\dht11.c             0x00000000   Number         0  dht11.o ABSOLUTE
    ..\..\HARDWARE\LED\LED.c                 0x00000000   Number         0  led.o ABSOLUTE
    ..\..\HARDWARE\TIMER\timer.c             0x00000000   Number         0  timer.o ABSOLUTE
    ..\..\HARDWARE\bus\bus.c                 0x00000000   Number         0  bus.o ABSOLUTE
    ..\..\HARDWARE\delay\delay.c             0x00000000   Number         0  delay.o ABSOLUTE
    ..\..\HARDWARE\key\key.c                 0x00000000   Number         0  key.o ABSOLUTE
    ..\..\HARDWARE\pressure\pressure_sensor.c 0x00000000   Number         0  pressure_sensor.o ABSOLUTE
    ..\..\HARDWARE\usart\usart.c             0x00000000   Number         0  usart.o ABSOLUTE
    ..\\..\\..\\Libraries\\STM32L1xx_StdPeriph_Driver\\src\\misc.c 0x00000000   Number         0  misc.o ABSOLUTE
    ..\\..\\..\\Libraries\\STM32L1xx_StdPeriph_Driver\\src\\stm32l1xx_adc.c 0x00000000   Number         0  stm32l1xx_adc.o ABSOLUTE
    ..\\..\\..\\Libraries\\STM32L1xx_StdPeriph_Driver\\src\\stm32l1xx_aes.c 0x00000000   Number         0  stm32l1xx_aes.o ABSOLUTE
    ..\\..\\..\\Libraries\\STM32L1xx_StdPeriph_Driver\\src\\stm32l1xx_aes_util.c 0x00000000   Number         0  stm32l1xx_aes_util.o ABSOLUTE
    ..\\..\\..\\Libraries\\STM32L1xx_StdPeriph_Driver\\src\\stm32l1xx_comp.c 0x00000000   Number         0  stm32l1xx_comp.o ABSOLUTE
    ..\\..\\..\\Libraries\\STM32L1xx_StdPeriph_Driver\\src\\stm32l1xx_crc.c 0x00000000   Number         0  stm32l1xx_crc.o ABSOLUTE
    ..\\..\\..\\Libraries\\STM32L1xx_StdPeriph_Driver\\src\\stm32l1xx_dbgmcu.c 0x00000000   Number         0  stm32l1xx_dbgmcu.o ABSOLUTE
    ..\\..\\..\\Libraries\\STM32L1xx_StdPeriph_Driver\\src\\stm32l1xx_exti.c 0x00000000   Number         0  stm32l1xx_exti.o ABSOLUTE
    ..\\..\\..\\Libraries\\STM32L1xx_StdPeriph_Driver\\src\\stm32l1xx_gpio.c 0x00000000   Number         0  stm32l1xx_gpio.o ABSOLUTE
    ..\\..\\..\\Libraries\\STM32L1xx_StdPeriph_Driver\\src\\stm32l1xx_iwdg.c 0x00000000   Number         0  stm32l1xx_iwdg.o ABSOLUTE
    ..\\..\\..\\Libraries\\STM32L1xx_StdPeriph_Driver\\src\\stm32l1xx_lcd.c 0x00000000   Number         0  stm32l1xx_lcd.o ABSOLUTE
    ..\\..\\..\\Libraries\\STM32L1xx_StdPeriph_Driver\\src\\stm32l1xx_opamp.c 0x00000000   Number         0  stm32l1xx_opamp.o ABSOLUTE
    ..\\..\\..\\Libraries\\STM32L1xx_StdPeriph_Driver\\src\\stm32l1xx_pwr.c 0x00000000   Number         0  stm32l1xx_pwr.o ABSOLUTE
    ..\\..\\..\\Libraries\\STM32L1xx_StdPeriph_Driver\\src\\stm32l1xx_rcc.c 0x00000000   Number         0  stm32l1xx_rcc.o ABSOLUTE
    ..\\..\\..\\Libraries\\STM32L1xx_StdPeriph_Driver\\src\\stm32l1xx_syscfg.c 0x00000000   Number         0  stm32l1xx_syscfg.o ABSOLUTE
    ..\\..\\..\\Libraries\\STM32L1xx_StdPeriph_Driver\\src\\stm32l1xx_tim.c 0x00000000   Number         0  stm32l1xx_tim.o ABSOLUTE
    ..\\..\\..\\Libraries\\STM32L1xx_StdPeriph_Driver\\src\\stm32l1xx_usart.c 0x00000000   Number         0  stm32l1xx_usart.o ABSOLUTE
    ..\\..\\..\\Libraries\\STM32L1xx_StdPeriph_Driver\\src\\stm32l1xx_wwdg.c 0x00000000   Number         0  stm32l1xx_wwdg.o ABSOLUTE
    ..\\..\\HARDWARE\\BC95\\BC95.c           0x00000000   Number         0  bc95.o ABSOLUTE
    ..\\..\\HARDWARE\\DHT11\\dht11.c         0x00000000   Number         0  dht11.o ABSOLUTE
    ..\\..\\HARDWARE\\LED\\LED.c             0x00000000   Number         0  led.o ABSOLUTE
    ..\\..\\HARDWARE\\TIMER\\timer.c         0x00000000   Number         0  timer.o ABSOLUTE
    ..\\..\\HARDWARE\\bus\\bus.c             0x00000000   Number         0  bus.o ABSOLUTE
    ..\\..\\HARDWARE\\delay\\delay.c         0x00000000   Number         0  delay.o ABSOLUTE
    ..\\..\\HARDWARE\\key\\key.c             0x00000000   Number         0  key.o ABSOLUTE
    ..\\..\\HARDWARE\\pressure\\pressure_sensor.c 0x00000000   Number         0  pressure_sensor.o ABSOLUTE
    ..\\..\\HARDWARE\\usart\\usart.c         0x00000000   Number         0  usart.o ABSOLUTE
    ..\\main.c                               0x00000000   Number         0  main.o ABSOLUTE
    ..\\stm32l1xx_it.c                       0x00000000   Number         0  stm32l1xx_it.o ABSOLUTE
    ..\\system_stm32l1xx.c                   0x00000000   Number         0  system_stm32l1xx.o ABSOLUTE
    ..\main.c                                0x00000000   Number         0  main.o ABSOLUTE
    ..\stm32l1xx_it.c                        0x00000000   Number         0  stm32l1xx_it.o ABSOLUTE
    ..\system_stm32l1xx.c                    0x00000000   Number         0  system_stm32l1xx.o ABSOLUTE
    cdrcmple.s                               0x00000000   Number         0  cdrcmple.o ABSOLUTE
    dc.s                                     0x00000000   Number         0  dc.o ABSOLUTE
    handlers.s                               0x00000000   Number         0  handlers.o ABSOLUTE
    init.s                                   0x00000000   Number         0  init.o ABSOLUTE
    RESET                                    0x08000000   Section      244  startup_stm32l1xx_md.o(RESET)
    .ARM.Collect$$$$00000000                 0x080000f4   Section        0  entry.o(.ARM.Collect$$$$00000000)
    .ARM.Collect$$$$00000001                 0x080000f4   Section        4  entry2.o(.ARM.Collect$$$$00000001)
    .ARM.Collect$$$$00000004                 0x080000f8   Section        4  entry5.o(.ARM.Collect$$$$00000004)
    .ARM.Collect$$$$00000008                 0x080000fc   Section        0  entry7b.o(.ARM.Collect$$$$00000008)
    .ARM.Collect$$$$0000000A                 0x080000fc   Section        0  entry8b.o(.ARM.Collect$$$$0000000A)
    .ARM.Collect$$$$0000000B                 0x080000fc   Section        8  entry9a.o(.ARM.Collect$$$$0000000B)
    .ARM.Collect$$$$0000000D                 0x08000104   Section        0  entry10a.o(.ARM.Collect$$$$0000000D)
    .ARM.Collect$$$$0000000F                 0x08000104   Section        0  entry11a.o(.ARM.Collect$$$$0000000F)
    .ARM.Collect$$$$00002712                 0x08000104   Section        4  entry2.o(.ARM.Collect$$$$00002712)
    __lit__00000000                          0x08000104   Data           4  entry2.o(.ARM.Collect$$$$00002712)
    .text                                    0x08000108   Section       36  startup_stm32l1xx_md.o(.text)
    .text                                    0x0800012c   Section        0  memseta.o(.text)
    .text                                    0x08000150   Section        0  strstr.o(.text)
    .text                                    0x08000174   Section       36  init.o(.text)
    i.ADC_Cmd                                0x08000198   Section        0  stm32l1xx_adc.o(i.ADC_Cmd)
    i.ADC_DeInit                             0x080001b0   Section        0  stm32l1xx_adc.o(i.ADC_DeInit)
    i.ADC_GetConversionValue                 0x080001d0   Section        0  stm32l1xx_adc.o(i.ADC_GetConversionValue)
    i.ADC_GetFlagStatus                      0x080001d8   Section        0  stm32l1xx_adc.o(i.ADC_GetFlagStatus)
    i.ADC_Init                               0x080001ec   Section        0  stm32l1xx_adc.o(i.ADC_Init)
    i.ADC_RegularChannelConfig               0x08000240   Section        0  stm32l1xx_adc.o(i.ADC_RegularChannelConfig)
    i.ADC_SoftwareStartConv                  0x08000398   Section        0  stm32l1xx_adc.o(i.ADC_SoftwareStartConv)
    i.BC95_Init                              0x080003a4   Section        0  bc95.o(i.BC95_Init)
    i.BC95_RECCOAPData                       0x080007e8   Section        0  bc95.o(i.BC95_RECCOAPData)
    i.BC95_SendCOAPdata                      0x08000840   Section        0  bc95.o(i.BC95_SendCOAPdata)
    i.BC95_SendCOAPdata_try                  0x08000918   Section        0  bc95.o(i.BC95_SendCOAPdata_try)
    i.BusFault_Handler                       0x08000990   Section        0  stm32l1xx_it.o(i.BusFault_Handler)
    i.CDP_Init                               0x08000994   Section        0  bc95.o(i.CDP_Init)
    i.Clear_Buffer                           0x08000bac   Section        0  bc95.o(i.Clear_Buffer)
    i.DebugMon_Handler                       0x08000bd8   Section        0  stm32l1xx_it.o(i.DebugMon_Handler)
    i.Delay                                  0x08000bdc   Section        0  delay.o(i.Delay)
    i.GPIO_Init                              0x08000c1c   Section        0  stm32l1xx_gpio.o(i.GPIO_Init)
    i.GPIO_PinAFConfig                       0x08000ca0   Section        0  stm32l1xx_gpio.o(i.GPIO_PinAFConfig)
    i.GPIO_ReadInputDataBit                  0x08000ce6   Section        0  stm32l1xx_gpio.o(i.GPIO_ReadInputDataBit)
    i.GPIO_ResetBits                         0x08000cf8   Section        0  stm32l1xx_gpio.o(i.GPIO_ResetBits)
    i.GPIO_SetBits                           0x08000cfc   Section        0  stm32l1xx_gpio.o(i.GPIO_SetBits)
    i.GPIO_ToggleBits                        0x08000d00   Section        0  stm32l1xx_gpio.o(i.GPIO_ToggleBits)
    i.HardFault_Handler                      0x08000d08   Section        0  stm32l1xx_it.o(i.HardFault_Handler)
    i.KEY_init                               0x08000d0c   Section        0  key.o(i.KEY_init)
    i.KEY_scan                               0x08000d64   Section        0  key.o(i.KEY_scan)
    i.LED_Init                               0x08000edc   Section        0  led.o(i.LED_Init)
    i.MemManage_Handler                      0x08000f10   Section        0  stm32l1xx_it.o(i.MemManage_Handler)
    i.NMI_Handler                            0x08000f14   Section        0  stm32l1xx_it.o(i.NMI_Handler)
    i.NVIC_Init                              0x08000f18   Section        0  misc.o(i.NVIC_Init)
    i.NVIC_PriorityGroupConfig               0x08000f90   Section        0  misc.o(i.NVIC_PriorityGroupConfig)
    i.PendSV_Handler                         0x08000fa4   Section        0  stm32l1xx_it.o(i.PendSV_Handler)
    i.RCC_AHBPeriphClockCmd                  0x08000fa8   Section        0  stm32l1xx_rcc.o(i.RCC_AHBPeriphClockCmd)
    i.RCC_APB1PeriphClockCmd                 0x08000fc8   Section        0  stm32l1xx_rcc.o(i.RCC_APB1PeriphClockCmd)
    i.RCC_APB2PeriphClockCmd                 0x08000fe8   Section        0  stm32l1xx_rcc.o(i.RCC_APB2PeriphClockCmd)
    i.RCC_APB2PeriphResetCmd                 0x08001008   Section        0  stm32l1xx_rcc.o(i.RCC_APB2PeriphResetCmd)
    i.RCC_GetClocksFreq                      0x08001028   Section        0  stm32l1xx_rcc.o(i.RCC_GetClocksFreq)
    i.RCC_GetFlagStatus                      0x08001128   Section        0  stm32l1xx_rcc.o(i.RCC_GetFlagStatus)
    i.RCC_HSICmd                             0x0800115c   Section        0  stm32l1xx_rcc.o(i.RCC_HSICmd)
    i.SVC_Handler                            0x08001168   Section        0  stm32l1xx_it.o(i.SVC_Handler)
    i.SetSysClock                            0x0800116c   Section        0  system_stm32l1xx.o(i.SetSysClock)
    SetSysClock                              0x0800116d   Thumb Code   258  system_stm32l1xx.o(i.SetSysClock)
    i.SysTick_CLKSourceConfig                0x0800127c   Section        0  misc.o(i.SysTick_CLKSourceConfig)
    i.SysTick_Handler                        0x080012a4   Section        0  stm32l1xx_it.o(i.SysTick_Handler)
    i.SystemInit                             0x080012a8   Section        0  system_stm32l1xx.o(i.SystemInit)
    i.TIM3_IRQHandler                        0x08001310   Section        0  timer.o(i.TIM3_IRQHandler)
    i.TIM3_Int_Init                          0x08001330   Section        0  timer.o(i.TIM3_Int_Init)
    i.TIM4_IRQHandler                        0x0800138c   Section        0  timer.o(i.TIM4_IRQHandler)
    i.TIM4_Int_Init                          0x080013f4   Section        0  timer.o(i.TIM4_Int_Init)
    i.TIM_ClearITPendingBit                  0x08001450   Section        0  stm32l1xx_tim.o(i.TIM_ClearITPendingBit)
    i.TIM_Cmd                                0x08001456   Section        0  stm32l1xx_tim.o(i.TIM_Cmd)
    i.TIM_GetITStatus                        0x0800146e   Section        0  stm32l1xx_tim.o(i.TIM_GetITStatus)
    i.TIM_ITConfig                           0x08001490   Section        0  stm32l1xx_tim.o(i.TIM_ITConfig)
    i.TIM_TimeBaseInit                       0x080014a4   Section        0  stm32l1xx_tim.o(i.TIM_TimeBaseInit)
    i.UART1_send_byte                        0x08001504   Section        0  usart.o(i.UART1_send_byte)
    i.USART1_IRQHandler                      0x08001524   Section        0  usart.o(i.USART1_IRQHandler)
    i.USART3_IRQHandler                      0x08001558   Section        0  usart.o(i.USART3_IRQHandler)
    i.USART_Cmd                              0x0800158c   Section        0  stm32l1xx_usart.o(i.USART_Cmd)
    i.USART_GetFlagStatus                    0x080015a4   Section        0  stm32l1xx_usart.o(i.USART_GetFlagStatus)
    i.USART_GetITStatus                      0x080015be   Section        0  stm32l1xx_usart.o(i.USART_GetITStatus)
    i.USART_ITConfig                         0x08001612   Section        0  stm32l1xx_usart.o(i.USART_ITConfig)
    i.USART_Init                             0x0800165c   Section        0  stm32l1xx_usart.o(i.USART_Init)
    i.USART_ReceiveData                      0x08001728   Section        0  stm32l1xx_usart.o(i.USART_ReceiveData)
    i.USART_SendData                         0x08001732   Section        0  stm32l1xx_usart.o(i.USART_SendData)
    i.Uart1_SendStr                          0x0800173c   Section        0  usart.o(i.Uart1_SendStr)
    i.UsageFault_Handler                     0x08001764   Section        0  stm32l1xx_it.o(i.UsageFault_Handler)
    i.__0printf$2                            0x08001768   Section        0  printf2.o(i.__0printf$2)
    i.__scatterload_copy                     0x08001788   Section       14  handlers.o(i.__scatterload_copy)
    i.__scatterload_null                     0x08001796   Section        2  handlers.o(i.__scatterload_null)
    i.__scatterload_zeroinit                 0x08001798   Section       14  handlers.o(i.__scatterload_zeroinit)
    i._printf_core                           0x080017a6   Section        0  printf2.o(i._printf_core)
    _printf_core                             0x080017a7   Thumb Code   214  printf2.o(i._printf_core)
    i.delay_init                             0x0800187c   Section        0  delay.o(i.delay_init)
    i.delay_ms                               0x080018c0   Section        0  delay.o(i.delay_ms)
    i.fputc                                  0x08001900   Section        0  usart.o(i.fputc)
    i.get_press_adc                          0x0800191c   Section        0  pressure_sensor.o(i.get_press_adc)
    i.get_press_adc_average                  0x0800194c   Section        0  pressure_sensor.o(i.get_press_adc_average)
    i.main                                   0x0800197a   Section        0  main.o(i.main)
    i.main_init                              0x0800198e   Section        0  main.o(i.main_init)
    i.press_ad_judge                         0x080019dc   Section        0  pressure_sensor.o(i.press_ad_judge)
    i.press_ad_sample                        0x08001a64   Section        0  pressure_sensor.o(i.press_ad_sample)
    i.press_handle                           0x08001ba8   Section        0  pressure_sensor.o(i.press_handle)
    i.press_sensor_adc_init                  0x08001bc4   Section        0  pressure_sensor.o(i.press_sensor_adc_init)
    i.uart3_init                             0x08001c40   Section        0  usart.o(i.uart3_init)
    i.uart_init                              0x08001d00   Section        0  usart.o(i.uart_init)
    i.upload_buf_press_frame                 0x08001dc4   Section        0  bus.o(i.upload_buf_press_frame)
    i.upload_change_sequence                 0x08001eb8   Section        0  bus.o(i.upload_change_sequence)
    i.upload_init                            0x08001ed4   Section        0  bus.o(i.upload_init)
    i.upload_press_handle                    0x08001ef4   Section        0  bus.o(i.upload_press_handle)
    .data                                    0x20000000   Section      100  main.o(.data)
    .data                                    0x20000064   Section        8  bc95.o(.data)
    .data                                    0x2000006c   Section       25  stm32l1xx_rcc.o(.data)
    PLLMulTable                              0x2000006c   Data           9  stm32l1xx_rcc.o(.data)
    APBAHBPrescTable                         0x20000075   Data          16  stm32l1xx_rcc.o(.data)
    .data                                    0x20000088   Section       29  system_stm32l1xx.o(.data)
    .data                                    0x200000a5   Section        2  usart.o(.data)
    .data                                    0x200000a7   Section        2  timer.o(.data)
    .data                                    0x200000aa   Section        4  delay.o(.data)
    fac_us                                   0x200000aa   Data           1  delay.o(.data)
    fac_ms                                   0x200000ac   Data           2  delay.o(.data)
    .data                                    0x200000ae   Section        2  key.o(.data)
    .data                                    0x200000b0   Section        4  stdout.o(.data)
    .bss                                     0x200000b4   Section      115  bc95.o(.bss)
    .bss                                     0x20000127   Section      200  usart.o(.bss)
    .bss                                     0x200001f0   Section       10  pressure_sensor.o(.bss)
    STACK                                    0x20000200   Section     1024  startup_stm32l1xx_md.o(STACK)

    Global Symbols

    Symbol Name                              Value     Ov Type        Size  Object(Section)

    BuildAttributes$$THM_ISAv4$P$D$K$B$S$PE$A:L22UL41UL21$X:L11$S22US41US21$IEEE1$IW$USESV6$~STKCKD$USESV7$~SHL$OSPACE$ROPI$EBA8$MICROLIB$REQ8$PRES8$EABIv2 0x00000000   Number         0  anon$$obj.o ABSOLUTE
    __ARM_use_no_argv                        0x00000000   Number         0  main.o ABSOLUTE
    _printf_a                                0x00000000   Number         0  stubs.o ABSOLUTE
    _printf_c                                0x00000000   Number         0  stubs.o ABSOLUTE
    _printf_charcount                        0x00000000   Number         0  stubs.o ABSOLUTE
    _printf_d                                0x00000000   Number         0  stubs.o ABSOLUTE
    _printf_e                                0x00000000   Number         0  stubs.o ABSOLUTE
    _printf_f                                0x00000000   Number         0  stubs.o ABSOLUTE
    _printf_flags                            0x00000000   Number         0  stubs.o ABSOLUTE
    _printf_fp_dec                           0x00000000   Number         0  stubs.o ABSOLUTE
    _printf_fp_hex                           0x00000000   Number         0  stubs.o ABSOLUTE
    _printf_g                                0x00000000   Number         0  stubs.o ABSOLUTE
    _printf_i                                0x00000000   Number         0  stubs.o ABSOLUTE
    _printf_int_dec                          0x00000000   Number         0  stubs.o ABSOLUTE
    _printf_l                                0x00000000   Number         0  stubs.o ABSOLUTE
    _printf_lc                               0x00000000   Number         0  stubs.o ABSOLUTE
    _printf_ll                               0x00000000   Number         0  stubs.o ABSOLUTE
    _printf_lld                              0x00000000   Number         0  stubs.o ABSOLUTE
    _printf_lli                              0x00000000   Number         0  stubs.o ABSOLUTE
    _printf_llo                              0x00000000   Number         0  stubs.o ABSOLUTE
    _printf_llu                              0x00000000   Number         0  stubs.o ABSOLUTE
    _printf_llx                              0x00000000   Number         0  stubs.o ABSOLUTE
    _printf_longlong_dec                     0x00000000   Number         0  stubs.o ABSOLUTE
    _printf_longlong_hex                     0x00000000   Number         0  stubs.o ABSOLUTE
    _printf_longlong_oct                     0x00000000   Number         0  stubs.o ABSOLUTE
    _printf_ls                               0x00000000   Number         0  stubs.o ABSOLUTE
    _printf_mbtowc                           0x00000000   Number         0  stubs.o ABSOLUTE
    _printf_n                                0x00000000   Number         0  stubs.o ABSOLUTE
    _printf_o                                0x00000000   Number         0  stubs.o ABSOLUTE
    _printf_p                                0x00000000   Number         0  stubs.o ABSOLUTE
    _printf_percent                          0x00000000   Number         0  stubs.o ABSOLUTE
    _printf_pre_padding                      0x00000000   Number         0  stubs.o ABSOLUTE
    _printf_return_value                     0x00000000   Number         0  stubs.o ABSOLUTE
    _printf_s                                0x00000000   Number         0  stubs.o ABSOLUTE
    _printf_sizespec                         0x00000000   Number         0  stubs.o ABSOLUTE
    _printf_str                              0x00000000   Number         0  stubs.o ABSOLUTE
    _printf_truncate_signed                  0x00000000   Number         0  stubs.o ABSOLUTE
    _printf_truncate_unsigned                0x00000000   Number         0  stubs.o ABSOLUTE
    _printf_u                                0x00000000   Number         0  stubs.o ABSOLUTE
    _printf_wc                               0x00000000   Number         0  stubs.o ABSOLUTE
    _printf_wctomb                           0x00000000   Number         0  stubs.o ABSOLUTE
    _printf_widthprec                        0x00000000   Number         0  stubs.o ABSOLUTE
    _printf_x                                0x00000000   Number         0  stubs.o ABSOLUTE
    __cpp_initialize__aeabi_                  - Undefined Weak Reference
    __cxa_finalize                            - Undefined Weak Reference
    __decompress                              - Undefined Weak Reference
    _clock_init                               - Undefined Weak Reference
    _microlib_exit                            - Undefined Weak Reference
    __Vectors_Size                           0x000000f4   Number         0  startup_stm32l1xx_md.o ABSOLUTE
    __Vectors                                0x08000000   Data           4  startup_stm32l1xx_md.o(RESET)
    __Vectors_End                            0x080000f4   Data           0  startup_stm32l1xx_md.o(RESET)
    __main                                   0x080000f5   Thumb Code     0  entry.o(.ARM.Collect$$$$00000000)
    _main_stk                                0x080000f5   Thumb Code     0  entry2.o(.ARM.Collect$$$$00000001)
    _main_scatterload                        0x080000f9   Thumb Code     0  entry5.o(.ARM.Collect$$$$00000004)
    __main_after_scatterload                 0x080000fd   Thumb Code     0  entry5.o(.ARM.Collect$$$$00000004)
    _main_clock                              0x080000fd   Thumb Code     0  entry7b.o(.ARM.Collect$$$$00000008)
    _main_cpp_init                           0x080000fd   Thumb Code     0  entry8b.o(.ARM.Collect$$$$0000000A)
    _main_init                               0x080000fd   Thumb Code     0  entry9a.o(.ARM.Collect$$$$0000000B)
    __rt_final_cpp                           0x08000105   Thumb Code     0  entry10a.o(.ARM.Collect$$$$0000000D)
    __rt_final_exit                          0x08000105   Thumb Code     0  entry11a.o(.ARM.Collect$$$$0000000F)
    Reset_Handler                            0x08000109   Thumb Code     8  startup_stm32l1xx_md.o(.text)
    ADC1_IRQHandler                          0x08000123   Thumb Code     0  startup_stm32l1xx_md.o(.text)
    COMP_IRQHandler                          0x08000123   Thumb Code     0  startup_stm32l1xx_md.o(.text)
    DAC_IRQHandler                           0x08000123   Thumb Code     0  startup_stm32l1xx_md.o(.text)
    DMA1_Channel1_IRQHandler                 0x08000123   Thumb Code     0  startup_stm32l1xx_md.o(.text)
    DMA1_Channel2_IRQHandler                 0x08000123   Thumb Code     0  startup_stm32l1xx_md.o(.text)
    DMA1_Channel3_IRQHandler                 0x08000123   Thumb Code     0  startup_stm32l1xx_md.o(.text)
    DMA1_Channel4_IRQHandler                 0x08000123   Thumb Code     0  startup_stm32l1xx_md.o(.text)
    DMA1_Channel5_IRQHandler                 0x08000123   Thumb Code     0  startup_stm32l1xx_md.o(.text)
    DMA1_Channel6_IRQHandler                 0x08000123   Thumb Code     0  startup_stm32l1xx_md.o(.text)
    DMA1_Channel7_IRQHandler                 0x08000123   Thumb Code     0  startup_stm32l1xx_md.o(.text)
    EXTI0_IRQHandler                         0x08000123   Thumb Code     0  startup_stm32l1xx_md.o(.text)
    EXTI15_10_IRQHandler                     0x08000123   Thumb Code     0  startup_stm32l1xx_md.o(.text)
    EXTI1_IRQHandler                         0x08000123   Thumb Code     0  startup_stm32l1xx_md.o(.text)
    EXTI2_IRQHandler                         0x08000123   Thumb Code     0  startup_stm32l1xx_md.o(.text)
    EXTI3_IRQHandler                         0x08000123   Thumb Code     0  startup_stm32l1xx_md.o(.text)
    EXTI4_IRQHandler                         0x08000123   Thumb Code     0  startup_stm32l1xx_md.o(.text)
    EXTI9_5_IRQHandler                       0x08000123   Thumb Code     0  startup_stm32l1xx_md.o(.text)
    FLASH_IRQHandler                         0x08000123   Thumb Code     0  startup_stm32l1xx_md.o(.text)
    I2C1_ER_IRQHandler                       0x08000123   Thumb Code     0  startup_stm32l1xx_md.o(.text)
    I2C1_EV_IRQHandler                       0x08000123   Thumb Code     0  startup_stm32l1xx_md.o(.text)
    I2C2_ER_IRQHandler                       0x08000123   Thumb Code     0  startup_stm32l1xx_md.o(.text)
    I2C2_EV_IRQHandler                       0x08000123   Thumb Code     0  startup_stm32l1xx_md.o(.text)
    LCD_IRQHandler                           0x08000123   Thumb Code     0  startup_stm32l1xx_md.o(.text)
    PVD_IRQHandler                           0x08000123   Thumb Code     0  startup_stm32l1xx_md.o(.text)
    RCC_IRQHandler                           0x08000123   Thumb Code     0  startup_stm32l1xx_md.o(.text)
    RTC_Alarm_IRQHandler                     0x08000123   Thumb Code     0  startup_stm32l1xx_md.o(.text)
    RTC_WKUP_IRQHandler                      0x08000123   Thumb Code     0  startup_stm32l1xx_md.o(.text)
    SPI1_IRQHandler                          0x08000123   Thumb Code     0  startup_stm32l1xx_md.o(.text)
    SPI2_IRQHandler                          0x08000123   Thumb Code     0  startup_stm32l1xx_md.o(.text)
    TAMPER_STAMP_IRQHandler                  0x08000123   Thumb Code     0  startup_stm32l1xx_md.o(.text)
    TIM10_IRQHandler                         0x08000123   Thumb Code     0  startup_stm32l1xx_md.o(.text)
    TIM11_IRQHandler                         0x08000123   Thumb Code     0  startup_stm32l1xx_md.o(.text)
    TIM2_IRQHandler                          0x08000123   Thumb Code     0  startup_stm32l1xx_md.o(.text)
    TIM6_IRQHandler                          0x08000123   Thumb Code     0  startup_stm32l1xx_md.o(.text)
    TIM7_IRQHandler                          0x08000123   Thumb Code     0  startup_stm32l1xx_md.o(.text)
    TIM9_IRQHandler                          0x08000123   Thumb Code     0  startup_stm32l1xx_md.o(.text)
    USART2_IRQHandler                        0x08000123   Thumb Code     0  startup_stm32l1xx_md.o(.text)
    USB_FS_WKUP_IRQHandler                   0x08000123   Thumb Code     0  startup_stm32l1xx_md.o(.text)
    USB_HP_IRQHandler                        0x08000123   Thumb Code     0  startup_stm32l1xx_md.o(.text)
    USB_LP_IRQHandler                        0x08000123   Thumb Code     0  startup_stm32l1xx_md.o(.text)
    WWDG_IRQHandler                          0x08000123   Thumb Code     0  startup_stm32l1xx_md.o(.text)
    __aeabi_memset                           0x0800012d   Thumb Code    14  memseta.o(.text)
    __aeabi_memset4                          0x0800012d   Thumb Code     0  memseta.o(.text)
    __aeabi_memset8                          0x0800012d   Thumb Code     0  memseta.o(.text)
    __aeabi_memclr                           0x0800013b   Thumb Code     4  memseta.o(.text)
    __aeabi_memclr4                          0x0800013b   Thumb Code     0  memseta.o(.text)
    __aeabi_memclr8                          0x0800013b   Thumb Code     0  memseta.o(.text)
    _memset$wrapper                          0x0800013f   Thumb Code    18  memseta.o(.text)
    strstr                                   0x08000151   Thumb Code    36  strstr.o(.text)
    __scatterload                            0x08000175   Thumb Code    28  init.o(.text)
    __scatterload_rt2                        0x08000175   Thumb Code     0  init.o(.text)
    ADC_Cmd                                  0x08000199   Thumb Code    22  stm32l1xx_adc.o(i.ADC_Cmd)
    ADC_DeInit                               0x080001b1   Thumb Code    28  stm32l1xx_adc.o(i.ADC_DeInit)
    ADC_GetConversionValue                   0x080001d1   Thumb Code     8  stm32l1xx_adc.o(i.ADC_GetConversionValue)
    ADC_GetFlagStatus                        0x080001d9   Thumb Code    18  stm32l1xx_adc.o(i.ADC_GetFlagStatus)
    ADC_Init                                 0x080001ed   Thumb Code    74  stm32l1xx_adc.o(i.ADC_Init)
    ADC_RegularChannelConfig                 0x08000241   Thumb Code   344  stm32l1xx_adc.o(i.ADC_RegularChannelConfig)
    ADC_SoftwareStartConv                    0x08000399   Thumb Code    10  stm32l1xx_adc.o(i.ADC_SoftwareStartConv)
    BC95_Init                                0x080003a5   Thumb Code   822  bc95.o(i.BC95_Init)
    BC95_RECCOAPData                         0x080007e9   Thumb Code    50  bc95.o(i.BC95_RECCOAPData)
    BC95_SendCOAPdata                        0x08000841   Thumb Code   110  bc95.o(i.BC95_SendCOAPdata)
    BC95_SendCOAPdata_try                    0x08000919   Thumb Code    74  bc95.o(i.BC95_SendCOAPdata_try)
    BusFault_Handler                         0x08000991   Thumb Code     4  stm32l1xx_it.o(i.BusFault_Handler)
    CDP_Init                                 0x08000995   Thumb Code   410  bc95.o(i.CDP_Init)
    Clear_Buffer                             0x08000bad   Thumb Code    34  bc95.o(i.Clear_Buffer)
    DebugMon_Handler                         0x08000bd9   Thumb Code     2  stm32l1xx_it.o(i.DebugMon_Handler)
    Delay                                    0x08000bdd   Thumb Code    58  delay.o(i.Delay)
    GPIO_Init                                0x08000c1d   Thumb Code   132  stm32l1xx_gpio.o(i.GPIO_Init)
    GPIO_PinAFConfig                         0x08000ca1   Thumb Code    70  stm32l1xx_gpio.o(i.GPIO_PinAFConfig)
    GPIO_ReadInputDataBit                    0x08000ce7   Thumb Code    18  stm32l1xx_gpio.o(i.GPIO_ReadInputDataBit)
    GPIO_ResetBits                           0x08000cf9   Thumb Code     4  stm32l1xx_gpio.o(i.GPIO_ResetBits)
    GPIO_SetBits                             0x08000cfd   Thumb Code     4  stm32l1xx_gpio.o(i.GPIO_SetBits)
    GPIO_ToggleBits                          0x08000d01   Thumb Code     8  stm32l1xx_gpio.o(i.GPIO_ToggleBits)
    HardFault_Handler                        0x08000d09   Thumb Code     4  stm32l1xx_it.o(i.HardFault_Handler)
    KEY_init                                 0x08000d0d   Thumb Code    74  key.o(i.KEY_init)
    KEY_scan                                 0x08000d65   Thumb Code   358  key.o(i.KEY_scan)
    LED_Init                                 0x08000edd   Thumb Code    48  led.o(i.LED_Init)
    MemManage_Handler                        0x08000f11   Thumb Code     4  stm32l1xx_it.o(i.MemManage_Handler)
    NMI_Handler                              0x08000f15   Thumb Code     2  stm32l1xx_it.o(i.NMI_Handler)
    NVIC_Init                                0x08000f19   Thumb Code   106  misc.o(i.NVIC_Init)
    NVIC_PriorityGroupConfig                 0x08000f91   Thumb Code    10  misc.o(i.NVIC_PriorityGroupConfig)
    PendSV_Handler                           0x08000fa5   Thumb Code     2  stm32l1xx_it.o(i.PendSV_Handler)
    RCC_AHBPeriphClockCmd                    0x08000fa9   Thumb Code    26  stm32l1xx_rcc.o(i.RCC_AHBPeriphClockCmd)
    RCC_APB1PeriphClockCmd                   0x08000fc9   Thumb Code    26  stm32l1xx_rcc.o(i.RCC_APB1PeriphClockCmd)
    RCC_APB2PeriphClockCmd                   0x08000fe9   Thumb Code    26  stm32l1xx_rcc.o(i.RCC_APB2PeriphClockCmd)
    RCC_APB2PeriphResetCmd                   0x08001009   Thumb Code    26  stm32l1xx_rcc.o(i.RCC_APB2PeriphResetCmd)
    RCC_GetClocksFreq                        0x08001029   Thumb Code   234  stm32l1xx_rcc.o(i.RCC_GetClocksFreq)
    RCC_GetFlagStatus                        0x08001129   Thumb Code    48  stm32l1xx_rcc.o(i.RCC_GetFlagStatus)
    RCC_HSICmd                               0x0800115d   Thumb Code     6  stm32l1xx_rcc.o(i.RCC_HSICmd)
    SVC_Handler                              0x08001169   Thumb Code     2  stm32l1xx_it.o(i.SVC_Handler)
    SysTick_CLKSourceConfig                  0x0800127d   Thumb Code    40  misc.o(i.SysTick_CLKSourceConfig)
    SysTick_Handler                          0x080012a5   Thumb Code     2  stm32l1xx_it.o(i.SysTick_Handler)
    SystemInit                               0x080012a9   Thumb Code    88  system_stm32l1xx.o(i.SystemInit)
    TIM3_IRQHandler                          0x08001311   Thumb Code    26  timer.o(i.TIM3_IRQHandler)
    TIM3_Int_Init                            0x08001331   Thumb Code    88  timer.o(i.TIM3_Int_Init)
    TIM4_IRQHandler                          0x0800138d   Thumb Code    84  timer.o(i.TIM4_IRQHandler)
    TIM4_Int_Init                            0x080013f5   Thumb Code    86  timer.o(i.TIM4_Int_Init)
    TIM_ClearITPendingBit                    0x08001451   Thumb Code     6  stm32l1xx_tim.o(i.TIM_ClearITPendingBit)
    TIM_Cmd                                  0x08001457   Thumb Code    24  stm32l1xx_tim.o(i.TIM_Cmd)
    TIM_GetITStatus                          0x0800146f   Thumb Code    34  stm32l1xx_tim.o(i.TIM_GetITStatus)
    TIM_ITConfig                             0x08001491   Thumb Code    18  stm32l1xx_tim.o(i.TIM_ITConfig)
    TIM_TimeBaseInit                         0x080014a5   Thumb Code    76  stm32l1xx_tim.o(i.TIM_TimeBaseInit)
    UART1_send_byte                          0x08001505   Thumb Code    28  usart.o(i.UART1_send_byte)
    USART1_IRQHandler                        0x08001525   Thumb Code    40  usart.o(i.USART1_IRQHandler)
    USART3_IRQHandler                        0x08001559   Thumb Code    40  usart.o(i.USART3_IRQHandler)
    USART_Cmd                                0x0800158d   Thumb Code    24  stm32l1xx_usart.o(i.USART_Cmd)
    USART_GetFlagStatus                      0x080015a5   Thumb Code    26  stm32l1xx_usart.o(i.USART_GetFlagStatus)
    USART_GetITStatus                        0x080015bf   Thumb Code    84  stm32l1xx_usart.o(i.USART_GetITStatus)
    USART_ITConfig                           0x08001613   Thumb Code    74  stm32l1xx_usart.o(i.USART_ITConfig)
    USART_Init                               0x0800165d   Thumb Code   198  stm32l1xx_usart.o(i.USART_Init)
    USART_ReceiveData                        0x08001729   Thumb Code    10  stm32l1xx_usart.o(i.USART_ReceiveData)
    USART_SendData                           0x08001733   Thumb Code     8  stm32l1xx_usart.o(i.USART_SendData)
    Uart1_SendStr                            0x0800173d   Thumb Code    34  usart.o(i.Uart1_SendStr)
    UsageFault_Handler                       0x08001765   Thumb Code     4  stm32l1xx_it.o(i.UsageFault_Handler)
    __0printf$2                              0x08001769   Thumb Code    22  printf2.o(i.__0printf$2)
    __1printf$2                              0x08001769   Thumb Code     0  printf2.o(i.__0printf$2)
    __2printf                                0x08001769   Thumb Code     0  printf2.o(i.__0printf$2)
    __scatterload_copy                       0x08001789   Thumb Code    14  handlers.o(i.__scatterload_copy)
    __scatterload_null                       0x08001797   Thumb Code     2  handlers.o(i.__scatterload_null)
    __scatterload_zeroinit                   0x08001799   Thumb Code    14  handlers.o(i.__scatterload_zeroinit)
    delay_init                               0x0800187d   Thumb Code    50  delay.o(i.delay_init)
    delay_ms                                 0x080018c1   Thumb Code    58  delay.o(i.delay_ms)
    fputc                                    0x08001901   Thumb Code    24  usart.o(i.fputc)
    get_press_adc                            0x0800191d   Thumb Code    44  pressure_sensor.o(i.get_press_adc)
    get_press_adc_average                    0x0800194d   Thumb Code    46  pressure_sensor.o(i.get_press_adc_average)
    main                                     0x0800197b   Thumb Code    20  main.o(i.main)
    main_init                                0x0800198f   Thumb Code    78  main.o(i.main_init)
    press_ad_judge                           0x080019dd   Thumb Code   128  pressure_sensor.o(i.press_ad_judge)
    press_ad_sample                          0x08001a65   Thumb Code   318  pressure_sensor.o(i.press_ad_sample)
    press_handle                             0x08001ba9   Thumb Code    24  pressure_sensor.o(i.press_handle)
    press_sensor_adc_init                    0x08001bc5   Thumb Code   110  pressure_sensor.o(i.press_sensor_adc_init)
    uart3_init                               0x08001c41   Thumb Code   182  usart.o(i.uart3_init)
    uart_init                                0x08001d01   Thumb Code   186  usart.o(i.uart_init)
    upload_buf_press_frame                   0x08001dc5   Thumb Code   232  bus.o(i.upload_buf_press_frame)
    upload_change_sequence                   0x08001eb9   Thumb Code    24  bus.o(i.upload_change_sequence)
    upload_init                              0x08001ed5   Thumb Code    24  bus.o(i.upload_init)
    upload_press_handle                      0x08001ef5   Thumb Code    30  bus.o(i.upload_press_handle)
    Region$$Table$$Base                      0x08001f20   Number         0  anon$$obj.o(Region$$Table)
    Region$$Table$$Limit                     0x08001f40   Number         0  anon$$obj.o(Region$$Table)
    sendata_press                            0x20000000   Data          17  main.o(.data)
    sendata                                  0x20000011   Data          11  main.o(.data)
    send_buf                                 0x2000001c   Data          66  main.o(.data)
    upload_buf_sequence                      0x2000005e   Data           1  main.o(.data)
    write_location                           0x2000005f   Data           1  main.o(.data)
    read_location                            0x20000060   Data           1  main.o(.data)
    read_data_success_flag                   0x20000061   Data           1  main.o(.data)
    write_data_success_flag                  0x20000062   Data           1  main.o(.data)
    upload_main_loop_count                   0x20000063   Data           1  main.o(.data)
    strx                                     0x20000064   Data           4  bc95.o(.data)
    extstrx                                  0x20000068   Data           4  bc95.o(.data)
    SystemCoreClock                          0x20000088   Data           4  system_stm32l1xx.o(.data)
    PLLMulTable                              0x2000008c   Data           9  system_stm32l1xx.o(.data)
    AHBPrescTable                            0x20000095   Data          16  system_stm32l1xx.o(.data)
    RxCounter                                0x200000a5   Data           1  usart.o(.data)
    RxCounter1                               0x200000a6   Data           1  usart.o(.data)
    g_time                                   0x200000a7   Data           1  timer.o(.data)
    netstatus                                0x200000a8   Data           1  timer.o(.data)
    g_key                                    0x200000ae   Data           2  key.o(.data)
    __stdout                                 0x200000b0   Data           4  stdout.o(.data)
    BC95_Status                              0x200000b4   Data         115  bc95.o(.bss)
    RxBuffer                                 0x20000127   Data         100  usart.o(.bss)
    RxBuffer1                                0x2000018b   Data         100  usart.o(.bss)
    press_ad                                 0x200001f0   Data          10  pressure_sensor.o(.bss)
    __initial_sp                             0x20000600   Data           0  startup_stm32l1xx_md.o(STACK)



==============================================================================

Memory Map of the image

  Image Entry point : 0x080000f5

  Load Region LR_IROM1 (Base: 0x08000000, Size: 0x00001ff4, Max: 0x00010000, ABSOLUTE)

    Execution Region ER_IROM1 (Base: 0x08000000, Size: 0x00001f40, Max: 0x00010000, ABSOLUTE)

    Base Addr    Size         Type   Attr      Idx    E Section Name        Object

    0x08000000   0x000000f4   Data   RO         2667    RESET               startup_stm32l1xx_md.o
    0x080000f4   0x00000000   Code   RO         3097  * .ARM.Collect$$$$00000000  mc_w.l(entry.o)
    0x080000f4   0x00000004   Code   RO         3365    .ARM.Collect$$$$00000001  mc_w.l(entry2.o)
    0x080000f8   0x00000004   Code   RO         3368    .ARM.Collect$$$$00000004  mc_w.l(entry5.o)
    0x080000fc   0x00000000   Code   RO         3370    .ARM.Collect$$$$00000008  mc_w.l(entry7b.o)
    0x080000fc   0x00000000   Code   RO         3372    .ARM.Collect$$$$0000000A  mc_w.l(entry8b.o)
    0x080000fc   0x00000008   Code   RO         3373    .ARM.Collect$$$$0000000B  mc_w.l(entry9a.o)
    0x08000104   0x00000000   Code   RO         3375    .ARM.Collect$$$$0000000D  mc_w.l(entry10a.o)
    0x08000104   0x00000000   Code   RO         3377    .ARM.Collect$$$$0000000F  mc_w.l(entry11a.o)
    0x08000104   0x00000004   Code   RO         3366    .ARM.Collect$$$$00002712  mc_w.l(entry2.o)
    0x08000108   0x00000024   Code   RO         2668    .text               startup_stm32l1xx_md.o
    0x0800012c   0x00000024   Code   RO         3100    .text               mc_w.l(memseta.o)
    0x08000150   0x00000024   Code   RO         3102    .text               mc_w.l(strstr.o)
    0x08000174   0x00000024   Code   RO         3395    .text               mc_w.l(init.o)
    0x08000198   0x00000016   Code   RO          445    i.ADC_Cmd           stm32l1xx_adc.o
    0x080001ae   0x00000002   PAD
    0x080001b0   0x00000020   Code   RO          451    i.ADC_DeInit        stm32l1xx_adc.o
    0x080001d0   0x00000008   Code   RO          458    i.ADC_GetConversionValue  stm32l1xx_adc.o
    0x080001d8   0x00000012   Code   RO          459    i.ADC_GetFlagStatus  stm32l1xx_adc.o
    0x080001ea   0x00000002   PAD
    0x080001ec   0x00000054   Code   RO          465    i.ADC_Init          stm32l1xx_adc.o
    0x08000240   0x00000158   Code   RO          470    i.ADC_RegularChannelConfig  stm32l1xx_adc.o
    0x08000398   0x0000000a   Code   RO          472    i.ADC_SoftwareStartConv  stm32l1xx_adc.o
    0x080003a2   0x00000002   PAD
    0x080003a4   0x00000444   Code   RO          242    i.BC95_Init         bc95.o
    0x080007e8   0x00000058   Code   RO          243    i.BC95_RECCOAPData  bc95.o
    0x08000840   0x000000d8   Code   RO          244    i.BC95_SendCOAPdata  bc95.o
    0x08000918   0x00000078   Code   RO          245    i.BC95_SendCOAPdata_try  bc95.o
    0x08000990   0x00000004   Code   RO          171    i.BusFault_Handler  stm32l1xx_it.o
    0x08000994   0x00000218   Code   RO          246    i.CDP_Init          bc95.o
    0x08000bac   0x0000002c   Code   RO          247    i.Clear_Buffer      bc95.o
    0x08000bd8   0x00000002   Code   RO          172    i.DebugMon_Handler  stm32l1xx_it.o
    0x08000bda   0x00000002   PAD
    0x08000bdc   0x00000040   Code   RO         2815    i.Delay             delay.o
    0x08000c1c   0x00000084   Code   RO         1030    i.GPIO_Init         stm32l1xx_gpio.o
    0x08000ca0   0x00000046   Code   RO         1031    i.GPIO_PinAFConfig  stm32l1xx_gpio.o
    0x08000ce6   0x00000012   Code   RO         1034    i.GPIO_ReadInputDataBit  stm32l1xx_gpio.o
    0x08000cf8   0x00000004   Code   RO         1037    i.GPIO_ResetBits    stm32l1xx_gpio.o
    0x08000cfc   0x00000004   Code   RO         1038    i.GPIO_SetBits      stm32l1xx_gpio.o
    0x08000d00   0x00000008   Code   RO         1040    i.GPIO_ToggleBits   stm32l1xx_gpio.o
    0x08000d08   0x00000004   Code   RO          173    i.HardFault_Handler  stm32l1xx_it.o
    0x08000d0c   0x00000058   Code   RO         2920    i.KEY_init          key.o
    0x08000d64   0x00000178   Code   RO         2921    i.KEY_scan          key.o
    0x08000edc   0x00000034   Code   RO         2789    i.LED_Init          led.o
    0x08000f10   0x00000004   Code   RO          174    i.MemManage_Handler  stm32l1xx_it.o
    0x08000f14   0x00000002   Code   RO          175    i.NMI_Handler       stm32l1xx_it.o
    0x08000f16   0x00000002   PAD
    0x08000f18   0x00000078   Code   RO          319    i.NVIC_Init         misc.o
    0x08000f90   0x00000014   Code   RO          320    i.NVIC_PriorityGroupConfig  misc.o
    0x08000fa4   0x00000002   Code   RO          176    i.PendSV_Handler    stm32l1xx_it.o
    0x08000fa6   0x00000002   PAD
    0x08000fa8   0x00000020   Code   RO         1471    i.RCC_AHBPeriphClockCmd  stm32l1xx_rcc.o
    0x08000fc8   0x00000020   Code   RO         1474    i.RCC_APB1PeriphClockCmd  stm32l1xx_rcc.o
    0x08000fe8   0x00000020   Code   RO         1477    i.RCC_APB2PeriphClockCmd  stm32l1xx_rcc.o
    0x08001008   0x00000020   Code   RO         1479    i.RCC_APB2PeriphResetCmd  stm32l1xx_rcc.o
    0x08001028   0x00000100   Code   RO         1486    i.RCC_GetClocksFreq  stm32l1xx_rcc.o
    0x08001128   0x00000034   Code   RO         1487    i.RCC_GetFlagStatus  stm32l1xx_rcc.o
    0x0800115c   0x0000000c   Code   RO         1492    i.RCC_HSICmd        stm32l1xx_rcc.o
    0x08001168   0x00000002   Code   RO          177    i.SVC_Handler       stm32l1xx_it.o
    0x0800116a   0x00000002   PAD
    0x0800116c   0x00000110   Code   RO         2630    i.SetSysClock       system_stm32l1xx.o
    0x0800127c   0x00000028   Code   RO          323    i.SysTick_CLKSourceConfig  misc.o
    0x080012a4   0x00000002   Code   RO          178    i.SysTick_Handler   stm32l1xx_it.o
    0x080012a6   0x00000002   PAD
    0x080012a8   0x00000068   Code   RO         2632    i.SystemInit        system_stm32l1xx.o
    0x08001310   0x00000020   Code   RO         2747    i.TIM3_IRQHandler   timer.o
    0x08001330   0x0000005c   Code   RO         2748    i.TIM3_Int_Init     timer.o
    0x0800138c   0x00000068   Code   RO         2749    i.TIM4_IRQHandler   timer.o
    0x080013f4   0x0000005c   Code   RO         2750    i.TIM4_Int_Init     timer.o
    0x08001450   0x00000006   Code   RO         1817    i.TIM_ClearITPendingBit  stm32l1xx_tim.o
    0x08001456   0x00000018   Code   RO         1822    i.TIM_Cmd           stm32l1xx_tim.o
    0x0800146e   0x00000022   Code   RO         1842    i.TIM_GetITStatus   stm32l1xx_tim.o
    0x08001490   0x00000012   Code   RO         1846    i.TIM_ITConfig      stm32l1xx_tim.o
    0x080014a2   0x00000002   PAD
    0x080014a4   0x00000060   Code   RO         1890    i.TIM_TimeBaseInit  stm32l1xx_tim.o
    0x08001504   0x00000020   Code   RO         2674    i.UART1_send_byte   usart.o
    0x08001524   0x00000034   Code   RO         2676    i.USART1_IRQHandler  usart.o
    0x08001558   0x00000034   Code   RO         2677    i.USART3_IRQHandler  usart.o
    0x0800158c   0x00000018   Code   RO         2331    i.USART_Cmd         stm32l1xx_usart.o
    0x080015a4   0x0000001a   Code   RO         2334    i.USART_GetFlagStatus  stm32l1xx_usart.o
    0x080015be   0x00000054   Code   RO         2335    i.USART_GetITStatus  stm32l1xx_usart.o
    0x08001612   0x0000004a   Code   RO         2337    i.USART_ITConfig    stm32l1xx_usart.o
    0x0800165c   0x000000cc   Code   RO         2338    i.USART_Init        stm32l1xx_usart.o
    0x08001728   0x0000000a   Code   RO         2345    i.USART_ReceiveData  stm32l1xx_usart.o
    0x08001732   0x00000008   Code   RO         2348    i.USART_SendData    stm32l1xx_usart.o
    0x0800173a   0x00000002   PAD
    0x0800173c   0x00000028   Code   RO         2678    i.Uart1_SendStr     usart.o
    0x08001764   0x00000004   Code   RO          179    i.UsageFault_Handler  stm32l1xx_it.o
    0x08001768   0x00000020   Code   RO         3171    i.__0printf$2       mc_w.l(printf2.o)
    0x08001788   0x0000000e   Code   RO         3407    i.__scatterload_copy  mc_w.l(handlers.o)
    0x08001796   0x00000002   Code   RO         3408    i.__scatterload_null  mc_w.l(handlers.o)
    0x08001798   0x0000000e   Code   RO         3409    i.__scatterload_zeroinit  mc_w.l(handlers.o)
    0x080017a6   0x000000d6   Code   RO         3178    i._printf_core      mc_w.l(printf2.o)
    0x0800187c   0x00000044   Code   RO         2816    i.delay_init        delay.o
    0x080018c0   0x00000040   Code   RO         2817    i.delay_ms          delay.o
    0x08001900   0x0000001c   Code   RO         2679    i.fputc             usart.o
    0x0800191c   0x00000030   Code   RO         3043    i.get_press_adc     pressure_sensor.o
    0x0800194c   0x0000002e   Code   RO         3044    i.get_press_adc_average  pressure_sensor.o
    0x0800197a   0x00000014   Code   RO            3    i.main              main.o
    0x0800198e   0x0000004e   Code   RO            4    i.main_init         main.o
    0x080019dc   0x00000088   Code   RO         3045    i.press_ad_judge    pressure_sensor.o
    0x08001a64   0x00000144   Code   RO         3046    i.press_ad_sample   pressure_sensor.o
    0x08001ba8   0x0000001c   Code   RO         3047    i.press_handle      pressure_sensor.o
    0x08001bc4   0x0000007c   Code   RO         3048    i.press_sensor_adc_init  pressure_sensor.o
    0x08001c40   0x000000c0   Code   RO         2680    i.uart3_init        usart.o
    0x08001d00   0x000000c4   Code   RO         2681    i.uart_init         usart.o
    0x08001dc4   0x000000f4   Code   RO         2968    i.upload_buf_press_frame  bus.o
    0x08001eb8   0x0000001c   Code   RO         2971    i.upload_change_sequence  bus.o
    0x08001ed4   0x00000020   Code   RO         2973    i.upload_init       bus.o
    0x08001ef4   0x0000002c   Code   RO         2974    i.upload_press_handle  bus.o
    0x08001f20   0x00000020   Data   RO         3405    Region$$Table       anon$$obj.o


    Execution Region RW_IRAM1 (Base: 0x20000000, Size: 0x00000600, Max: 0x00002800, ABSOLUTE)

    Base Addr    Size         Type   Attr      Idx    E Section Name        Object

    0x20000000   0x00000064   Data   RW            5    .data               main.o
    0x20000064   0x00000008   Data   RW          249    .data               bc95.o
    0x2000006c   0x00000019   Data   RW         1509    .data               stm32l1xx_rcc.o
    0x20000085   0x00000003   PAD
    0x20000088   0x0000001d   Data   RW         2633    .data               system_stm32l1xx.o
    0x200000a5   0x00000002   Data   RW         2683    .data               usart.o
    0x200000a7   0x00000002   Data   RW         2751    .data               timer.o
    0x200000a9   0x00000001   PAD
    0x200000aa   0x00000004   Data   RW         2819    .data               delay.o
    0x200000ae   0x00000002   Data   RW         2924    .data               key.o
    0x200000b0   0x00000004   Data   RW         3379    .data               mc_w.l(stdout.o)
    0x200000b4   0x00000073   Zero   RW          248    .bss                bc95.o
    0x20000127   0x000000c8   Zero   RW         2682    .bss                usart.o
    0x200001ef   0x00000001   PAD
    0x200001f0   0x0000000a   Zero   RW         3049    .bss                pressure_sensor.o
    0x200001fa   0x00000006   PAD
    0x20000200   0x00000400   Zero   RW         2665    STACK               startup_stm32l1xx_md.o


==============================================================================

Image component sizes


      Code (inc. data)   RO Data    RW Data    ZI Data      Debug   Object Name

      2096        596          0          8        115     203728   bc95.o
       348         38          0          0          0       1954   bus.o
       196         30          0          4          0       1756   delay.o
       464         32          0          2          0       2134   key.o
        52          4          0          0          0        483   led.o
        98          0          0        100          0     222856   main.o
       180         24          0          0          0      13305   misc.o
       706         36          0          0         10       4745   pressure_sensor.o
        36          8        244          0       1024        904   startup_stm32l1xx_md.o
       518         14          0          0          0      18178   stm32l1xx_adc.o
       236          0          0          0          0      10129   stm32l1xx_gpio.o
        26          0          0          0          0       3710   stm32l1xx_it.o
       448         56          0         25          0      15728   stm32l1xx_rcc.o
       178         20          0          0          0      21534   stm32l1xx_tim.o
       430          6          0          0          0      11753   stm32l1xx_usart.o
       376         30          0         29          0       1745   system_stm32l1xx.o
       320         36          0          2          0       2563   timer.o
       592         58          0          2        200       5997   usart.o

    ----------------------------------------------------------------------
      7320        988        276        176       1356     543202   Object Totals
         0          0         32          0          0          0   (incl. Generated)
        20          0          0          4          7          0   (incl. Padding)

    ----------------------------------------------------------------------

      Code (inc. data)   RO Data    RW Data    ZI Data      Debug   Library Member Name

         0          0          0          0          0          0   entry.o
         0          0          0          0          0          0   entry10a.o
         0          0          0          0          0          0   entry11a.o
         8          4          0          0          0          0   entry2.o
         4          0          0          0          0          0   entry5.o
         0          0          0          0          0          0   entry7b.o
         0          0          0          0          0          0   entry8b.o
         8          4          0          0          0          0   entry9a.o
        30          0          0          0          0          0   handlers.o
        36          8          0          0          0         68   init.o
        36          0          0          0          0        108   memseta.o
       246         10          0          0          0        176   printf2.o
         0          0          0          4          0          0   stdout.o
        36          0          0          0          0         80   strstr.o

    ----------------------------------------------------------------------
       404         26          0          4          0        432   Library Totals
         0          0          0          0          0          0   (incl. Padding)

    ----------------------------------------------------------------------

      Code (inc. data)   RO Data    RW Data    ZI Data      Debug   Library Name

       404         26          0          4          0        432   mc_w.l

    ----------------------------------------------------------------------
       404         26          0          4          0        432   Library Totals

    ----------------------------------------------------------------------

==============================================================================


      Code (inc. data)   RO Data    RW Data    ZI Data      Debug   

      7724       1014        276        180       1356     539626   Grand Totals
      7724       1014        276        180       1356     539626   ELF Image Totals
      7724       1014        276        180          0          0   ROM Totals

==============================================================================

    Total RO  Size (Code + RO Data)                 8000 (   7.81kB)
    Total RW  Size (RW Data + ZI Data)              1536 (   1.50kB)
    Total ROM Size (Code + RO Data + RW Data)       8180 (   7.99kB)

==============================================================================

