Component: ARM Compiler 5.05 update 1 (build 106) Tool: armlink [4d0efa]

==============================================================================

Section Cross References

    main.o(i.main) refers to main.o(i.main_init) for main_init
    main.o(i.main) refers to iwdg.o(i.IWDG_Feed) for IWDG_Feed
    main.o(i.main) refers to main.o(i.main_sta_judge) for main_sta_judge
    main.o(i.main) refers to main.o(i.main_handle) for main_handle
    main.o(i.main_handle) refers to pressure_sensor.o(i.press_sensor_handle) for press_sensor_handle
    main.o(i.main_handle) refers to pressure_strain.o(i.press_strain_handle) for press_strain_handle
    main.o(i.main_handle) refers to bus.o(i.printf_string) for printf_string
    main.o(i.main_handle) refers to pressure_sensor.o(i.bat_hangdle) for bat_hangdle
    main.o(i.main_handle) refers to bus.o(i.upload_handle) for upload_handle
    main.o(i.main_handle) refers to bus.o(i.bus_get_handle) for bus_get_handle
    main.o(i.main_handle) refers to main.o(.data) for g_sta
    main.o(i.main_handle) refers to bus.o(.data) for g_bus
    main.o(i.main_init) refers to misc.o(i.NVIC_PriorityGroupConfig) for NVIC_PriorityGroupConfig
    main.o(i.main_init) refers to delay.o(i.delay_init) for delay_init
    main.o(i.main_init) refers to led.o(i.LED_Init) for LED_Init
    main.o(i.main_init) refers to key.o(i.KEY_init) for KEY_init
    main.o(i.main_init) refers to usart.o(i.uart_init) for uart_init
    main.o(i.main_init) refers to usart.o(i.uart2_gesture_init) for uart2_gesture_init
    main.o(i.main_init) refers to usart.o(i.uart3_init) for uart3_init
    main.o(i.main_init) refers to timer.o(i.TIM3_Int_Init) for TIM3_Int_Init
    main.o(i.main_init) refers to timer.o(i.TIM4_Int_Init) for TIM4_Int_Init
    main.o(i.main_init) refers to pressure_sensor.o(i.clock_init_time) for clock_init_time
    main.o(i.main_init) refers to bc95.o(i.CDP_Init) for CDP_Init
    main.o(i.main_init) refers to bc95.o(i.BC95_Init) for BC95_Init
    main.o(i.main_init) refers to bus.o(i.upload_init) for upload_init
    main.o(i.main_init) refers to pressure_sensor.o(i.adc_init) for adc_init
    main.o(i.main_init) refers to pressure_sensor.o(i.bat_init) for bat_init
    main.o(i.main_init) refers to pressure_sensor.o(i.press_sensor_init) for press_sensor_init
    main.o(i.main_init) refers to pressure_strain.o(i.press_strain_init) for press_strain_init
    main.o(i.main_init) refers to eeprom.o(i.eeprom_init) for eeprom_init
    main.o(i.main_init) refers to usart.o(i.Uart1_SendStr) for Uart1_SendStr
    main.o(i.main_init) refers to pressure_strain.o(i.press_strain_init_remove) for press_strain_init_remove
    main.o(i.main_init) refers to iwdg.o(i.IWDG_Init) for IWDG_Init
    main.o(i.main_sta_judge) refers to bus.o(i.printf_string) for printf_string
    main.o(i.main_sta_judge) refers to bus.o(.data) for g_bus
    main.o(i.main_sta_judge) refers to main.o(.data) for g_sta
    bc95.o(i.BC95_Init) refers to printf2.o(i.__0printf$2) for __2printf
    bc95.o(i.BC95_Init) refers to delay.o(i.Delay) for Delay
    bc95.o(i.BC95_Init) refers to strstr.o(.text) for strstr
    bc95.o(i.BC95_Init) refers to bc95.o(i.Clear_Buffer) for Clear_Buffer
    bc95.o(i.BC95_Init) refers to usart.o(i.Uart1_SendStr) for Uart1_SendStr
    bc95.o(i.BC95_Init) refers to bc95.o(i.copy_buf) for copy_buf
    bc95.o(i.BC95_Init) refers to pressure_sensor.o(i.clock_cclk_handle) for clock_cclk_handle
    bc95.o(i.BC95_Init) refers to usart.o(.bss) for RxBuffer
    bc95.o(i.BC95_Init) refers to bc95.o(.data) for strx
    bc95.o(i.BC95_Init) refers to bc95.o(.bss) for BC95_Status
    bc95.o(i.BC95_Init) refers to pressure_sensor.o(.data) for my_g_time
    bc95.o(i.BC95_RECCOAPData) refers to strstr.o(.text) for strstr
    bc95.o(i.BC95_RECCOAPData) refers to bc95.o(i.Clear_Buffer) for Clear_Buffer
    bc95.o(i.BC95_RECCOAPData) refers to usart.o(.bss) for RxBuffer
    bc95.o(i.BC95_RECCOAPData) refers to bc95.o(.data) for strx
    bc95.o(i.BC95_RECCOAPData) refers to bus.o(.data) for g_bus
    bc95.o(i.BC95_SendCOAPdata) refers to printf2.o(i.__0printf$2) for __2printf
    bc95.o(i.BC95_SendCOAPdata) refers to delay.o(i.Delay) for Delay
    bc95.o(i.BC95_SendCOAPdata) refers to strstr.o(.text) for strstr
    bc95.o(i.BC95_SendCOAPdata) refers to usart.o(i.Uart1_SendStr) for Uart1_SendStr
    bc95.o(i.BC95_SendCOAPdata) refers to bc95.o(i.BC95_SendCOAPdata_try) for BC95_SendCOAPdata_try
    bc95.o(i.BC95_SendCOAPdata) refers to bc95.o(i.Clear_Buffer) for Clear_Buffer
    bc95.o(i.BC95_SendCOAPdata) refers to usart.o(.bss) for RxBuffer
    bc95.o(i.BC95_SendCOAPdata) refers to bc95.o(.data) for strx
    bc95.o(i.BC95_SendCOAPdata) refers to bus.o(.data) for g_bus
    bc95.o(i.BC95_SendCOAPdata_try) refers to usart.o(i.Uart1_SendStr) for Uart1_SendStr
    bc95.o(i.BC95_SendCOAPdata_try) refers to usart.o(i.UART1_send_byte) for UART1_send_byte
    bc95.o(i.BC95_SendCOAPdata_try) refers to printf2.o(i.__0printf$2) for __2printf
[...]
    ../fplib/microlib/fpfix.c                0x00000000   Number         0  dfixul.o ABSOLUTE
    ../fplib/microlib/fpflt.c                0x00000000   Number         0  dfltui.o ABSOLUTE
    ../fplib/microlib/fpflt.c                0x00000000   Number         0  ffltui.o ABSOLUTE
    ../fplib/microlib/fpmul.c                0x00000000   Number         0  fmul.o ABSOLUTE
    ../fplib/microlib/fpmul.c                0x00000000   Number         0  dmul.o ABSOLUTE
    ..\..\..\Libraries\CMSIS\Device\ST\STM32L1xx\Source\Templates\arm\startup_stm32l1xx_md.s 0x00000000   Number         0  startup_stm32l1xx_md.o ABSOLUTE
    ..\..\..\Libraries\STM32L1xx_StdPeriph_Driver\src\misc.c 0x00000000   Number         0  misc.o ABSOLUTE
    ..\..\..\Libraries\STM32L1xx_StdPeriph_Driver\src\stm32l1xx_adc.c 0x00000000   Number         0  stm32l1xx_adc.o ABSOLUTE
    ..\..\..\Libraries\STM32L1xx_StdPeriph_Driver\src\stm32l1xx_aes.c 0x00000000   Number         0  stm32l1xx_aes.o ABSOLUTE
    ..\..\..\Libraries\STM32L1xx_StdPeriph_Driver\src\stm32l1xx_aes_util.c 0x00000000   Number         0  stm32l1xx_aes_util.o ABSOLUTE
    ..\..\..\Libraries\STM32L1xx_StdPeriph_Driver\src\stm32l1xx_comp.c 0x00000000   Number         0  stm32l1xx_comp.o ABSOLUTE
    ..\..\..\Libraries\STM32L1xx_StdPeriph_Driver\src\stm32l1xx_crc.c 0x00000000   Number         0  stm32l1xx_crc.o ABSOLUTE
    ..\..\..\Libraries\STM32L1xx_StdPeriph_Driver\src\stm32l1xx_dbgmcu.c 0x00000000   Number         0  stm32l1xx_dbgmcu.o ABSOLUTE
    ..\..\..\Libraries\STM32L1xx_StdPeriph_Driver\src\stm32l1xx_exti.c 0x00000000   Number         0  stm32l1xx_exti.o ABSOLUTE
    ..\..\..\Libraries\STM32L1xx_StdPeriph_Driver\src\stm32l1xx_gpio.c 0x00000000   Number         0  stm32l1xx_gpio.o ABSOLUTE
    ..\..\..\Libraries\STM32L1xx_StdPeriph_Driver\src\stm32l1xx_iwdg.c 0x00000000   Number         0  stm32l1xx_iwdg.o ABSOLUTE
    ..\..\..\Libraries\STM32L1xx_StdPeriph_Driver\src\stm32l1xx_lcd.c 0x00000000   Number         0  stm32l1xx_lcd.o ABSOLUTE
    ..\..\..\Libraries\STM32L1xx_StdPeriph_Driver\src\stm32l1xx_opamp.c 0x00000000   Number         0  stm32l1xx_opamp.o ABSOLUTE
    ..\..\..\Libraries\STM32L1xx_StdPeriph_Driver\src\stm32l1xx_pwr.c 0x00000000   Number         0  stm32l1xx_pwr.o ABSOLUTE
    ..\..\..\Libraries\STM32L1xx_StdPeriph_Driver\src\stm32l1xx_rcc.c 0x00000000   Number         0  stm32l1xx_rcc.o ABSOLUTE
    ..\..\..\Libraries\STM32L1xx_StdPeriph_Driver\src\stm32l1xx_syscfg.c 0x00000000   Number         0  stm32l1xx_syscfg.o ABSOLUTE
    ..\..\..\Libraries\STM32L1xx_StdPeriph_Driver\src\stm32l1xx_tim.c 0x00000000   Number         0  stm32l1xx_tim.o ABSOLUTE
    ..\..\..\Libraries\STM32L1xx_StdPeriph_Driver\src\stm32l1xx_usart.c 0x00000000   Number         0  stm32l1xx_usart.o ABSOLUTE
    ..\..\..\Libraries\STM32L1xx_StdPeriph_Driver\src\stm32l1xx_wwdg.c 0x00000000   Number         0  stm32l1xx_wwdg.o ABSOLUTE
    ..\..\HARDWARE\BC95\BC95.c               0x00000000   Number         0  bc95.o ABSOLUTE
    ..\..\HARDWARE\DHT11\dht11.c             0x00000000   Number         0  dht11.o ABSOLUTE
    ..\..\HARDWARE\IWDG\iwdg.c               0x00000000   Number         0  iwdg.o ABSOLUTE
    ..\..\HARDWARE\LED\LED.c                 0x00000000   Number         0  led.o ABSOLUTE
    ..\..\HARDWARE\TIMER\timer.c             0x00000000   Number         0  timer.o ABSOLUTE
    ..\..\HARDWARE\bus\bus.c                 0x00000000   Number         0  bus.o ABSOLUTE
    ..\..\HARDWARE\delay\delay.c             0x00000000   Number         0  delay.o ABSOLUTE
    ..\..\HARDWARE\eeprom\eeprom.c           0x00000000   Number         0  eeprom.o ABSOLUTE
    ..\..\HARDWARE\gesture\gesture.c         0x00000000   Number         0  gesture.o ABSOLUTE
    ..\..\HARDWARE\key\key.c                 0x00000000   Number         0  key.o ABSOLUTE
    ..\..\HARDWARE\presssure_strain\pressure_strain.c 0x00000000   Number         0  pressure_strain.o ABSOLUTE
    ..\..\HARDWARE\pressure\pressure_sensor.c 0x00000000   Number         0  pressure_sensor.o ABSOLUTE
    ..\..\HARDWARE\usart\usart.c             0x00000000   Number         0  usart.o ABSOLUTE
    ..\\..\\..\\Libraries\\STM32L1xx_StdPeriph_Driver\\src\\misc.c 0x00000000   Number         0  misc.o ABSOLUTE
    ..\\..\\..\\Libraries\\STM32L1xx_StdPeriph_Driver\\src\\stm32l1xx_adc.c 0x00000000   Number         0  stm32l1xx_adc.o ABSOLUTE
    ..\\..\\..\\Libraries\\STM32L1xx_StdPeriph_Driver\\src\\stm32l1xx_aes.c 0x00000000   Number         0  stm32l1xx_aes.o ABSOLUTE
    ..\\..\\..\\Libraries\\STM32L1xx_StdPeriph_Driver\\src\\stm32l1xx_aes_util.c 0x00000000   Number         0  stm32l1xx_aes_util.o ABSOLUTE
    ..\\..\\..\\Libraries\\STM32L1xx_StdPeriph_Driver\\src\\stm32l1xx_comp.c 0x00000000   Number         0  stm32l1xx_comp.o ABSOLUTE
    ..\\..\\..\\Libraries\\STM32L1xx_StdPeriph_Driver\\src\\stm32l1xx_crc.c 0x00000000   Number         0  stm32l1xx_crc.o ABSOLUTE
    ..\\..\\..\\Libraries\\STM32L1xx_StdPeriph_Driver\\src\\stm32l1xx_dbgmcu.c 0x00000000   Number         0  stm32l1xx_dbgmcu.o ABSOLUTE
    ..\\..\\..\\Libraries\\STM32L1xx_StdPeriph_Driver\\src\\stm32l1xx_exti.c 0x00000000   Number         0  stm32l1xx_exti.o ABSOLUTE
    ..\\..\\..\\Libraries\\STM32L1xx_StdPeriph_Driver\\src\\stm32l1xx_gpio.c 0x00000000   Number         0  stm32l1xx_gpio.o ABSOLUTE
    ..\\..\\..\\Libraries\\STM32L1xx_StdPeriph_Driver\\src\\stm32l1xx_iwdg.c 0x00000000   Number         0  stm32l1xx_iwdg.o ABSOLUTE
    ..\\..\\..\\Libraries\\STM32L1xx_StdPeriph_Driver\\src\\stm32l1xx_lcd.c 0x00000000   Number         0  stm32l1xx_lcd.o ABSOLUTE
    ..\\..\\..\\Libraries\\STM32L1xx_StdPeriph_Driver\\src\\stm32l1xx_opamp.c 0x00000000   Number         0  stm32l1xx_opamp.o ABSOLUTE
    ..\\..\\..\\Libraries\\STM32L1xx_StdPeriph_Driver\\src\\stm32l1xx_pwr.c 0x00000000   Number         0  stm32l1xx_pwr.o ABSOLUTE
    ..\\..\\..\\Libraries\\STM32L1xx_StdPeriph_Driver\\src\\stm32l1xx_rcc.c 0x00000000   Number         0  stm32l1xx_rcc.o ABSOLUTE
    ..\\..\\..\\Libraries\\STM32L1xx_StdPeriph_Driver\\src\\stm32l1xx_syscfg.c 0x00000000   Number         0  stm32l1xx_syscfg.o ABSOLUTE
    ..\\..\\..\\Libraries\\STM32L1xx_StdPeriph_Driver\\src\\stm32l1xx_tim.c 0x00000000   Number         0  stm32l1xx_tim.o ABSOLUTE
    ..\\..\\..\\Libraries\\STM32L1xx_StdPeriph_Driver\\src\\stm32l1xx_usart.c 0x00000000   Number         0  stm32l1xx_usart.o ABSOLUTE
    ..\\..\\..\\Libraries\\STM32L1xx_StdPeriph_Driver\\src\\stm32l1xx_wwdg.c 0x00000000   Number         0  stm32l1xx_wwdg.o ABSOLUTE
    ..\\..\\HARDWARE\\BC95\\BC95.c           0x00000000   Number         0  bc95.o ABSOLUTE
    ..\\..\\HARDWARE\\DHT11\\dht11.c         0x00000000   Number         0  dht11.o ABSOLUTE
    ..\\..\\HARDWARE\\IWDG\\iwdg.c           0x00000000   Number         0  iwdg.o ABSOLUTE
    ..\\..\\HARDWARE\\LED\\LED.c             0x00000000   Number         0  led.o ABSOLUTE
    ..\\..\\HARDWARE\\TIMER\\timer.c         0x00000000   Number         0  timer.o ABSOLUTE
    ..\\..\\HARDWARE\\bus\\bus.c             0x00000000   Number         0  bus.o ABSOLUTE
    ..\\..\\HARDWARE\\delay\\delay.c         0x00000000   Number         0  delay.o ABSOLUTE
    ..\\..\\HARDWARE\\eeprom\\eeprom.c       0x00000000   Number         0  eeprom.o ABSOLUTE
    ..\\..\\HARDWARE\\gesture\\gesture.c     0x00000000   Number         0  gesture.o ABSOLUTE
    ..\\..\\HARDWARE\\key\\key.c             0x00000000   Number         0  key.o ABSOLUTE
    ..\\..\\HARDWARE\\presssure_strain\\pressure_strain.c 0x00000000   Number         0  pressure_strain.o ABSOLUTE
    ..\\..\\HARDWARE\\pressure\\pressure_sensor.c 0x00000000   Number         0  pressure_sensor.o ABSOLUTE
    ..\\..\\HARDWARE\\usart\\usart.c         0x00000000   Number         0  usart.o ABSOLUTE
    ..\\main.c                               0x00000000   Number         0  main.o ABSOLUTE
    ..\\stm32l1xx_it.c                       0x00000000   Number         0  stm32l1xx_it.o ABSOLUTE
    ..\\system_stm32l1xx.c                   0x00000000   Number         0  system_stm32l1xx.o ABSOLUTE
    ..\main.c                                0x00000000   Number         0  main.o ABSOLUTE
    ..\stm32l1xx_it.c                        0x00000000   Number         0  stm32l1xx_it.o ABSOLUTE
    ..\system_stm32l1xx.c                    0x00000000   Number         0  system_stm32l1xx.o ABSOLUTE
    cdrcmple.s                               0x00000000   Number         0  cdrcmple.o ABSOLUTE
    dc.s                                     0x00000000   Number         0  dc.o ABSOLUTE
    handlers.s                               0x00000000   Number         0  handlers.o ABSOLUTE
    init.s                                   0x00000000   Number         0  init.o ABSOLUTE
    RESET                                    0x08000000   Section      244  startup_stm32l1xx_md.o(RESET)
    .ARM.Collect$$$$00000000                 0x080000f4   Section        0  entry.o(.ARM.Collect$$$$00000000)
    .ARM.Collect$$$$00000001                 0x080000f4   Section        4  entry2.o(.ARM.Collect$$$$00000001)
    .ARM.Collect$$$$00000004                 0x080000f8   Section        4  entry5.o(.ARM.Collect$$$$00000004)
    .ARM.Collect$$$$00000008                 0x080000fc   Section        0  entry7b.o(.ARM.Collect$$$$00000008)
    .ARM.Collect$$$$0000000A                 0x080000fc   Section        0  entry8b.o(.ARM.Collect$$$$0000000A)
    .ARM.Collect$$$$0000000B                 0x080000fc   Section        8  entry9a.o(.ARM.Collect$$$$0000000B)
    .ARM.Collect$$$$0000000D                 0x08000104   Section        0  entry10a.o(.ARM.Collect$$$$0000000D)
    .ARM.Collect$$$$0000000F                 0x08000104   Section        0  entry11a.o(.ARM.Collect$$$$0000000F)
    .ARM.Collect$$$$00002712                 0x08000104   Section        4  entry2.o(.ARM.Collect$$$$00002712)
    __lit__00000000                          0x08000104   Data           4  entry2.o(.ARM.Collect$$$$00002712)
    .text                                    0x08000108   Section       36  startup_stm32l1xx_md.o(.text)
    .text                                    0x0800012c   Section        0  mktime.o(.text)
    .text                                    0x080001d4   Section        0  memseta.o(.text)
    .text                                    0x080001f8   Section        0  strstr.o(.text)
    .text                                    0x0800021c   Section        0  strncat.o(.text)
    .text                                    0x08000244   Section        0  __0sscanf.o(.text)
    .text                                    0x0800027c   Section        0  _scanf_int.o(.text)
    .text                                    0x080003c8   Section        0  fmul.o(.text)
    .text                                    0x0800042c   Section        0  dmul.o(.text)
    .text                                    0x08000510   Section        0  ddiv.o(.text)
    .text                                    0x080005ee   Section        0  ffltui.o(.text)
    .text                                    0x080005f8   Section        0  dfltui.o(.text)
    .text                                    0x08000612   Section        0  ffixui.o(.text)
    .text                                    0x0800063a   Section        0  d2f.o(.text)
    .text                                    0x08000674   Section        0  localtime_w.o(.text)
    .text                                    0x08000680   Section        0  localtime_i.o(.text)
    .text                                    0x0800070c   Section        0  _chval.o(.text)
    .text                                    0x08000728   Section        0  scanf_char.o(.text)
    _scanf_char_input                        0x08000729   Thumb Code    12  scanf_char.o(.text)
    .text                                    0x08000750   Section        0  _sgetc.o(.text)
    .text                                    0x08000790   Section        0  fepilogue.o(.text)
    .text                                    0x08000790   Section        0  iusefp.o(.text)
    .text                                    0x080007fe   Section        0  depilogue.o(.text)
    .text                                    0x080008b8   Section       36  init.o(.text)
    .text                                    0x080008dc   Section        0  llshl.o(.text)
    .text                                    0x080008fa   Section        0  llushr.o(.text)
    .text                                    0x0800091a   Section        0  isspace_c.o(.text)
    .text                                    0x08000924   Section        0  _scanf.o(.text)
    .text                                    0x08000c50   Section        0  ctype_c.o(.text)
    i.ADC_Cmd                                0x08000c78   Section        0  stm32l1xx_adc.o(i.ADC_Cmd)
    i.ADC_DeInit                             0x08000c90   Section        0  stm32l1xx_adc.o(i.ADC_DeInit)
    i.ADC_GetConversionValue                 0x08000cb0   Section        0  stm32l1xx_adc.o(i.ADC_GetConversionValue)
    i.ADC_GetFlagStatus                      0x08000cb8   Section        0  stm32l1xx_adc.o(i.ADC_GetFlagStatus)
    i.ADC_Init                               0x08000ccc   Section        0  stm32l1xx_adc.o(i.ADC_Init)
    i.ADC_RegularChannelConfig               0x08000d20   Section        0  stm32l1xx_adc.o(i.ADC_RegularChannelConfig)
    i.ADC_SoftwareStartConv                  0x08000e78   Section        0  stm32l1xx_adc.o(i.ADC_SoftwareStartConv)
    i.BC95_Init                              0x08000e84   Section        0  bc95.o(i.BC95_Init)
    i.BC95_RECCOAPData                       0x080013b8   Section        0  bc95.o(i.BC95_RECCOAPData)
    i.BC95_SendCOAPdata                      0x080013ec   Section        0  bc95.o(i.BC95_SendCOAPdata)
    i.BC95_SendCOAPdata_try                  0x080014e0   Section        0  bc95.o(i.BC95_SendCOAPdata_try)
    i.BusFault_Handler                       0x0800159c   Section        0  stm32l1xx_it.o(i.BusFault_Handler)
    i.CDP_Init                               0x080015a0   Section        0  bc95.o(i.CDP_Init)
    i.Clear_Buffer                           0x080017b8   Section        0  bc95.o(i.Clear_Buffer)
    i.DebugMon_Handler                       0x080017f4   Section        0  stm32l1xx_it.o(i.DebugMon_Handler)
    i.Delay                                  0x080017f8   Section        0  delay.o(i.Delay)
    i.GPIO_Init                              0x08001838   Section        0  stm32l1xx_gpio.o(i.GPIO_Init)
    i.GPIO_PinAFConfig                       0x080018bc   Section        0  stm32l1xx_gpio.o(i.GPIO_PinAFConfig)
    i.GPIO_ReadInputDataBit                  0x08001902   Section        0  stm32l1xx_gpio.o(i.GPIO_ReadInputDataBit)
    i.GPIO_SetBits                           0x08001914   Section        0  stm32l1xx_gpio.o(i.GPIO_SetBits)
    i.GPIO_ToggleBits                        0x08001918   Section        0  stm32l1xx_gpio.o(i.GPIO_ToggleBits)
    i.GPIO_WriteBit                          0x08001920   Section        0  stm32l1xx_gpio.o(i.GPIO_WriteBit)
    i.Get_Maopi                              0x0800192c   Section        0  pressure_strain.o(i.Get_Maopi)
    i.Get_Weight                             0x080019b0   Section        0  pressure_strain.o(i.Get_Weight)
    i.HX711_Read                             0x08001a10   Section        0  pressure_strain.o(i.HX711_Read)
    i.HardFault_Handler                      0x08001a94   Section        0  stm32l1xx_it.o(i.HardFault_Handler)
    i.IWDG_Enable                            0x08001a98   Section        0  stm32l1xx_iwdg.o(i.IWDG_Enable)
    i.IWDG_Feed                              0x08001aa8   Section        0  iwdg.o(i.IWDG_Feed)
    i.IWDG_Init                              0x08001ab0   Section        0  iwdg.o(i.IWDG_Init)
    i.IWDG_ReloadCounter                     0x08001ad4   Section        0  stm32l1xx_iwdg.o(i.IWDG_ReloadCounter)
    i.IWDG_SetPrescaler                      0x08001ae4   Section        0  stm32l1xx_iwdg.o(i.IWDG_SetPrescaler)
    i.IWDG_SetReload                         0x08001af0   Section        0  stm32l1xx_iwdg.o(i.IWDG_SetReload)
    i.IWDG_WriteAccessCmd                    0x08001afc   Section        0  stm32l1xx_iwdg.o(i.IWDG_WriteAccessCmd)
    i.Init_HX711pin                          0x08001b08   Section        0  pressure_strain.o(i.Init_HX711pin)
    i.KEY_init                               0x08001b50   Section        0  key.o(i.KEY_init)
    i.KEY_scan                               0x08001ba8   Section        0  key.o(i.KEY_scan)
    i.LED_Init                               0x08001d18   Section        0  led.o(i.LED_Init)
    i.MemManage_Handler                      0x08001d60   Section        0  stm32l1xx_it.o(i.MemManage_Handler)
    i.NMI_Handler                            0x08001d64   Section        0  stm32l1xx_it.o(i.NMI_Handler)
    i.NVIC_Init                              0x08001d68   Section        0  misc.o(i.NVIC_Init)
    i.NVIC_PriorityGroupConfig               0x08001de0   Section        0  misc.o(i.NVIC_PriorityGroupConfig)
    i.PendSV_Handler                         0x08001df4   Section        0  stm32l1xx_it.o(i.PendSV_Handler)
    i.RCC_AHBPeriphClockCmd                  0x08001df8   Section        0  stm32l1xx_rcc.o(i.RCC_AHBPeriphClockCmd)
    i.RCC_APB1PeriphClockCmd                 0x08001e18   Section        0  stm32l1xx_rcc.o(i.RCC_APB1PeriphClockCmd)
    i.RCC_APB2PeriphClockCmd                 0x08001e38   Section        0  stm32l1xx_rcc.o(i.RCC_APB2PeriphClockCmd)
    i.RCC_APB2PeriphResetCmd                 0x08001e58   Section        0  stm32l1xx_rcc.o(i.RCC_APB2PeriphResetCmd)
    i.RCC_GetClocksFreq                      0x08001e78   Section        0  stm32l1xx_rcc.o(i.RCC_GetClocksFreq)
    i.RCC_GetFlagStatus                      0x08001f78   Section        0  stm32l1xx_rcc.o(i.RCC_GetFlagStatus)
    i.RCC_HSICmd                             0x08001fac   Section        0  stm32l1xx_rcc.o(i.RCC_HSICmd)
    i.SVC_Handler                            0x08001fb8   Section        0  stm32l1xx_it.o(i.SVC_Handler)
    i.SetSysClock                            0x08001fbc   Section        0  system_stm32l1xx.o(i.SetSysClock)
    SetSysClock                              0x08001fbd   Thumb Code   258  system_stm32l1xx.o(i.SetSysClock)
    i.SysTick_CLKSourceConfig                0x080020cc   Section        0  misc.o(i.SysTick_CLKSourceConfig)
    i.SysTick_Handler                        0x080020f4   Section        0  stm32l1xx_it.o(i.SysTick_Handler)
    i.SystemInit                             0x080020f8   Section        0  system_stm32l1xx.o(i.SystemInit)
    i.TIM3_IRQHandler                        0x08002160   Section        0  timer.o(i.TIM3_IRQHandler)
    i.TIM3_Int_Init                          0x08002180   Section        0  timer.o(i.TIM3_Int_Init)
    i.TIM4_IRQHandler                        0x080021dc   Section        0  timer.o(i.TIM4_IRQHandler)
    i.TIM4_Int_Init                          0x08002318   Section        0  timer.o(i.TIM4_Int_Init)
    i.TIM_ClearITPendingBit                  0x08002374   Section        0  stm32l1xx_tim.o(i.TIM_ClearITPendingBit)
    i.TIM_Cmd                                0x0800237a   Section        0  stm32l1xx_tim.o(i.TIM_Cmd)
    i.TIM_GetITStatus                        0x08002392   Section        0  stm32l1xx_tim.o(i.TIM_GetITStatus)
    i.TIM_ITConfig                           0x080023b4   Section        0  stm32l1xx_tim.o(i.TIM_ITConfig)
    i.TIM_TimeBaseInit                       0x080023c8   Section        0  stm32l1xx_tim.o(i.TIM_TimeBaseInit)
    i.UART1_send_byte                        0x08002428   Section        0  usart.o(i.UART1_send_byte)
    i.USART1_IRQHandler                      0x08002448   Section        0  usart.o(i.USART1_IRQHandler)
    i.USART2_IRQHandler                      0x08002488   Section        0  usart.o(i.USART2_IRQHandler)
    i.USART3_IRQHandler                      0x080024f0   Section        0  usart.o(i.USART3_IRQHandler)
    i.USART_ClearITPendingBit                0x08002530   Section        0  stm32l1xx_usart.o(i.USART_ClearITPendingBit)
    i.USART_Cmd                              0x0800254e   Section        0  stm32l1xx_usart.o(i.USART_Cmd)
    i.USART_GetFlagStatus                    0x08002566   Section        0  stm32l1xx_usart.o(i.USART_GetFlagStatus)
    i.USART_GetITStatus                      0x08002580   Section        0  stm32l1xx_usart.o(i.USART_GetITStatus)
    i.USART_ITConfig                         0x080025d4   Section        0  stm32l1xx_usart.o(i.USART_ITConfig)
    i.USART_Init                             0x08002620   Section        0  stm32l1xx_usart.o(i.USART_Init)
    i.USART_ReceiveData                      0x080026ec   Section        0  stm32l1xx_usart.o(i.USART_ReceiveData)
    i.USART_SendData                         0x080026f6   Section        0  stm32l1xx_usart.o(i.USART_SendData)
    i.Uart1_SendStr                          0x08002700   Section        0  usart.o(i.Uart1_SendStr)
    i.UsageFault_Handler                     0x08002728   Section        0  stm32l1xx_it.o(i.UsageFault_Handler)
    i.__0printf$2                            0x0800272c   Section        0  printf2.o(i.__0printf$2)
    i.__scatterload_copy                     0x0800274c   Section       14  handlers.o(i.__scatterload_copy)
    i.__scatterload_null                     0x0800275a   Section        2  handlers.o(i.__scatterload_null)
    i.__scatterload_zeroinit                 0x0800275c   Section       14  handlers.o(i.__scatterload_zeroinit)
    i._printf_core                           0x0800276a   Section        0  printf2.o(i._printf_core)
    _printf_core                             0x0800276b   Thumb Code   214  printf2.o(i._printf_core)
    i.adc_disable                            0x08002840   Section        0  pressure_sensor.o(i.adc_disable)
    i.adc_init                               0x08002850   Section        0  pressure_sensor.o(i.adc_init)
    i.bat_get_value                          0x080028f8   Section        0  pressure_sensor.o(i.bat_get_value)
    i.bat_hangdle                            0x0800297c   Section        0  pressure_sensor.o(i.bat_hangdle)
    i.bat_init                               0x08002998   Section        0  pressure_sensor.o(i.bat_init)
    i.bat_judge                              0x080029b0   Section        0  pressure_sensor.o(i.bat_judge)
    i.bat_sample                             0x08002a8c   Section        0  pressure_sensor.o(i.bat_sample)
    i.bus_get_handle                         0x08002acc   Section        0  bus.o(i.bus_get_handle)
    i.check_buf_empty                        0x08002ae8   Section        0  usart.o(i.check_buf_empty)
    i.clock_cclk_handle                      0x08002b30   Section        0  pressure_sensor.o(i.clock_cclk_handle)
    i.clock_copy_time_to_buf                 0x08002bb8   Section        0  pressure_sensor.o(i.clock_copy_time_to_buf)
    i.clock_get_time                         0x08002bf8   Section        0  pressure_sensor.o(i.clock_get_time)
    i.clock_init_time                        0x08002c40   Section        0  pressure_sensor.o(i.clock_init_time)
    i.clock_set_time                         0x08002c50   Section        0  pressure_sensor.o(i.clock_set_time)
    i.clock_syn_time                         0x08002c84   Section        0  pressure_sensor.o(i.clock_syn_time)
    i.clock_time_get_week                    0x08002cd8   Section        0  pressure_sensor.o(i.clock_time_get_week)
    i.clock_time_to_utc                      0x08002d46   Section        0  pressure_sensor.o(i.clock_time_to_utc)
    i.copy_buf                               0x08002d84   Section        0  bc95.o(i.copy_buf)
    i.dec8_to_str                            0x08002db8   Section        0  bus.o(i.dec8_to_str)
    i.delay_init                             0x08002e1c   Section        0  delay.o(i.delay_init)
    i.delay_ms                               0x08002e60   Section        0  delay.o(i.delay_ms)
    i.delay_us                               0x08002ea0   Section        0  delay.o(i.delay_us)
    i.eeprom_clear                           0x08002ee0   Section        0  eeprom.o(i.eeprom_clear)
    i.eeprom_init                            0x08002f54   Section        0  eeprom.o(i.eeprom_init)
    i.eeprom_read                            0x08003020   Section        0  eeprom.o(i.eeprom_read)
    i.eeprom_write                           0x08003088   Section        0  eeprom.o(i.eeprom_write)
    i.fputc                                  0x0800312c   Section        0  usart.o(i.fputc)
    i.free                                   0x08003148   Section        0  malloc.o(i.free)
    i.get_adc                                0x08003198   Section        0  pressure_sensor.o(i.get_adc)
    i.get_parse_data                         0x080031cc   Section        0  bus.o(i.get_parse_data)
    i.get_receive_data_handle                0x08003374   Section        0  bus.o(i.get_receive_data_handle)
    i.get_syn_clock_handle                   0x080033f4   Section        0  bus.o(i.get_syn_clock_handle)
    i.hex16_to_hexstr                        0x08003434   Section        0  bus.o(i.hex16_to_hexstr)
    i.hex8_to_hexchar                        0x08003484   Section        0  bus.o(i.hex8_to_hexchar)
    i.hex8_to_hexstr                         0x080034ea   Section        0  bus.o(i.hex8_to_hexstr)
    i.main                                   0x08003540   Section        0  main.o(i.main)
    i.main_handle                            0x08003554   Section        0  main.o(i.main_handle)
    i.main_init                              0x080035c8   Section        0  main.o(i.main_init)
    i.main_sta_judge                         0x08003668   Section        0  main.o(i.main_sta_judge)
    i.malloc                                 0x08003690   Section        0  malloc.o(i.malloc)
    i.press_ad_judge                         0x080036fc   Section        0  pressure_sensor.o(i.press_ad_judge)
    i.press_ad_sample                        0x08003740   Section        0  pressure_sensor.o(i.press_ad_sample)
    i.press_sensor_handle                    0x080037a4   Section        0  pressure_sensor.o(i.press_sensor_handle)
    i.press_sensor_init                      0x080037cc   Section        0  pressure_sensor.o(i.press_sensor_init)
    i.press_strain_handle                    0x080037dc   Section        0  pressure_strain.o(i.press_strain_handle)
    i.press_strain_init                      0x080037e8   Section        0  pressure_strain.o(i.press_strain_init)
    i.press_strain_init_remove               0x08003804   Section        0  pressure_strain.o(i.press_strain_init_remove)
    i.press_strain_judge                     0x08003820   Section        0  pressure_strain.o(i.press_strain_judge)
    i.press_strain_sort_average              0x080039d8   Section        0  pressure_strain.o(i.press_strain_sort_average)
    i.printf_bat_value                       0x08003a3a   Section        0  bus.o(i.printf_bat_value)
    i.printf_char                            0x08003ac4   Section        0  bus.o(i.printf_char)
    i.printf_press_strain_weight             0x08003ad0   Section        0  bus.o(i.printf_press_strain_weight)
    i.printf_string                          0x08003b3e   Section        0  bus.o(i.printf_string)
    i.printf_u16_decStr                      0x08003b4a   Section        0  bus.o(i.printf_u16_decStr)
    i.printf_u16_hexStr                      0x08003b8e   Section        0  bus.o(i.printf_u16_hexStr)
    i.printf_u32_decStr                      0x08003bb2   Section        0  bus.o(i.printf_u32_decStr)
    i.printf_u8_decStr                       0x08003bf2   Section        0  bus.o(i.printf_u8_decStr)
    i.printf_u8_hexStr                       0x08003c36   Section        0  bus.o(i.printf_u8_hexStr)
    i.uart2_gesture_init                     0x08003c60   Section        0  usart.o(i.uart2_gesture_init)
    i.uart3_init                             0x08003d24   Section        0  usart.o(i.uart3_init)
    i.uart_init                              0x08003de4   Section        0  usart.o(i.uart_init)
    i.upload_bat_low_handle                  0x08003ea8   Section        0  bus.o(i.upload_bat_low_handle)
    i.upload_bat_power_handle                0x08003ee0   Section        0  bus.o(i.upload_bat_power_handle)
    i.upload_change_sequence                 0x08003f14   Section        0  bus.o(i.upload_change_sequence)
    i.upload_handle                          0x08003f30   Section        0  bus.o(i.upload_handle)
    i.upload_heart_handle                    0x08003fa4   Section        0  bus.o(i.upload_heart_handle)
    i.upload_init                            0x08003fd0   Section        0  bus.o(i.upload_init)
    i.upload_send_data_frame                 0x08003fe4   Section        0  bus.o(i.upload_send_data_frame)
    i.upload_send_data_handle                0x08004118   Section        0  bus.o(i.upload_send_data_handle)
    i.upload_strain_handle                   0x0800414c   Section        0  bus.o(i.upload_strain_handle)
    .constdata                               0x080041c4   Section        4  main.o(.constdata)
    .constdata                               0x080041c8   Section       12  mktime.o(.constdata)
    monlen                                   0x080041c8   Data          12  mktime.o(.constdata)
    .constdata                               0x080041d4   Section       12  localtime_i.o(.constdata)
    monlen                                   0x080041d4   Data          12  localtime_i.o(.constdata)
    .constdata                               0x080041e0   Section       64  ctype_c.o(.constdata)
    .data                                    0x20000000   Section        1  main.o(.data)
    .data                                    0x20000004   Section        8  bc95.o(.data)
    .data                                    0x2000000c   Section       25  stm32l1xx_rcc.o(.data)
    PLLMulTable                              0x2000000c   Data           9  stm32l1xx_rcc.o(.data)
    APBAHBPrescTable                         0x20000015   Data          16  stm32l1xx_rcc.o(.data)
    .data                                    0x20000028   Section       29  system_stm32l1xx.o(.data)
    .data                                    0x20000045   Section        4  usart.o(.data)
    .data                                    0x20000049   Section        2  timer.o(.data)
    .data                                    0x2000004c   Section        4  delay.o(.data)
    fac_us                                   0x2000004c   Data           1  delay.o(.data)
    fac_ms                                   0x2000004e   Data           2  delay.o(.data)
    .data                                    0x20000050   Section        3  key.o(.data)
    .data                                    0x20000054   Section       30  bus.o(.data)
    hexTable                                 0x20000062   Data          16  bus.o(.data)
    .data                                    0x20000074   Section       20  pressure_sensor.o(.data)
    .data                                    0x20000088   Section       20  eeprom.o(.data)
    .data                                    0x2000009c   Section        4  stdout.o(.data)
    .data                                    0x200000a0   Section        4  mvars.o(.data)
    .data                                    0x200000a4   Section        4  mvars.o(.data)
    .bss                                     0x200000a8   Section      131  bc95.o(.bss)
    .bss                                     0x2000012b   Section      300  usart.o(.bss)
    .bss                                     0x20000258   Section      210  bus.o(.bss)
    .bss                                     0x2000032a   Section       54  pressure_sensor.o(.bss)
    .bss                                     0x20000360   Section       72  pressure_strain.o(.bss)
    .bss                                     0x200003a8   Section       44  localtime_w.o(.bss)
    _tms                                     0x200003a8   Data          44  localtime_w.o(.bss)
    HEAP                                     0x200003d8   Section      512  startup_stm32l1xx_md.o(HEAP)
    STACK                                    0x200005d8   Section     1024  startup_stm32l1xx_md.o(STACK)

    Global Symbols

    Symbol Name                              Value     Ov Type        Size  Object(Section)

    BuildAttributes$$THM_ISAv4$P$D$K$B$S$PE$A:L22UL41UL21$X:L11$S22US41US21$IEEE1$IW$USESV6$~STKCKD$USESV7$~SHL$OTIME$ROPI$EBA8$MICROLIB$REQ8$PRES8$EABIv2 0x00000000   Number         0  anon$$obj.o ABSOLUTE
    __ARM_use_no_argv                        0x00000000   Number         0  main.o ABSOLUTE
    _printf_a                                0x00000000   Number         0  stubs.o ABSOLUTE
    _printf_c                                0x00000000   Number         0  stubs.o ABSOLUTE
    _printf_charcount                        0x00000000   Number         0  stubs.o ABSOLUTE
    _printf_d                                0x00000000   Number         0  stubs.o ABSOLUTE
    _printf_e                                0x00000000   Number         0  stubs.o ABSOLUTE
    _printf_f                                0x00000000   Number         0  stubs.o ABSOLUTE
    _printf_flags                            0x00000000   Number         0  stubs.o ABSOLUTE
    _printf_fp_dec                           0x00000000   Number         0  stubs.o ABSOLUTE
    _printf_fp_hex                           0x00000000   Number         0  stubs.o ABSOLUTE
    _printf_g                                0x00000000   Number         0  stubs.o ABSOLUTE
    _printf_i                                0x00000000   Number         0  stubs.o ABSOLUTE
    _printf_int_dec                          0x00000000   Number         0  stubs.o ABSOLUTE
    _printf_l                                0x00000000   Number         0  stubs.o ABSOLUTE
    _printf_lc                               0x00000000   Number         0  stubs.o ABSOLUTE
    _printf_ll                               0x00000000   Number         0  stubs.o ABSOLUTE
    _printf_lld                              0x00000000   Number         0  stubs.o ABSOLUTE
    _printf_lli                              0x00000000   Number         0  stubs.o ABSOLUTE
    _printf_llo                              0x00000000   Number         0  stubs.o ABSOLUTE
    _printf_llu                              0x00000000   Number         0  stubs.o ABSOLUTE
    _printf_llx                              0x00000000   Number         0  stubs.o ABSOLUTE
    _printf_longlong_dec                     0x00000000   Number         0  stubs.o ABSOLUTE
    _printf_longlong_hex                     0x00000000   Number         0  stubs.o ABSOLUTE
    _printf_longlong_oct                     0x00000000   Number         0  stubs.o ABSOLUTE
    _printf_ls                               0x00000000   Number         0  stubs.o ABSOLUTE
    _printf_mbtowc                           0x00000000   Number         0  stubs.o ABSOLUTE
    _printf_n                                0x00000000   Number         0  stubs.o ABSOLUTE
    _printf_o                                0x00000000   Number         0  stubs.o ABSOLUTE
    _printf_p                                0x00000000   Number         0  stubs.o ABSOLUTE
    _printf_percent                          0x00000000   Number         0  stubs.o ABSOLUTE
    _printf_pre_padding                      0x00000000   Number         0  stubs.o ABSOLUTE
    _printf_return_value                     0x00000000   Number         0  stubs.o ABSOLUTE
    _printf_s                                0x00000000   Number         0  stubs.o ABSOLUTE
    _printf_sizespec                         0x00000000   Number         0  stubs.o ABSOLUTE
    _printf_str                              0x00000000   Number         0  stubs.o ABSOLUTE
    _printf_truncate_signed                  0x00000000   Number         0  stubs.o ABSOLUTE
    _printf_truncate_unsigned                0x00000000   Number         0  stubs.o ABSOLUTE
    _printf_u                                0x00000000   Number         0  stubs.o ABSOLUTE
    _printf_wc                               0x00000000   Number         0  stubs.o ABSOLUTE
    _printf_wctomb                           0x00000000   Number         0  stubs.o ABSOLUTE
    _printf_widthprec                        0x00000000   Number         0  stubs.o ABSOLUTE
    _printf_x                                0x00000000   Number         0  stubs.o ABSOLUTE
    __cpp_initialize__aeabi_                  - Undefined Weak Reference
    __cxa_finalize                            - Undefined Weak Reference
    __decompress                              - Undefined Weak Reference
    _clock_init                               - Undefined Weak Reference
    _microlib_exit                            - Undefined Weak Reference
    _scanf_longlong                           - Undefined Weak Reference
    _scanf_real                               - Undefined Weak Reference
    _scanf_string                             - Undefined Weak Reference
    __Vectors_Size                           0x000000f4   Number         0  startup_stm32l1xx_md.o ABSOLUTE
    __Vectors                                0x08000000   Data           4  startup_stm32l1xx_md.o(RESET)
    __Vectors_End                            0x080000f4   Data           0  startup_stm32l1xx_md.o(RESET)
    __main                                   0x080000f5   Thumb Code     0  entry.o(.ARM.Collect$$$$00000000)
    _main_stk                                0x080000f5   Thumb Code     0  entry2.o(.ARM.Collect$$$$00000001)
    _main_scatterload                        0x080000f9   Thumb Code     0  entry5.o(.ARM.Collect$$$$00000004)
    __main_after_scatterload                 0x080000fd   Thumb Code     0  entry5.o(.ARM.Collect$$$$00000004)
    _main_clock                              0x080000fd   Thumb Code     0  entry7b.o(.ARM.Collect$$$$00000008)
    _main_cpp_init                           0x080000fd   Thumb Code     0  entry8b.o(.ARM.Collect$$$$0000000A)
    _main_init                               0x080000fd   Thumb Code     0  entry9a.o(.ARM.Collect$$$$0000000B)
    __rt_final_cpp                           0x08000105   Thumb Code     0  entry10a.o(.ARM.Collect$$$$0000000D)
    __rt_final_exit                          0x08000105   Thumb Code     0  entry11a.o(.ARM.Collect$$$$0000000F)
    Reset_Handler                            0x08000109   Thumb Code     8  startup_stm32l1xx_md.o(.text)
    ADC1_IRQHandler                          0x08000123   Thumb Code     0  startup_stm32l1xx_md.o(.text)
    COMP_IRQHandler                          0x08000123   Thumb Code     0  startup_stm32l1xx_md.o(.text)
    DAC_IRQHandler                           0x08000123   Thumb Code     0  startup_stm32l1xx_md.o(.text)
    DMA1_Channel1_IRQHandler                 0x08000123   Thumb Code     0  startup_stm32l1xx_md.o(.text)
    DMA1_Channel2_IRQHandler                 0x08000123   Thumb Code     0  startup_stm32l1xx_md.o(.text)
    DMA1_Channel3_IRQHandler                 0x08000123   Thumb Code     0  startup_stm32l1xx_md.o(.text)
    DMA1_Channel4_IRQHandler                 0x08000123   Thumb Code     0  startup_stm32l1xx_md.o(.text)
    DMA1_Channel5_IRQHandler                 0x08000123   Thumb Code     0  startup_stm32l1xx_md.o(.text)
    DMA1_Channel6_IRQHandler                 0x08000123   Thumb Code     0  startup_stm32l1xx_md.o(.text)
    DMA1_Channel7_IRQHandler                 0x08000123   Thumb Code     0  startup_stm32l1xx_md.o(.text)
    EXTI0_IRQHandler                         0x08000123   Thumb Code     0  startup_stm32l1xx_md.o(.text)
    EXTI15_10_IRQHandler                     0x08000123   Thumb Code     0  startup_stm32l1xx_md.o(.text)
    EXTI1_IRQHandler                         0x08000123   Thumb Code     0  startup_stm32l1xx_md.o(.text)
    EXTI2_IRQHandler                         0x08000123   Thumb Code     0  startup_stm32l1xx_md.o(.text)
    EXTI3_IRQHandler                         0x08000123   Thumb Code     0  startup_stm32l1xx_md.o(.text)
    EXTI4_IRQHandler                         0x08000123   Thumb Code     0  startup_stm32l1xx_md.o(.text)
    EXTI9_5_IRQHandler                       0x08000123   Thumb Code     0  startup_stm32l1xx_md.o(.text)
    FLASH_IRQHandler                         0x08000123   Thumb Code     0  startup_stm32l1xx_md.o(.text)
    I2C1_ER_IRQHandler                       0x08000123   Thumb Code     0  startup_stm32l1xx_md.o(.text)
    I2C1_EV_IRQHandler                       0x08000123   Thumb Code     0  startup_stm32l1xx_md.o(.text)
    I2C2_ER_IRQHandler                       0x08000123   Thumb Code     0  startup_stm32l1xx_md.o(.text)
    I2C2_EV_IRQHandler                       0x08000123   Thumb Code     0  startup_stm32l1xx_md.o(.text)
    LCD_IRQHandler                           0x08000123   Thumb Code     0  startup_stm32l1xx_md.o(.text)
    PVD_IRQHandler                           0x08000123   Thumb Code     0  startup_stm32l1xx_md.o(.text)
    RCC_IRQHandler                           0x08000123   Thumb Code     0  startup_stm32l1xx_md.o(.text)
    RTC_Alarm_IRQHandler                     0x08000123   Thumb Code     0  startup_stm32l1xx_md.o(.text)
    RTC_WKUP_IRQHandler                      0x08000123   Thumb Code     0  startup_stm32l1xx_md.o(.text)
    SPI1_IRQHandler                          0x08000123   Thumb Code     0  startup_stm32l1xx_md.o(.text)
    SPI2_IRQHandler                          0x08000123   Thumb Code     0  startup_stm32l1xx_md.o(.text)
    TAMPER_STAMP_IRQHandler                  0x08000123   Thumb Code     0  startup_stm32l1xx_md.o(.text)
    TIM10_IRQHandler                         0x08000123   Thumb Code     0  startup_stm32l1xx_md.o(.text)
    TIM11_IRQHandler                         0x08000123   Thumb Code     0  startup_stm32l1xx_md.o(.text)
    TIM2_IRQHandler                          0x08000123   Thumb Code     0  startup_stm32l1xx_md.o(.text)
    TIM6_IRQHandler                          0x08000123   Thumb Code     0  startup_stm32l1xx_md.o(.text)
    TIM7_IRQHandler                          0x08000123   Thumb Code     0  startup_stm32l1xx_md.o(.text)
    TIM9_IRQHandler                          0x08000123   Thumb Code     0  startup_stm32l1xx_md.o(.text)
    USB_FS_WKUP_IRQHandler                   0x08000123   Thumb Code     0  startup_stm32l1xx_md.o(.text)
    USB_HP_IRQHandler                        0x08000123   Thumb Code     0  startup_stm32l1xx_md.o(.text)
    USB_LP_IRQHandler                        0x08000123   Thumb Code     0  startup_stm32l1xx_md.o(.text)
    WWDG_IRQHandler                          0x08000123   Thumb Code     0  startup_stm32l1xx_md.o(.text)
    mktime                                   0x0800012d   Thumb Code   150  mktime.o(.text)
    __aeabi_memset                           0x080001d5   Thumb Code    14  memseta.o(.text)
    __aeabi_memset4                          0x080001d5   Thumb Code     0  memseta.o(.text)
    __aeabi_memset8                          0x080001d5   Thumb Code     0  memseta.o(.text)
    __aeabi_memclr                           0x080001e3   Thumb Code     4  memseta.o(.text)
    __aeabi_memclr4                          0x080001e3   Thumb Code     0  memseta.o(.text)
    __aeabi_memclr8                          0x080001e3   Thumb Code     0  memseta.o(.text)
    _memset$wrapper                          0x080001e7   Thumb Code    18  memseta.o(.text)
    strstr                                   0x080001f9   Thumb Code    36  strstr.o(.text)
    strncat                                  0x0800021d   Thumb Code    40  strncat.o(.text)
    __0sscanf                                0x08000245   Thumb Code    48  __0sscanf.o(.text)
    _scanf_int                               0x0800027d   Thumb Code   332  _scanf_int.o(.text)
    __aeabi_fmul                             0x080003c9   Thumb Code   100  fmul.o(.text)
    __aeabi_dmul                             0x0800042d   Thumb Code   228  dmul.o(.text)
    __aeabi_ddiv                             0x08000511   Thumb Code   222  ddiv.o(.text)
    __aeabi_ui2f                             0x080005ef   Thumb Code    10  ffltui.o(.text)
    __aeabi_ui2d                             0x080005f9   Thumb Code    26  dfltui.o(.text)
    __aeabi_f2uiz                            0x08000613   Thumb Code    40  ffixui.o(.text)
    __aeabi_d2f                              0x0800063b   Thumb Code    56  d2f.o(.text)
    localtime                                0x08000675   Thumb Code     6  localtime_w.o(.text)
    _localtime                               0x08000681   Thumb Code   134  localtime_i.o(.text)
    _chval                                   0x0800070d   Thumb Code    28  _chval.o(.text)
    __vfscanf_char                           0x08000735   Thumb Code    20  scanf_char.o(.text)
    _sgetc                                   0x08000751   Thumb Code    30  _sgetc.o(.text)
    _sbackspace                              0x0800076f   Thumb Code    34  _sgetc.o(.text)
    __I$use$fp                               0x08000791   Thumb Code     0  iusefp.o(.text)
    _float_round                             0x08000791   Thumb Code    18  fepilogue.o(.text)
    _float_epilogue                          0x080007a3   Thumb Code    92  fepilogue.o(.text)
    _double_round                            0x080007ff   Thumb Code    30  depilogue.o(.text)
    _double_epilogue                         0x0800081d   Thumb Code   156  depilogue.o(.text)
    __scatterload                            0x080008b9   Thumb Code    28  init.o(.text)
    __scatterload_rt2                        0x080008b9   Thumb Code     0  init.o(.text)
    __aeabi_llsl                             0x080008dd   Thumb Code    30  llshl.o(.text)
    _ll_shift_l                              0x080008dd   Thumb Code     0  llshl.o(.text)
    __aeabi_llsr                             0x080008fb   Thumb Code    32  llushr.o(.text)
    _ll_ushift_r                             0x080008fb   Thumb Code     0  llushr.o(.text)
    isspace                                  0x0800091b   Thumb Code    10  isspace_c.o(.text)
    __vfscanf                                0x08000925   Thumb Code   808  _scanf.o(.text)
    __ctype_lookup                           0x08000c51   Thumb Code    34  ctype_c.o(.text)
    ADC_Cmd                                  0x08000c79   Thumb Code    22  stm32l1xx_adc.o(i.ADC_Cmd)
    ADC_DeInit                               0x08000c91   Thumb Code    28  stm32l1xx_adc.o(i.ADC_DeInit)
    ADC_GetConversionValue                   0x08000cb1   Thumb Code     8  stm32l1xx_adc.o(i.ADC_GetConversionValue)
    ADC_GetFlagStatus                        0x08000cb9   Thumb Code    18  stm32l1xx_adc.o(i.ADC_GetFlagStatus)
    ADC_Init                                 0x08000ccd   Thumb Code    74  stm32l1xx_adc.o(i.ADC_Init)
    ADC_RegularChannelConfig                 0x08000d21   Thumb Code   344  stm32l1xx_adc.o(i.ADC_RegularChannelConfig)
    ADC_SoftwareStartConv                    0x08000e79   Thumb Code    10  stm32l1xx_adc.o(i.ADC_SoftwareStartConv)
    BC95_Init                                0x08000e85   Thumb Code  1332  bc95.o(i.BC95_Init)
    BC95_RECCOAPData                         0x080013b9   Thumb Code    32  bc95.o(i.BC95_RECCOAPData)
    BC95_SendCOAPdata                        0x080013ed   Thumb Code   128  bc95.o(i.BC95_SendCOAPdata)
    BC95_SendCOAPdata_try                    0x080014e1   Thumb Code   122  bc95.o(i.BC95_SendCOAPdata_try)
    BusFault_Handler                         0x0800159d   Thumb Code     4  stm32l1xx_it.o(i.BusFault_Handler)
    CDP_Init                                 0x080015a1   Thumb Code   410  bc95.o(i.CDP_Init)
    Clear_Buffer                             0x080017b9   Thumb Code    40  bc95.o(i.Clear_Buffer)
    DebugMon_Handler                         0x080017f5   Thumb Code     2  stm32l1xx_it.o(i.DebugMon_Handler)
    Delay                                    0x080017f9   Thumb Code    58  delay.o(i.Delay)
    GPIO_Init                                0x08001839   Thumb Code   132  stm32l1xx_gpio.o(i.GPIO_Init)
    GPIO_PinAFConfig                         0x080018bd   Thumb Code    70  stm32l1xx_gpio.o(i.GPIO_PinAFConfig)
    GPIO_ReadInputDataBit                    0x08001903   Thumb Code    18  stm32l1xx_gpio.o(i.GPIO_ReadInputDataBit)
    GPIO_SetBits                             0x08001915   Thumb Code     4  stm32l1xx_gpio.o(i.GPIO_SetBits)
    GPIO_ToggleBits                          0x08001919   Thumb Code     8  stm32l1xx_gpio.o(i.GPIO_ToggleBits)
    GPIO_WriteBit                            0x08001921   Thumb Code    10  stm32l1xx_gpio.o(i.GPIO_WriteBit)
    Get_Maopi                                0x0800192d   Thumb Code   118  pressure_strain.o(i.Get_Maopi)
    Get_Weight                               0x080019b1   Thumb Code    92  pressure_strain.o(i.Get_Weight)
    HX711_Read                               0x08001a11   Thumb Code   126  pressure_strain.o(i.HX711_Read)
    HardFault_Handler                        0x08001a95   Thumb Code     4  stm32l1xx_it.o(i.HardFault_Handler)
    IWDG_Enable                              0x08001a99   Thumb Code    10  stm32l1xx_iwdg.o(i.IWDG_Enable)
    IWDG_Feed                                0x08001aa9   Thumb Code     8  iwdg.o(i.IWDG_Feed)
    IWDG_Init                                0x08001ab1   Thumb Code    36  iwdg.o(i.IWDG_Init)
    IWDG_ReloadCounter                       0x08001ad5   Thumb Code    10  stm32l1xx_iwdg.o(i.IWDG_ReloadCounter)
    IWDG_SetPrescaler                        0x08001ae5   Thumb Code     6  stm32l1xx_iwdg.o(i.IWDG_SetPrescaler)
    IWDG_SetReload                           0x08001af1   Thumb Code     6  stm32l1xx_iwdg.o(i.IWDG_SetReload)
    IWDG_WriteAccessCmd                      0x08001afd   Thumb Code     6  stm32l1xx_iwdg.o(i.IWDG_WriteAccessCmd)
    Init_HX711pin                            0x08001b09   Thumb Code    66  pressure_strain.o(i.Init_HX711pin)
    KEY_init                                 0x08001b51   Thumb Code    74  key.o(i.KEY_init)
    KEY_scan                                 0x08001ba9   Thumb Code   350  key.o(i.KEY_scan)
    LED_Init                                 0x08001d19   Thumb Code    66  led.o(i.LED_Init)
    MemManage_Handler                        0x08001d61   Thumb Code     4  stm32l1xx_it.o(i.MemManage_Handler)
    NMI_Handler                              0x08001d65   Thumb Code     2  stm32l1xx_it.o(i.NMI_Handler)
    NVIC_Init                                0x08001d69   Thumb Code   106  misc.o(i.NVIC_Init)
    NVIC_PriorityGroupConfig                 0x08001de1   Thumb Code    10  misc.o(i.NVIC_PriorityGroupConfig)
    PendSV_Handler                           0x08001df5   Thumb Code     2  stm32l1xx_it.o(i.PendSV_Handler)
    RCC_AHBPeriphClockCmd                    0x08001df9   Thumb Code    26  stm32l1xx_rcc.o(i.RCC_AHBPeriphClockCmd)
    RCC_APB1PeriphClockCmd                   0x08001e19   Thumb Code    26  stm32l1xx_rcc.o(i.RCC_APB1PeriphClockCmd)
    RCC_APB2PeriphClockCmd                   0x08001e39   Thumb Code    26  stm32l1xx_rcc.o(i.RCC_APB2PeriphClockCmd)
    RCC_APB2PeriphResetCmd                   0x08001e59   Thumb Code    26  stm32l1xx_rcc.o(i.RCC_APB2PeriphResetCmd)
    RCC_GetClocksFreq                        0x08001e79   Thumb Code   234  stm32l1xx_rcc.o(i.RCC_GetClocksFreq)
    RCC_GetFlagStatus                        0x08001f79   Thumb Code    48  stm32l1xx_rcc.o(i.RCC_GetFlagStatus)
    RCC_HSICmd                               0x08001fad   Thumb Code     6  stm32l1xx_rcc.o(i.RCC_HSICmd)
    SVC_Handler                              0x08001fb9   Thumb Code     2  stm32l1xx_it.o(i.SVC_Handler)
    SysTick_CLKSourceConfig                  0x080020cd   Thumb Code    40  misc.o(i.SysTick_CLKSourceConfig)
    SysTick_Handler                          0x080020f5   Thumb Code     2  stm32l1xx_it.o(i.SysTick_Handler)
    SystemInit                               0x080020f9   Thumb Code    88  system_stm32l1xx.o(i.SystemInit)
    TIM3_IRQHandler                          0x08002161   Thumb Code    26  timer.o(i.TIM3_IRQHandler)
    TIM3_Int_Init                            0x08002181   Thumb Code    88  timer.o(i.TIM3_Int_Init)
    TIM4_IRQHandler                          0x080021dd   Thumb Code   280  timer.o(i.TIM4_IRQHandler)
    TIM4_Int_Init                            0x08002319   Thumb Code    86  timer.o(i.TIM4_Int_Init)
    TIM_ClearITPendingBit                    0x08002375   Thumb Code     6  stm32l1xx_tim.o(i.TIM_ClearITPendingBit)
    TIM_Cmd                                  0x0800237b   Thumb Code    24  stm32l1xx_tim.o(i.TIM_Cmd)
    TIM_GetITStatus                          0x08002393   Thumb Code    34  stm32l1xx_tim.o(i.TIM_GetITStatus)
    TIM_ITConfig                             0x080023b5   Thumb Code    18  stm32l1xx_tim.o(i.TIM_ITConfig)
    TIM_TimeBaseInit                         0x080023c9   Thumb Code    76  stm32l1xx_tim.o(i.TIM_TimeBaseInit)
    UART1_send_byte                          0x08002429   Thumb Code    28  usart.o(i.UART1_send_byte)
    USART1_IRQHandler                        0x08002449   Thumb Code    50  usart.o(i.USART1_IRQHandler)
    USART2_IRQHandler                        0x08002489   Thumb Code    92  usart.o(i.USART2_IRQHandler)
    USART3_IRQHandler                        0x080024f1   Thumb Code    50  usart.o(i.USART3_IRQHandler)
    USART_ClearITPendingBit                  0x08002531   Thumb Code    30  stm32l1xx_usart.o(i.USART_ClearITPendingBit)
    USART_Cmd                                0x0800254f   Thumb Code    24  stm32l1xx_usart.o(i.USART_Cmd)
    USART_GetFlagStatus                      0x08002567   Thumb Code    26  stm32l1xx_usart.o(i.USART_GetFlagStatus)
    USART_GetITStatus                        0x08002581   Thumb Code    84  stm32l1xx_usart.o(i.USART_GetITStatus)
    USART_ITConfig                           0x080025d5   Thumb Code    74  stm32l1xx_usart.o(i.USART_ITConfig)
    USART_Init                               0x08002621   Thumb Code   198  stm32l1xx_usart.o(i.USART_Init)
    USART_ReceiveData                        0x080026ed   Thumb Code    10  stm32l1xx_usart.o(i.USART_ReceiveData)
    USART_SendData                           0x080026f7   Thumb Code     8  stm32l1xx_usart.o(i.USART_SendData)
    Uart1_SendStr                            0x08002701   Thumb Code    34  usart.o(i.Uart1_SendStr)
    UsageFault_Handler                       0x08002729   Thumb Code     4  stm32l1xx_it.o(i.UsageFault_Handler)
    __0printf$2                              0x0800272d   Thumb Code    22  printf2.o(i.__0printf$2)
    __1printf$2                              0x0800272d   Thumb Code     0  printf2.o(i.__0printf$2)
    __2printf                                0x0800272d   Thumb Code     0  printf2.o(i.__0printf$2)
    __scatterload_copy                       0x0800274d   Thumb Code    14  handlers.o(i.__scatterload_copy)
    __scatterload_null                       0x0800275b   Thumb Code     2  handlers.o(i.__scatterload_null)
    __scatterload_zeroinit                   0x0800275d   Thumb Code    14  handlers.o(i.__scatterload_zeroinit)
    adc_disable                              0x08002841   Thumb Code    12  pressure_sensor.o(i.adc_disable)
    adc_init                                 0x08002851   Thumb Code   156  pressure_sensor.o(i.adc_init)
    bat_get_value                            0x080028f9   Thumb Code   114  pressure_sensor.o(i.bat_get_value)
    bat_hangdle                              0x0800297d   Thumb Code    22  pressure_sensor.o(i.bat_hangdle)
    bat_init                                 0x08002999   Thumb Code    18  pressure_sensor.o(i.bat_init)
    bat_judge                                0x080029b1   Thumb Code   210  pressure_sensor.o(i.bat_judge)
    bat_sample                               0x08002a8d   Thumb Code    42  pressure_sensor.o(i.bat_sample)
    bus_get_handle                           0x08002acd   Thumb Code    24  bus.o(i.bus_get_handle)
    check_buf_empty                          0x08002ae9   Thumb Code    70  usart.o(i.check_buf_empty)
    clock_cclk_handle                        0x08002b31   Thumb Code   104  pressure_sensor.o(i.clock_cclk_handle)
    clock_copy_time_to_buf                   0x08002bb9   Thumb Code    62  pressure_sensor.o(i.clock_copy_time_to_buf)
    clock_get_time                           0x08002bf9   Thumb Code    66  pressure_sensor.o(i.clock_get_time)
    clock_init_time                          0x08002c41   Thumb Code    10  pressure_sensor.o(i.clock_init_time)
    clock_set_time                           0x08002c51   Thumb Code    38  pressure_sensor.o(i.clock_set_time)
    clock_syn_time                           0x08002c85   Thumb Code    54  pressure_sensor.o(i.clock_syn_time)
    clock_time_get_week                      0x08002cd9   Thumb Code   110  pressure_sensor.o(i.clock_time_get_week)
    clock_time_to_utc                        0x08002d47   Thumb Code    60  pressure_sensor.o(i.clock_time_to_utc)
    copy_buf                                 0x08002d85   Thumb Code    46  bc95.o(i.copy_buf)
    dec8_to_str                              0x08002db9   Thumb Code    98  bus.o(i.dec8_to_str)
    delay_init                               0x08002e1d   Thumb Code    50  delay.o(i.delay_init)
    delay_ms                                 0x08002e61   Thumb Code    58  delay.o(i.delay_ms)
    delay_us                                 0x08002ea1   Thumb Code    58  delay.o(i.delay_us)
    eeprom_clear                             0x08002ee1   Thumb Code   100  eeprom.o(i.eeprom_clear)
    eeprom_init                              0x08002f55   Thumb Code   172  eeprom.o(i.eeprom_init)
    eeprom_read                              0x08003021   Thumb Code   100  eeprom.o(i.eeprom_read)
    eeprom_write                             0x08003089   Thumb Code   146  eeprom.o(i.eeprom_write)
    fputc                                    0x0800312d   Thumb Code    24  usart.o(i.fputc)
    free                                     0x08003149   Thumb Code    76  malloc.o(i.free)
    get_adc                                  0x08003199   Thumb Code    48  pressure_sensor.o(i.get_adc)
    get_parse_data                           0x080031cd   Thumb Code   308  bus.o(i.get_parse_data)
    get_receive_data_handle                  0x08003375   Thumb Code    82  bus.o(i.get_receive_data_handle)
    get_syn_clock_handle                     0x080033f5   Thumb Code    52  bus.o(i.get_syn_clock_handle)
    hex16_to_hexstr                          0x08003435   Thumb Code    80  bus.o(i.hex16_to_hexstr)
    hex8_to_hexchar                          0x08003485   Thumb Code   102  bus.o(i.hex8_to_hexchar)
    hex8_to_hexstr                           0x080034eb   Thumb Code    86  bus.o(i.hex8_to_hexstr)
    main                                     0x08003541   Thumb Code    20  main.o(i.main)
    main_handle                              0x08003555   Thumb Code    92  main.o(i.main_handle)
    main_init                                0x080035c9   Thumb Code   132  main.o(i.main_init)
    main_sta_judge                           0x08003669   Thumb Code    22  main.o(i.main_sta_judge)
    malloc                                   0x08003691   Thumb Code    92  malloc.o(i.malloc)
    press_ad_judge                           0x080036fd   Thumb Code    64  pressure_sensor.o(i.press_ad_judge)
    press_ad_sample                          0x08003741   Thumb Code    74  pressure_sensor.o(i.press_ad_sample)
    press_sensor_handle                      0x080037a5   Thumb Code    34  pressure_sensor.o(i.press_sensor_handle)
    press_sensor_init                        0x080037cd   Thumb Code    12  pressure_sensor.o(i.press_sensor_init)
    press_strain_handle                      0x080037dd   Thumb Code    12  pressure_strain.o(i.press_strain_handle)
    press_strain_init                        0x080037e9   Thumb Code    22  pressure_strain.o(i.press_strain_init)
    press_strain_init_remove                 0x08003805   Thumb Code    28  pressure_strain.o(i.press_strain_init_remove)
    press_strain_judge                       0x08003821   Thumb Code   380  pressure_strain.o(i.press_strain_judge)
    press_strain_sort_average                0x080039d9   Thumb Code    98  pressure_strain.o(i.press_strain_sort_average)
    printf_bat_value                         0x08003a3b   Thumb Code   138  bus.o(i.printf_bat_value)
    printf_char                              0x08003ac5   Thumb Code    12  bus.o(i.printf_char)
    printf_press_strain_weight               0x08003ad1   Thumb Code   110  bus.o(i.printf_press_strain_weight)
    printf_string                            0x08003b3f   Thumb Code    12  bus.o(i.printf_string)
    printf_u16_decStr                        0x08003b4b   Thumb Code    68  bus.o(i.printf_u16_decStr)
    printf_u16_hexStr                        0x08003b8f   Thumb Code    36  bus.o(i.printf_u16_hexStr)
    printf_u32_decStr                        0x08003bb3   Thumb Code    64  bus.o(i.printf_u32_decStr)
    printf_u8_decStr                         0x08003bf3   Thumb Code    68  bus.o(i.printf_u8_decStr)
    printf_u8_hexStr                         0x08003c37   Thumb Code    40  bus.o(i.printf_u8_hexStr)
    uart2_gesture_init                       0x08003c61   Thumb Code   182  usart.o(i.uart2_gesture_init)
    uart3_init                               0x08003d25   Thumb Code   182  usart.o(i.uart3_init)
    uart_init                                0x08003de5   Thumb Code   186  usart.o(i.uart_init)
    upload_bat_low_handle                    0x08003ea9   Thumb Code    46  bus.o(i.upload_bat_low_handle)
    upload_bat_power_handle                  0x08003ee1   Thumb Code    38  bus.o(i.upload_bat_power_handle)
    upload_change_sequence                   0x08003f15   Thumb Code    24  bus.o(i.upload_change_sequence)
    upload_handle                            0x08003f31   Thumb Code    96  bus.o(i.upload_handle)
    upload_heart_handle                      0x08003fa5   Thumb Code    36  bus.o(i.upload_heart_handle)
    upload_init                              0x08003fd1   Thumb Code    16  bus.o(i.upload_init)
    upload_send_data_frame                   0x08003fe5   Thumb Code   284  bus.o(i.upload_send_data_frame)
    upload_send_data_handle                  0x08004119   Thumb Code    42  bus.o(i.upload_send_data_handle)
    upload_strain_handle                     0x0800414d   Thumb Code    86  bus.o(i.upload_strain_handle)
    version_number                           0x080041c4   Data           4  main.o(.constdata)
    __ctype_categories                       0x080041e0   Data          64  ctype_c.o(.constdata)
    Region$$Table$$Base                      0x08004220   Number         0  anon$$obj.o(Region$$Table)
    Region$$Table$$Limit                     0x08004240   Number         0  anon$$obj.o(Region$$Table)
    g_sta                                    0x20000000   Data           1  main.o(.data)
    strx                                     0x20000004   Data           4  bc95.o(.data)
    extstrx                                  0x20000008   Data           4  bc95.o(.data)
    SystemCoreClock                          0x20000028   Data           4  system_stm32l1xx.o(.data)
    PLLMulTable                              0x2000002c   Data           9  system_stm32l1xx.o(.data)
    AHBPrescTable                            0x20000035   Data          16  system_stm32l1xx.o(.data)
    RxCounter                                0x20000045   Data           1  usart.o(.data)
    RxCounter1                               0x20000046   Data           1  usart.o(.data)
    usart2_read_loc                          0x20000047   Data           1  usart.o(.data)
    usart2_write_loc                         0x20000048   Data           1  usart.o(.data)
    g_time                                   0x20000049   Data           1  timer.o(.data)
    netstatus                                0x2000004a   Data           1  timer.o(.data)
    g_key                                    0x20000050   Data           2  key.o(.data)
    write_location                           0x20000052   Data           1  key.o(.data)
    g_bus                                    0x20000054   Data           8  bus.o(.data)
    upload_buf_sequence                      0x2000005c   Data           1  bus.o(.data)
    g_test                                   0x2000005e   Data           4  bus.o(.data)
    RegularConvData_Tab                      0x20000074   Data           4  pressure_sensor.o(.data)
    VREFINT_DATA                             0x20000078   Data           2  pressure_sensor.o(.data)
    Vbat_value                               0x2000007c   Data           4  pressure_sensor.o(.data)
    my_g_time                                0x20000080   Data           8  pressure_sensor.o(.data)
    g_eeprom                                 0x20000088   Data          20  eeprom.o(.data)
    __stdout                                 0x2000009c   Data           4  stdout.o(.data)
    __microlib_freelist                      0x200000a0   Data           4  mvars.o(.data)
    __microlib_freelist_initialised          0x200000a4   Data           4  mvars.o(.data)
    imei_str                                 0x200000a8   Data          16  bc95.o(.bss)
    BC95_Status                              0x200000b8   Data         115  bc95.o(.bss)
    RxBuffer                                 0x2000012b   Data         100  usart.o(.bss)
    RxBuffer1                                0x2000018f   Data         100  usart.o(.bss)
    RxBuffer2                                0x200001f3   Data         100  usart.o(.bss)
    g_receive                                0x20000258   Data          10  bus.o(.bss)
    upload_send_data                         0x20000262   Data         200  bus.o(.bss)
    g_press                                  0x2000032a   Data          44  pressure_sensor.o(.bss)
    g_bat                                    0x20000356   Data          10  pressure_sensor.o(.bss)
    g_weight                                 0x20000360   Data          72  pressure_strain.o(.bss)
    __heap_base                              0x200003d8   Data           0  startup_stm32l1xx_md.o(HEAP)
    __heap_limit                             0x200005d8   Data           0  startup_stm32l1xx_md.o(HEAP)
    __initial_sp                             0x200009d8   Data           0  startup_stm32l1xx_md.o(STACK)



==============================================================================

Memory Map of the image

  Image Entry point : 0x080000f5

  Load Region LR_IROM1 (Base: 0x08000000, Size: 0x000042e8, Max: 0x00010000, ABSOLUTE)

    Execution Region ER_IROM1 (Base: 0x08000000, Size: 0x00004240, Max: 0x00010000, ABSOLUTE)

    Base Addr    Size         Type   Attr      Idx    E Section Name        Object

    0x08000000   0x000000f4   Data   RO         2731    RESET               startup_stm32l1xx_md.o
    0x080000f4   0x00000000   Code   RO         3698  * .ARM.Collect$$$$00000000  mc_w.l(entry.o)
    0x080000f4   0x00000004   Code   RO         4023    .ARM.Collect$$$$00000001  mc_w.l(entry2.o)
    0x080000f8   0x00000004   Code   RO         4026    .ARM.Collect$$$$00000004  mc_w.l(entry5.o)
    0x080000fc   0x00000000   Code   RO         4028    .ARM.Collect$$$$00000008  mc_w.l(entry7b.o)
    0x080000fc   0x00000000   Code   RO         4030    .ARM.Collect$$$$0000000A  mc_w.l(entry8b.o)
    0x080000fc   0x00000008   Code   RO         4031    .ARM.Collect$$$$0000000B  mc_w.l(entry9a.o)
    0x08000104   0x00000000   Code   RO         4033    .ARM.Collect$$$$0000000D  mc_w.l(entry10a.o)
    0x08000104   0x00000000   Code   RO         4035    .ARM.Collect$$$$0000000F  mc_w.l(entry11a.o)
    0x08000104   0x00000004   Code   RO         4024    .ARM.Collect$$$$00002712  mc_w.l(entry2.o)
    0x08000108   0x00000024   Code   RO         2732    .text               startup_stm32l1xx_md.o
    0x0800012c   0x000000a8   Code   RO         3705    .text               mc_w.l(mktime.o)
    0x080001d4   0x00000024   Code   RO         3708    .text               mc_w.l(memseta.o)
    0x080001f8   0x00000024   Code   RO         3710    .text               mc_w.l(strstr.o)
    0x0800021c   0x00000028   Code   RO         3712    .text               mc_w.l(strncat.o)
    0x08000244   0x00000038   Code   RO         4005    .text               mc_w.l(__0sscanf.o)
    0x0800027c   0x0000014c   Code   RO         4007    .text               mc_w.l(_scanf_int.o)
    0x080003c8   0x00000064   Code   RO         4009    .text               mf_w.l(fmul.o)
    0x0800042c   0x000000e4   Code   RO         4011    .text               mf_w.l(dmul.o)
    0x08000510   0x000000de   Code   RO         4013    .text               mf_w.l(ddiv.o)
    0x080005ee   0x0000000a   Code   RO         4015    .text               mf_w.l(ffltui.o)
    0x080005f8   0x0000001a   Code   RO         4017    .text               mf_w.l(dfltui.o)
    0x08000612   0x00000028   Code   RO         4019    .text               mf_w.l(ffixui.o)
    0x0800063a   0x00000038   Code   RO         4021    .text               mf_w.l(d2f.o)
    0x08000672   0x00000002   PAD
    0x08000674   0x0000000c   Code   RO         4042    .text               mc_w.l(localtime_w.o)
    0x08000680   0x0000008c   Code   RO         4045    .text               mc_w.l(localtime_i.o)
    0x0800070c   0x0000001c   Code   RO         4054    .text               mc_w.l(_chval.o)
    0x08000728   0x00000028   Code   RO         4056    .text               mc_w.l(scanf_char.o)
    0x08000750   0x00000040   Code   RO         4058    .text               mc_w.l(_sgetc.o)
    0x08000790   0x00000000   Code   RO         4060    .text               mc_w.l(iusefp.o)
    0x08000790   0x0000006e   Code   RO         4061    .text               mf_w.l(fepilogue.o)
    0x080007fe   0x000000ba   Code   RO         4063    .text               mf_w.l(depilogue.o)
    0x080008b8   0x00000024   Code   RO         4071    .text               mc_w.l(init.o)
    0x080008dc   0x0000001e   Code   RO         4073    .text               mc_w.l(llshl.o)
    0x080008fa   0x00000020   Code   RO         4075    .text               mc_w.l(llushr.o)
    0x0800091a   0x0000000a   Code   RO         4079    .text               mc_w.l(isspace_c.o)
    0x08000924   0x0000032c   Code   RO         4081    .text               mc_w.l(_scanf.o)
    0x08000c50   0x00000028   Code   RO         4083    .text               mc_w.l(ctype_c.o)
    0x08000c78   0x00000016   Code   RO          500    i.ADC_Cmd           stm32l1xx_adc.o
    0x08000c8e   0x00000002   PAD
    0x08000c90   0x00000020   Code   RO          506    i.ADC_DeInit        stm32l1xx_adc.o
    0x08000cb0   0x00000008   Code   RO          513    i.ADC_GetConversionValue  stm32l1xx_adc.o
    0x08000cb8   0x00000012   Code   RO          514    i.ADC_GetFlagStatus  stm32l1xx_adc.o
    0x08000cca   0x00000002   PAD
    0x08000ccc   0x00000054   Code   RO          520    i.ADC_Init          stm32l1xx_adc.o
    0x08000d20   0x00000158   Code   RO          525    i.ADC_RegularChannelConfig  stm32l1xx_adc.o
    0x08000e78   0x0000000a   Code   RO          527    i.ADC_SoftwareStartConv  stm32l1xx_adc.o
    0x08000e82   0x00000002   PAD
    0x08000e84   0x00000534   Code   RO          289    i.BC95_Init         bc95.o
    0x080013b8   0x00000034   Code   RO          290    i.BC95_RECCOAPData  bc95.o
    0x080013ec   0x000000f4   Code   RO          291    i.BC95_SendCOAPdata  bc95.o
    0x080014e0   0x000000bc   Code   RO          292    i.BC95_SendCOAPdata_try  bc95.o
    0x0800159c   0x00000004   Code   RO          214    i.BusFault_Handler  stm32l1xx_it.o
    0x080015a0   0x00000218   Code   RO          293    i.CDP_Init          bc95.o
    0x080017b8   0x0000003c   Code   RO          294    i.Clear_Buffer      bc95.o
    0x080017f4   0x00000002   Code   RO          215    i.DebugMon_Handler  stm32l1xx_it.o
    0x080017f6   0x00000002   PAD
    0x080017f8   0x00000040   Code   RO         2911    i.Delay             delay.o
    0x08001838   0x00000084   Code   RO         1085    i.GPIO_Init         stm32l1xx_gpio.o
    0x080018bc   0x00000046   Code   RO         1086    i.GPIO_PinAFConfig  stm32l1xx_gpio.o
    0x08001902   0x00000012   Code   RO         1089    i.GPIO_ReadInputDataBit  stm32l1xx_gpio.o
    0x08001914   0x00000004   Code   RO         1093    i.GPIO_SetBits      stm32l1xx_gpio.o
    0x08001918   0x00000008   Code   RO         1095    i.GPIO_ToggleBits   stm32l1xx_gpio.o
    0x08001920   0x0000000a   Code   RO         1097    i.GPIO_WriteBit     stm32l1xx_gpio.o
    0x0800192a   0x00000002   PAD
    0x0800192c   0x00000084   Code   RO         3495    i.Get_Maopi         pressure_strain.o
    0x080019b0   0x00000060   Code   RO         3496    i.Get_Weight        pressure_strain.o
    0x08001a10   0x00000084   Code   RO         3497    i.HX711_Read        pressure_strain.o
    0x08001a94   0x00000004   Code   RO          216    i.HardFault_Handler  stm32l1xx_it.o
    0x08001a98   0x00000010   Code   RO         1185    i.IWDG_Enable       stm32l1xx_iwdg.o
    0x08001aa8   0x00000008   Code   RO         3575    i.IWDG_Feed         iwdg.o
    0x08001ab0   0x00000024   Code   RO         3576    i.IWDG_Init         iwdg.o
    0x08001ad4   0x00000010   Code   RO         1187    i.IWDG_ReloadCounter  stm32l1xx_iwdg.o
    0x08001ae4   0x0000000c   Code   RO         1188    i.IWDG_SetPrescaler  stm32l1xx_iwdg.o
    0x08001af0   0x0000000c   Code   RO         1189    i.IWDG_SetReload    stm32l1xx_iwdg.o
    0x08001afc   0x0000000c   Code   RO         1190    i.IWDG_WriteAccessCmd  stm32l1xx_iwdg.o
    0x08001b08   0x00000048   Code   RO         3498    i.Init_HX711pin     pressure_strain.o
    0x08001b50   0x00000058   Code   RO         3016    i.KEY_init          key.o
    0x08001ba8   0x00000170   Code   RO         3017    i.KEY_scan          key.o
    0x08001d18   0x00000048   Code   RO         2885    i.LED_Init          led.o
    0x08001d60   0x00000004   Code   RO          217    i.MemManage_Handler  stm32l1xx_it.o
    0x08001d64   0x00000002   Code   RO          218    i.NMI_Handler       stm32l1xx_it.o
    0x08001d66   0x00000002   PAD
    0x08001d68   0x00000078   Code   RO          364    i.NVIC_Init         misc.o
    0x08001de0   0x00000014   Code   RO          365    i.NVIC_PriorityGroupConfig  misc.o
    0x08001df4   0x00000002   Code   RO          219    i.PendSV_Handler    stm32l1xx_it.o
    0x08001df6   0x00000002   PAD
    0x08001df8   0x00000020   Code   RO         1526    i.RCC_AHBPeriphClockCmd  stm32l1xx_rcc.o
    0x08001e18   0x00000020   Code   RO         1529    i.RCC_APB1PeriphClockCmd  stm32l1xx_rcc.o
    0x08001e38   0x00000020   Code   RO         1532    i.RCC_APB2PeriphClockCmd  stm32l1xx_rcc.o
    0x08001e58   0x00000020   Code   RO         1534    i.RCC_APB2PeriphResetCmd  stm32l1xx_rcc.o
    0x08001e78   0x00000100   Code   RO         1541    i.RCC_GetClocksFreq  stm32l1xx_rcc.o
    0x08001f78   0x00000034   Code   RO         1542    i.RCC_GetFlagStatus  stm32l1xx_rcc.o
    0x08001fac   0x0000000c   Code   RO         1547    i.RCC_HSICmd        stm32l1xx_rcc.o
    0x08001fb8   0x00000002   Code   RO          220    i.SVC_Handler       stm32l1xx_it.o
    0x08001fba   0x00000002   PAD
    0x08001fbc   0x00000110   Code   RO         2685    i.SetSysClock       system_stm32l1xx.o
    0x080020cc   0x00000028   Code   RO          368    i.SysTick_CLKSourceConfig  misc.o
    0x080020f4   0x00000002   Code   RO          221    i.SysTick_Handler   stm32l1xx_it.o
    0x080020f6   0x00000002   PAD
    0x080020f8   0x00000068   Code   RO         2687    i.SystemInit        system_stm32l1xx.o
    0x08002160   0x00000020   Code   RO         2843    i.TIM3_IRQHandler   timer.o
    0x08002180   0x0000005c   Code   RO         2844    i.TIM3_Int_Init     timer.o
    0x080021dc   0x0000013c   Code   RO         2845    i.TIM4_IRQHandler   timer.o
    0x08002318   0x0000005c   Code   RO         2846    i.TIM4_Int_Init     timer.o
    0x08002374   0x00000006   Code   RO         1872    i.TIM_ClearITPendingBit  stm32l1xx_tim.o
    0x0800237a   0x00000018   Code   RO         1877    i.TIM_Cmd           stm32l1xx_tim.o
    0x08002392   0x00000022   Code   RO         1897    i.TIM_GetITStatus   stm32l1xx_tim.o
    0x080023b4   0x00000012   Code   RO         1901    i.TIM_ITConfig      stm32l1xx_tim.o
    0x080023c6   0x00000002   PAD
    0x080023c8   0x00000060   Code   RO         1945    i.TIM_TimeBaseInit  stm32l1xx_tim.o
    0x08002428   0x00000020   Code   RO         2738    i.UART1_send_byte   usart.o
    0x08002448   0x00000040   Code   RO         2740    i.USART1_IRQHandler  usart.o
    0x08002488   0x00000068   Code   RO         2741    i.USART2_IRQHandler  usart.o
    0x080024f0   0x00000040   Code   RO         2742    i.USART3_IRQHandler  usart.o
    0x08002530   0x0000001e   Code   RO         2383    i.USART_ClearITPendingBit  stm32l1xx_usart.o
    0x0800254e   0x00000018   Code   RO         2386    i.USART_Cmd         stm32l1xx_usart.o
    0x08002566   0x0000001a   Code   RO         2389    i.USART_GetFlagStatus  stm32l1xx_usart.o
    0x08002580   0x00000054   Code   RO         2390    i.USART_GetITStatus  stm32l1xx_usart.o
    0x080025d4   0x0000004a   Code   RO         2392    i.USART_ITConfig    stm32l1xx_usart.o
    0x0800261e   0x00000002   PAD
    0x08002620   0x000000cc   Code   RO         2393    i.USART_Init        stm32l1xx_usart.o
    0x080026ec   0x0000000a   Code   RO         2400    i.USART_ReceiveData  stm32l1xx_usart.o
    0x080026f6   0x00000008   Code   RO         2403    i.USART_SendData    stm32l1xx_usart.o
    0x080026fe   0x00000002   PAD
    0x08002700   0x00000028   Code   RO         2743    i.Uart1_SendStr     usart.o
    0x08002728   0x00000004   Code   RO          222    i.UsageFault_Handler  stm32l1xx_it.o
    0x0800272c   0x00000020   Code   RO         3783    i.__0printf$2       mc_w.l(printf2.o)
    0x0800274c   0x0000000e   Code   RO         4088    i.__scatterload_copy  mc_w.l(handlers.o)
    0x0800275a   0x00000002   Code   RO         4089    i.__scatterload_null  mc_w.l(handlers.o)
    0x0800275c   0x0000000e   Code   RO         4090    i.__scatterload_zeroinit  mc_w.l(handlers.o)
    0x0800276a   0x000000d6   Code   RO         3790    i._printf_core      mc_w.l(printf2.o)
    0x08002840   0x00000010   Code   RO         3256    i.adc_disable       pressure_sensor.o
    0x08002850   0x000000a8   Code   RO         3258    i.adc_init          pressure_sensor.o
    0x080028f8   0x00000084   Code   RO         3259    i.bat_get_value     pressure_sensor.o
    0x0800297c   0x0000001c   Code   RO         3260    i.bat_hangdle       pressure_sensor.o
    0x08002998   0x00000018   Code   RO         3261    i.bat_init          pressure_sensor.o
    0x080029b0   0x000000dc   Code   RO         3262    i.bat_judge         pressure_sensor.o
    0x08002a8c   0x00000040   Code   RO         3263    i.bat_sample        pressure_sensor.o
    0x08002acc   0x0000001c   Code   RO         3060    i.bus_get_handle    bus.o
    0x08002ae8   0x00000046   Code   RO         2745    i.check_buf_empty   usart.o
    0x08002b2e   0x00000002   PAD
    0x08002b30   0x00000088   Code   RO         3264    i.clock_cclk_handle  pressure_sensor.o
    0x08002bb8   0x0000003e   Code   RO         3265    i.clock_copy_time_to_buf  pressure_sensor.o
    0x08002bf6   0x00000002   PAD
    0x08002bf8   0x00000048   Code   RO         3266    i.clock_get_time    pressure_sensor.o
    0x08002c40   0x00000010   Code   RO         3267    i.clock_init_time   pressure_sensor.o
    0x08002c50   0x00000034   Code   RO         3268    i.clock_set_time    pressure_sensor.o
    0x08002c84   0x00000054   Code   RO         3269    i.clock_syn_time    pressure_sensor.o
    0x08002cd8   0x0000006e   Code   RO         3270    i.clock_time_get_week  pressure_sensor.o
    0x08002d46   0x0000003c   Code   RO         3271    i.clock_time_to_utc  pressure_sensor.o
    0x08002d82   0x00000002   PAD
    0x08002d84   0x00000034   Code   RO          295    i.copy_buf          bc95.o
    0x08002db8   0x00000062   Code   RO         3062    i.dec8_to_str       bus.o
    0x08002e1a   0x00000002   PAD
    0x08002e1c   0x00000044   Code   RO         2912    i.delay_init        delay.o
    0x08002e60   0x00000040   Code   RO         2913    i.delay_ms          delay.o
    0x08002ea0   0x00000040   Code   RO         2914    i.delay_us          delay.o
    0x08002ee0   0x00000074   Code   RO         3605    i.eeprom_clear      eeprom.o
    0x08002f54   0x000000cc   Code   RO         3607    i.eeprom_init       eeprom.o
    0x08003020   0x00000068   Code   RO         3608    i.eeprom_read       eeprom.o
    0x08003088   0x000000a4   Code   RO         3609    i.eeprom_write      eeprom.o
    0x0800312c   0x0000001c   Code   RO         2747    i.fputc             usart.o
    0x08003148   0x00000050   Code   RO         3977    i.free              mc_w.l(malloc.o)
    0x08003198   0x00000034   Code   RO         3273    i.get_adc           pressure_sensor.o
    0x080031cc   0x000001a8   Code   RO         3063    i.get_parse_data    bus.o
    0x08003374   0x00000080   Code   RO         3064    i.get_receive_data_handle  bus.o
    0x080033f4   0x00000040   Code   RO         3065    i.get_syn_clock_handle  bus.o
    0x08003434   0x00000050   Code   RO         3066    i.hex16_to_hexstr   bus.o
    0x08003484   0x00000066   Code   RO         3067    i.hex8_to_hexchar   bus.o
    0x080034ea   0x00000056   Code   RO         3068    i.hex8_to_hexstr    bus.o
    0x08003540   0x00000014   Code   RO            3    i.main              main.o
    0x08003554   0x00000074   Code   RO            4    i.main_handle       main.o
    0x080035c8   0x000000a0   Code   RO            5    i.main_init         main.o
    0x08003668   0x00000028   Code   RO            6    i.main_sta_judge    main.o
    0x08003690   0x0000006c   Code   RO         3978    i.malloc            mc_w.l(malloc.o)
    0x080036fc   0x00000044   Code   RO         3280    i.press_ad_judge    pressure_sensor.o
    0x08003740   0x00000064   Code   RO         3281    i.press_ad_sample   pressure_sensor.o
    0x080037a4   0x00000028   Code   RO         3282    i.press_sensor_handle  pressure_sensor.o
    0x080037cc   0x00000010   Code   RO         3283    i.press_sensor_init  pressure_sensor.o
    0x080037dc   0x0000000c   Code   RO         3500    i.press_strain_handle  pressure_strain.o
    0x080037e8   0x0000001c   Code   RO         3501    i.press_strain_init  pressure_strain.o
    0x08003804   0x0000001c   Code   RO         3502    i.press_strain_init_remove  pressure_strain.o
    0x08003820   0x000001b8   Code   RO         3503    i.press_strain_judge  pressure_strain.o
    0x080039d8   0x00000062   Code   RO         3504    i.press_strain_sort_average  pressure_strain.o
    0x08003a3a   0x0000008a   Code   RO         3071    i.printf_bat_value  bus.o
    0x08003ac4   0x0000000c   Code   RO         3072    i.printf_char       bus.o
    0x08003ad0   0x0000006e   Code   RO         3073    i.printf_press_strain_weight  bus.o
    0x08003b3e   0x0000000c   Code   RO         3074    i.printf_string     bus.o
    0x08003b4a   0x00000044   Code   RO         3075    i.printf_u16_decStr  bus.o
    0x08003b8e   0x00000024   Code   RO         3076    i.printf_u16_hexStr  bus.o
    0x08003bb2   0x00000040   Code   RO         3077    i.printf_u32_decStr  bus.o
    0x08003bf2   0x00000044   Code   RO         3078    i.printf_u8_decStr  bus.o
    0x08003c36   0x00000028   Code   RO         3079    i.printf_u8_hexStr  bus.o
    0x08003c5e   0x00000002   PAD
    0x08003c60   0x000000c4   Code   RO         2749    i.uart2_gesture_init  usart.o
    0x08003d24   0x000000c0   Code   RO         2750    i.uart3_init        usart.o
    0x08003de4   0x000000c4   Code   RO         2751    i.uart_init         usart.o
    0x08003ea8   0x00000038   Code   RO         3080    i.upload_bat_low_handle  bus.o
    0x08003ee0   0x00000034   Code   RO         3081    i.upload_bat_power_handle  bus.o
    0x08003f14   0x0000001c   Code   RO         3082    i.upload_change_sequence  bus.o
    0x08003f30   0x00000074   Code   RO         3083    i.upload_handle     bus.o
    0x08003fa4   0x0000002c   Code   RO         3084    i.upload_heart_handle  bus.o
    0x08003fd0   0x00000014   Code   RO         3085    i.upload_init       bus.o
    0x08003fe4   0x00000134   Code   RO         3086    i.upload_send_data_frame  bus.o
    0x08004118   0x00000034   Code   RO         3087    i.upload_send_data_handle  bus.o
    0x0800414c   0x00000078   Code   RO         3088    i.upload_strain_handle  bus.o
    0x080041c4   0x00000004   Data   RO            7    .constdata          main.o
    0x080041c8   0x0000000c   Data   RO         3706    .constdata          mc_w.l(mktime.o)
    0x080041d4   0x0000000c   Data   RO         4046    .constdata          mc_w.l(localtime_i.o)
    0x080041e0   0x00000040   Data   RO         4084    .constdata          mc_w.l(ctype_c.o)
    0x08004220   0x00000020   Data   RO         4086    Region$$Table       anon$$obj.o


    Execution Region RW_IRAM1 (Base: 0x20000000, Size: 0x000009d8, Max: 0x00008000, ABSOLUTE)

    Base Addr    Size         Type   Attr      Idx    E Section Name        Object

    0x20000000   0x00000001   Data   RW            8    .data               main.o
    0x20000001   0x00000003   PAD
    0x20000004   0x00000008   Data   RW          299    .data               bc95.o
    0x2000000c   0x00000019   Data   RW         1564    .data               stm32l1xx_rcc.o
    0x20000025   0x00000003   PAD
    0x20000028   0x0000001d   Data   RW         2688    .data               system_stm32l1xx.o
    0x20000045   0x00000004   Data   RW         2753    .data               usart.o
    0x20000049   0x00000002   Data   RW         2847    .data               timer.o
    0x2000004b   0x00000001   PAD
    0x2000004c   0x00000004   Data   RW         2915    .data               delay.o
    0x20000050   0x00000003   Data   RW         3020    .data               key.o
    0x20000053   0x00000001   PAD
    0x20000054   0x0000001e   Data   RW         3090    .data               bus.o
    0x20000072   0x00000002   PAD
    0x20000074   0x00000014   Data   RW         3286    .data               pressure_sensor.o
    0x20000088   0x00000014   Data   RW         3615    .data               eeprom.o
    0x2000009c   0x00000004   Data   RW         4037    .data               mc_w.l(stdout.o)
    0x200000a0   0x00000004   Data   RW         4052    .data               mc_w.l(mvars.o)
    0x200000a4   0x00000004   Data   RW         4053    .data               mc_w.l(mvars.o)
    0x200000a8   0x00000083   Zero   RW          298    .bss                bc95.o
    0x2000012b   0x0000012c   Zero   RW         2752    .bss                usart.o
    0x20000257   0x00000001   PAD
    0x20000258   0x000000d2   Zero   RW         3089    .bss                bus.o
    0x2000032a   0x00000036   Zero   RW         3285    .bss                pressure_sensor.o
    0x20000360   0x00000048   Zero   RW         3505    .bss                pressure_strain.o
    0x200003a8   0x0000002c   Zero   RW         4043    .bss                mc_w.l(localtime_w.o)
    0x200003d4   0x00000004   PAD
    0x200003d8   0x00000200   Zero   RW         2730    HEAP                startup_stm32l1xx_md.o
    0x200005d8   0x00000400   Zero   RW         2729    STACK               startup_stm32l1xx_md.o


==============================================================================

Image component sizes


      Code (inc. data)   RO Data    RW Data    ZI Data      Debug   Object Name

      2464        670          0          8        131       6060   bc95.o
      2354        306          0         30        210      19133   bus.o
       260         36          0          4          0       2311   delay.o
       588         70          0         20          0       4153   eeprom.o
        44          0          0          0          0       1020   iwdg.o
       456         32          0          3          0       2217   key.o
        72          6          0          0          0        499   led.o
       336         70          4          1          0     240727   main.o
       180         24          0          0          0     198329   misc.o
      1520        210          0         20         54      14032   pressure_sensor.o
      1038         96          0          0         72       7091   pressure_strain.o
        36          8        244          0       1536        908   startup_stm32l1xx_md.o
       518         14          0          0          0      18226   stm32l1xx_adc.o
       242          0          0          0          0      10220   stm32l1xx_gpio.o
        26          0          0          0          0       3770   stm32l1xx_it.o
        68         30          0          0          0       2750   stm32l1xx_iwdg.o
       448         56          0         25          0      15796   stm32l1xx_rcc.o
       178         20          0          0          0      21578   stm32l1xx_tim.o
       460          6          0          0          0      12491   stm32l1xx_usart.o
       376         30          0         29          0       3557   system_stm32l1xx.o
       532         52          0          2          0       2703   timer.o
       986         88          0          4        300       7075   usart.o

    ----------------------------------------------------------------------
     13216       1824        280        156       2304     594646   Object Totals
         0          0         32          0          0          0   (incl. Generated)
        34          0          0         10          1          0   (incl. Padding)

    ----------------------------------------------------------------------

      Code (inc. data)   RO Data    RW Data    ZI Data      Debug   Library Member Name

        56          8          0          0          0         84   __0sscanf.o
        28          0          0          0          0         68   _chval.o
       812          4          0          0          0        112   _scanf.o
       332          0          0          0          0         96   _scanf_int.o
        64          0          0          0          0         84   _sgetc.o
        40          6         64          0          0         68   ctype_c.o
         0          0          0          0          0          0   entry.o
         0          0          0          0          0          0   entry10a.o
         0          0          0          0          0          0   entry11a.o
         8          4          0          0          0          0   entry2.o
         4          0          0          0          0          0   entry5.o
         0          0          0          0          0          0   entry7b.o
         0          0          0          0          0          0   entry8b.o
         8          4          0          0          0          0   entry9a.o
        30          0          0          0          0          0   handlers.o
        36          8          0          0          0         68   init.o
        10          0          0          0          0         68   isspace_c.o
         0          0          0          0          0          0   iusefp.o
        30          0          0          0          0         68   llshl.o
        32          0          0          0          0         68   llushr.o
       140          6         12          0          0         76   localtime_i.o
        12          6          0          0         44         68   localtime_w.o
       188         20          0          0          0        160   malloc.o
        36          0          0          0          0        108   memseta.o
       168         18         12          0          0         80   mktime.o
         0          0          0          8          0          0   mvars.o
       246         10          0          0          0        176   printf2.o
        40          8          0          0          0         84   scanf_char.o
         0          0          0          4          0          0   stdout.o
        40          0          0          0          0         76   strncat.o
        36          0          0          0          0         80   strstr.o
        56          0          0          0          0         88   d2f.o
       222          0          0          0          0        100   ddiv.o
       186          0          0          0          0        176   depilogue.o
        26          0          0          0          0         76   dfltui.o
       228          0          0          0          0         96   dmul.o
       110          0          0          0          0        168   fepilogue.o
        40          0          0          0          0         68   ffixui.o
        10          0          0          0          0         68   ffltui.o
       100          0          0          0          0         76   fmul.o

    ----------------------------------------------------------------------
      3376        102         88         12         48       2608   Library Totals
         2          0          0          0          4          0   (incl. Padding)

    ----------------------------------------------------------------------

      Code (inc. data)   RO Data    RW Data    ZI Data      Debug   Library Name

      2396        102         88         12         44       1692   mc_w.l
       978          0          0          0          0        916   mf_w.l

    ----------------------------------------------------------------------
      3376        102         88         12         48       2608   Library Totals

    ----------------------------------------------------------------------

==============================================================================


      Code (inc. data)   RO Data    RW Data    ZI Data      Debug   

     16592       1926        368        168       2352     588618   Grand Totals
     16592       1926        368        168       2352     588618   ELF Image Totals
     16592       1926        368        168          0          0   ROM Totals

==============================================================================

    Total RO  Size (Code + RO Data)                16960 (  16.56kB)
    Total RW  Size (RW Data + ZI Data)              2520 (   2.46kB)
    Total ROM Size (Code + RO Data + RW Data)      17128 (  16.73kB)

==============================================================================

